Archive member included because of file (symbol)

source/lib_videoout_machikania.X.a(videoout.o)
                              build/pickit3/production/_ext/1248472724/editor.o (TVRAM)
source/lib_videoout_machikania.X.a(textvideolib.o)
                              build/pickit3/production/_ext/1248472724/editor.o (setcursor)
source/lib_videoout_machikania.X.a(graphvideolib.o)
                              build/pickit3/production/_ext/1248472724/library.o (g_pset)
source/ps2keyboard.X.a(ps2keyboard.o)
                              build/pickit3/production/_ext/1248472724/library.o (keytype)
source/libsdfsio.a(FSIO.o)    build/pickit3/production/_ext/1248472724/editor.o (FSInit)
source/libsdfsio.a(SD-SPI.o)  source/libsdfsio.a(FSIO.o) (MDD_SDSPI_InitIO)
/opt/microchip/xc32/v1.32/bin/bin/../../lib/gcc/pic32mx/4.5.2/../../../../pic32mx/lib/size/libmchp_peripheral_32MX150F128B.a(soft_reset_lib.o)
                              build/pickit3/production/_ext/1248472724/exception.o (SoftReset)
/opt/microchip/xc32/v1.32/bin/bin/../../lib/gcc/pic32mx/4.5.2/../../../../pic32mx/lib/size/libmchp_peripheral_32MX150F128B.a(osc_config_lib.o)
                              source/lib_videoout_machikania.X.a(videoout.o) (OSCConfig)
/opt/microchip/xc32/v1.32/bin/bin/../../lib/gcc/pic32mx/4.5.2/../../../../pic32mx/lib/size/libmchp_peripheral_32MX150F128B.a(int_disable_interrupts_lib.o)
                              /opt/microchip/xc32/v1.32/bin/bin/../../lib/gcc/pic32mx/4.5.2/../../../../pic32mx/lib/size/libmchp_peripheral_32MX150F128B.a(soft_reset_lib.o) (INTDisableInterrupts)
/opt/microchip/xc32/v1.32/bin/bin/../../lib/gcc/pic32mx/4.5.2/../../../../pic32mx/lib/size/libmchp_peripheral_32MX150F128B.a(int_restore_interrupts_lib.o)
                              /opt/microchip/xc32/v1.32/bin/bin/../../lib/gcc/pic32mx/4.5.2/../../../../pic32mx/lib/size/libmchp_peripheral_32MX150F128B.a(osc_config_lib.o) (INTRestoreInterrupts)
/opt/microchip/xc32/v1.32/bin/bin/../../lib/gcc/pic32mx/4.5.2/../../../../pic32mx/lib/size/libmchp_peripheral_32MX150F128B.a(int_enable_mv_int_lib.o)
                              source/lib_videoout_machikania.X.a(videoout.o) (INTEnableSystemMultiVectoredInt)
/opt/microchip/xc32/v1.32/bin/bin/../../lib/gcc/pic32mx/4.5.2/../../../../pic32mx/lib/size/libmchp_peripheral_32MX150F128B.a(spi_getc_spi2_lib_legacy.o)
                              source/libsdfsio.a(SD-SPI.o) (getcSPI2)
/opt/microchip/xc32/v1.32/bin/bin/../../lib/gcc/pic32mx/4.5.2/../../../../pic32mx/lib/size/libmchp_peripheral_32MX150F128B.a(spi_open_spi2_lib_legacy.o)
                              source/libsdfsio.a(SD-SPI.o) (OpenSPI2)
/opt/microchip/xc32/v1.32/bin/bin/../../lib/gcc/pic32mx/4.5.2/../../../../pic32mx/lib/size/libmchp_peripheral_32MX150F128B.a(spi_brg_tbl_lib_legacy.o)
                              /opt/microchip/xc32/v1.32/bin/bin/../../lib/gcc/pic32mx/4.5.2/../../../../pic32mx/lib/size/libmchp_peripheral_32MX150F128B.a(spi_open_spi2_lib_legacy.o) (_SpiBrgConvTbl)
/opt/microchip/xc32/v1.32/bin/bin/../../lib/gcc/pic32mx/4.5.2/../../../../pic32mx/lib/size/libmchp_peripheral_32MX150F128B.a(nvm_write_word_lib.o)
                              build/pickit3/production/_ext/1248472724/main.o (NVMWriteWord)
/opt/microchip/xc32/v1.32/bin/bin/../../lib/gcc/pic32mx/4.5.2/../../../../pic32mx/lib/size/libmchp_peripheral_32MX150F128B.a(int_enable_interrupts_lib.o)
                              /opt/microchip/xc32/v1.32/bin/bin/../../lib/gcc/pic32mx/4.5.2/../../../../pic32mx/lib/size/libmchp_peripheral_32MX150F128B.a(int_enable_mv_int_lib.o) (INTEnableInterrupts)
/opt/microchip/xc32/v1.32/bin/bin/../../lib/gcc/pic32mx/4.5.2/../../../../pic32mx/lib/size/libmchp_peripheral_32MX150F128B.a(nvm_operation_lib.o)
                              /opt/microchip/xc32/v1.32/bin/bin/../../lib/gcc/pic32mx/4.5.2/../../../../pic32mx/lib/size/libmchp_peripheral_32MX150F128B.a(nvm_write_word_lib.o) (_NVMOperation)
/opt/microchip/xc32/v1.32/bin/bin/../../lib/gcc/pic32mx/4.5.2/../../../../pic32mx/lib/size/libm.a(fp32div.o)
                              build/pickit3/production/_ext/1248472724/operator.o (__divsf3)
/opt/microchip/xc32/v1.32/bin/bin/../../lib/gcc/pic32mx/4.5.2/../../../../pic32mx/lib/size/libm.a(fp32mul.o)
                              build/pickit3/production/_ext/1248472724/operator.o (__mulsf3)
/opt/microchip/xc32/v1.32/bin/bin/../../lib/gcc/pic32mx/4.5.2/../../../../pic32mx/lib/size/libm.a(fp32subadd.o)
                              build/pickit3/production/_ext/1248472724/operator.o (__subsf3)
/opt/microchip/xc32/v1.32/bin/bin/../../lib/gcc/pic32mx/4.5.2/../../../../pic32mx/lib/size/libm.a(fpatan.o)
                              build/pickit3/production/_ext/1248472724/library.o (atanf)
/opt/microchip/xc32/v1.32/bin/bin/../../lib/gcc/pic32mx/4.5.2/../../../../pic32mx/lib/size/libm.a(fpceil32.o)
                              build/pickit3/production/_ext/1248472724/library.o (ceilf)
[...]
Memory Configuration

Name             Origin             Length             Attributes
kseg0_program_mem 0x9d007490         0x00038b70         xr
exception_mem    0x9d006000         0x00001000
debug_exec_mem   0x9fc00490         0x00000760
kseg0_boot_mem   0x9d006000         0x00000000
kseg1_boot_mem   0x9d007000         0x00000490
config3          0xbfc00bf0         0x00000004
config2          0xbfc00bf4         0x00000004
config1          0xbfc00bf8         0x00000004
config0          0xbfc00bfc         0x00000004
kseg1_data_mem   0xa0000000         0x00010000         w !x
sfrs             0xbf800000         0x00100000
configsfrs       0xbfc00bf0         0x00000010
*default*        0x00000000         0xffffffff

Linker script and memory map

LOAD build/pickit3/production/_ext/1248472724/compiler.o
LOAD build/pickit3/production/_ext/1248472724/debug.o
LOAD build/pickit3/production/_ext/1248472724/document.o
LOAD build/pickit3/production/_ext/1248472724/editor.o
LOAD build/pickit3/production/_ext/1248472724/error.o
LOAD build/pickit3/production/_ext/1248472724/exception.o
LOAD build/pickit3/production/_ext/1248472724/file.o
LOAD build/pickit3/production/_ext/1248472724/float.o
LOAD build/pickit3/production/_ext/1248472724/function.o
LOAD build/pickit3/production/_ext/1248472724/globalvars.o
LOAD build/pickit3/production/_ext/1248472724/keyinput.o
LOAD build/pickit3/production/_ext/1248472724/library.o
LOAD build/pickit3/production/_ext/1248472724/linker.o
LOAD build/pickit3/production/_ext/1248472724/main.o
LOAD build/pickit3/production/_ext/1248472724/memory.o
LOAD build/pickit3/production/_ext/1248472724/music.o
LOAD build/pickit3/production/_ext/1248472724/operator.o
LOAD build/pickit3/production/_ext/1248472724/run.o
LOAD build/pickit3/production/_ext/1248472724/statement.o
LOAD build/pickit3/production/_ext/1248472724/string.o
LOAD build/pickit3/production/_ext/1248472724/value.o
LOAD build/pickit3/production/_ext/618058229/crt0.o
LOAD build/pickit3/production/_ext/618058229/fontx2.o
LOAD source/lib_videoout_machikania.X.a
LOAD source/ps2keyboard.X.a
LOAD source/libsdfsio.a
                0x00000001                __MPLAB_BUILD = 0x1
                0x00000400                PROVIDE (_min_stack_size, 0x400)
LOAD /opt/microchip/xc32/v1.32/bin/bin/../../lib/gcc/pic32mx/4.5.2/../../../../pic32mx/lib/./proc/32MX270F256B/processor.o
START GROUP
LOAD /opt/microchip/xc32/v1.32/bin/bin/../../lib/gcc/pic32mx/4.5.2/../../../../pic32mx/lib/size/libmchp_peripheral.a
END GROUP
START GROUP
LOAD /opt/microchip/xc32/v1.32/bin/bin/../../lib/gcc/pic32mx/4.5.2/../../../../pic32mx/lib/size/libmchp_peripheral_32MX150F128B.a
END GROUP
                0x00000001                PROVIDE (_vector_spacing, 0x1)
                0x9d006000                _ebase_address = 0x9d006000
                0x9d007000                _RESET_ADDR = 0x9d007000
                0x9d007380                _BEV_EXCPT_ADDR = 0x9d007380
                0x9d007480                _DBG_EXCPT_ADDR = 0x9d007480
                0x9fc00490                _DBG_CODE_ADDR = 0x9fc00490
                0x00000760                _DBG_CODE_SIZE = 0x760
                0x9d006180                _GEN_EXCPT_ADDR = (_ebase_address + 0x180)

.config_BFC00BF0
                0xbfc00bf0        0x4
 *(.config_BFC00BF0)
 .config_BFC00BF0
                0xbfc00bf0        0x4 build/pickit3/production/_ext/1248472724/main.o

.config_BFC00BF4
                0xbfc00bf4        0x4
 *(.config_BFC00BF4)
 .config_BFC00BF4
                0xbfc00bf4        0x4 build/pickit3/production/_ext/1248472724/main.o

.config_BFC00BF8
                0xbfc00bf8        0x4
 *(.config_BFC00BF8)
 .config_BFC00BF8
                0xbfc00bf8        0x4 build/pickit3/production/_ext/1248472724/main.o

.config_BFC00BFC
                0xbfc00bfc        0x4
 *(.config_BFC00BFC)
 .config_BFC00BFC
                0xbfc00bfc        0x4 build/pickit3/production/_ext/1248472724/main.o

.reset          0x9d007000      0x1e8
 *(.reset)
 .reset         0x9d007000      0x1e8 build/pickit3/production/_ext/618058229/crt0.o
                0x9d007000                _reset
 *(.reset.startup)

.bev_excpt      0x9d007380       0x10
 *(.bev_handler)
 .bev_handler   0x9d007380       0x10 build/pickit3/production/_ext/618058229/crt0.o

.dbg_excpt      0x9d007480        0x0
                0x9d007480                . = (. + DEFINED (_DEBUGGER)?0x8:0x0)

.dbg_code       0x9fc00490        0x0
                0x9fc00490                . = (. + DEFINED (_DEBUGGER)?_DBG_CODE_SIZE:0x0)

.app_excpt      0x9d006180       0x10
 *(.gen_handler)
 .gen_handler   0x9d006180       0x10 build/pickit3/production/_ext/618058229/crt0.o

.vector_0       0x9d006200        0x0
 *(.vector_0)
                0x00000001                ASSERT (((_vector_spacing == 0x0) || (SIZEOF (.vector_0) <= (_vector_spacing << 0x5))), function at exception vector 0 too large)

.vector_1       0x9d006220        0x0
 *(.vector_1)
                0x00000001                ASSERT (((_vector_spacing == 0x0) || (SIZEOF (.vector_1) <= (_vector_spacing << 0x5))), function at exception vector 1 too large)

.vector_2       0x9d006240        0x0
 *(.vector_2)
                0x00000001                ASSERT (((_vector_spacing == 0x0) || (SIZEOF (.vector_2) <= (_vector_spacing << 0x5))), function at exception vector 2 too large)

.vector_3       0x9d006260        0x0
 *(.vector_3)
                0x00000001                ASSERT (((_vector_spacing == 0x0) || (SIZEOF (.vector_3) <= (_vector_spacing << 0x5))), function at exception vector 3 too large)

.vector_4       0x9d006280        0x0
 *(.vector_4)
                0x00000001                ASSERT (((_vector_spacing == 0x0) || (SIZEOF (.vector_4) <= (_vector_spacing << 0x5))), function at exception vector 4 too large)

.vector_5       0x9d0062a0        0x0
 *(.vector_5)
                0x00000001                ASSERT (((_vector_spacing == 0x0) || (SIZEOF (.vector_5) <= (_vector_spacing << 0x5))), function at exception vector 5 too large)

.vector_6       0x9d0062c0        0x8
 *(.vector_6)
 .vector_6      0x9d0062c0        0x8 source/lib_videoout_machikania.X.a(videoout.o)
                0x9d0062c0                __vector_dispatch_6
                0x00000001                ASSERT (((_vector_spacing == 0x0) || (SIZEOF (.vector_6) <= (_vector_spacing << 0x5))), function at exception vector 6 too large)

.vector_7       0x9d0062e0        0x0
 *(.vector_7)
                0x00000001                ASSERT (((_vector_spacing == 0x0) || (SIZEOF (.vector_7) <= (_vector_spacing << 0x5))), function at exception vector 7 too large)

.vector_8       0x9d006300        0x8
 *(.vector_8)
 .vector_8      0x9d006300        0x8 source/lib_videoout_machikania.X.a(videoout.o)
                0x9d006300                __vector_dispatch_8
                0x00000001                ASSERT (((_vector_spacing == 0x0) || (SIZEOF (.vector_8) <= (_vector_spacing << 0x5))), function at exception vector 8 too large)

.vector_9       0x9d006320        0x0
 *(.vector_9)
                0x00000001                ASSERT (((_vector_spacing == 0x0) || (SIZEOF (.vector_9) <= (_vector_spacing << 0x5))), function at exception vector 9 too large)

.vector_10      0x9d006340        0x8
 *(.vector_10)
 .vector_10     0x9d006340        0x8 source/lib_videoout_machikania.X.a(videoout.o)
                0x9d006340                __vector_dispatch_10
                0x00000001                ASSERT (((_vector_spacing == 0x0) || (SIZEOF (.vector_10) <= (_vector_spacing << 0x5))), function at exception vector 10 too large)

.vector_11      0x9d006360        0x0
 *(.vector_11)
                0x00000001                ASSERT (((_vector_spacing == 0x0) || (SIZEOF (.vector_11) <= (_vector_spacing << 0x5))), function at exception vector 11 too large)

.vector_12      0x9d006380        0x0
 *(.vector_12)
                0x00000001                ASSERT (((_vector_spacing == 0x0) || (SIZEOF (.vector_12) <= (_vector_spacing << 0x5))), function at exception vector 12 too large)

.vector_13      0x9d0063a0        0x0
 *(.vector_13)
                0x00000001                ASSERT (((_vector_spacing == 0x0) || (SIZEOF (.vector_13) <= (_vector_spacing << 0x5))), function at exception vector 13 too large)

.vector_14      0x9d0063c0        0x8
 *(.vector_14)
 .vector_14     0x9d0063c0        0x8 source/lib_videoout_machikania.X.a(videoout.o)
                0x9d0063c0                __vector_dispatch_14
                0x00000001                ASSERT (((_vector_spacing == 0x0) || (SIZEOF (.vector_14) <= (_vector_spacing << 0x5))), function at exception vector 14 too large)

.vector_15      0x9d0063e0        0x0
 *(.vector_15)
                0x00000001                ASSERT (((_vector_spacing == 0x0) || (SIZEOF (.vector_15) <= (_vector_spacing << 0x5))), function at exception vector 15 too large)

.vector_16      0x9d006400        0x8
 *(.vector_16)
 .vector_16     0x9d006400        0x8 build/pickit3/production/_ext/1248472724/music.o
                0x9d006400                __vector_dispatch_16
                0x00000001                ASSERT (((_vector_spacing == 0x0) || (SIZEOF (.vector_16) <= (_vector_spacing << 0x5))), function at exception vector 16 too large)

.vector_17      0x9d006420        0x0
 *(.vector_17)
                0x00000001                ASSERT (((_vector_spacing == 0x0) || (SIZEOF (.vector_17) <= (_vector_spacing << 0x5))), function at exception vector 17 too large)

.vector_18      0x9d006440        0x0
 *(.vector_18)
                0x00000001                ASSERT (((_vector_spacing == 0x0) || (SIZEOF (.vector_18) <= (_vector_spacing << 0x5))), function at exception vector 18 too large)

.vector_19      0x9d006460        0x0
 *(.vector_19)
                0x00000001                ASSERT (((_vector_spacing == 0x0) || (SIZEOF (.vector_19) <= (_vector_spacing << 0x5))), function at exception vector 19 too large)

.vector_20      0x9d006480        0x8
 *(.vector_20)
 .vector_20     0x9d006480        0x8 source/ps2keyboard.X.a(ps2keyboard.o)
                0x9d006480                __vector_dispatch_20
                0x00000001                ASSERT (((_vector_spacing == 0x0) || (SIZEOF (.vector_20) <= (_vector_spacing << 0x5))), function at exception vector 20 too large)

.vector_21      0x9d0064a0        0x0
 *(.vector_21)
                0x00000001                ASSERT (((_vector_spacing == 0x0) || (SIZEOF (.vector_21) <= (_vector_spacing << 0x5))), function at exception vector 21 too large)

.vector_22      0x9d0064c0        0x0
 *(.vector_22)
                0x00000001                ASSERT (((_vector_spacing == 0x0) || (SIZEOF (.vector_22) <= (_vector_spacing << 0x5))), function at exception vector 22 too large)

.vector_23      0x9d0064e0        0x0
 *(.vector_23)
                0x00000001                ASSERT (((_vector_spacing == 0x0) || (SIZEOF (.vector_23) <= (_vector_spacing << 0x5))), function at exception vector 23 too large)

.vector_24      0x9d006500        0x0
 *(.vector_24)
                0x00000001                ASSERT (((_vector_spacing == 0x0) || (SIZEOF (.vector_24) <= (_vector_spacing << 0x5))), function at exception vector 24 too large)

.vector_25      0x9d006520        0x0
 *(.vector_25)
                0x00000001                ASSERT (((_vector_spacing == 0x0) || (SIZEOF (.vector_25) <= (_vector_spacing << 0x5))), function at exception vector 25 too large)

.vector_26      0x9d006540        0x0
 *(.vector_26)
                0x00000001                ASSERT (((_vector_spacing == 0x0) || (SIZEOF (.vector_26) <= (_vector_spacing << 0x5))), function at exception vector 26 too large)

.vector_27      0x9d006560        0x0
 *(.vector_27)
                0x00000001                ASSERT (((_vector_spacing == 0x0) || (SIZEOF (.vector_27) <= (_vector_spacing << 0x5))), function at exception vector 27 too large)

.vector_28      0x9d006580        0x0
 *(.vector_28)
                0x00000001                ASSERT (((_vector_spacing == 0x0) || (SIZEOF (.vector_28) <= (_vector_spacing << 0x5))), function at exception vector 28 too large)

.vector_29      0x9d0065a0        0x0
 *(.vector_29)
                0x00000001                ASSERT (((_vector_spacing == 0x0) || (SIZEOF (.vector_29) <= (_vector_spacing << 0x5))), function at exception vector 29 too large)

.vector_30      0x9d0065c0        0x0
 *(.vector_30)
                0x00000001                ASSERT (((_vector_spacing == 0x0) || (SIZEOF (.vector_30) <= (_vector_spacing << 0x5))), function at exception vector 30 too large)

.vector_31      0x9d0065e0        0x0
 *(.vector_31)
                0x00000001                ASSERT (((_vector_spacing == 0x0) || (SIZEOF (.vector_31) <= (_vector_spacing << 0x5))), function at exception vector 31 too large)

.vector_32      0x9d006600        0x0
 *(.vector_32)
                0x00000001                ASSERT (((_vector_spacing == 0x0) || (SIZEOF (.vector_32) <= (_vector_spacing << 0x5))), function at exception vector 32 too large)

.vector_33      0x9d006620        0x0
 *(.vector_33)
                0x00000001                ASSERT (((_vector_spacing == 0x0) || (SIZEOF (.vector_33) <= (_vector_spacing << 0x5))), function at exception vector 33 too large)

.vector_34      0x9d006640        0x8
 *(.vector_34)
 .vector_34     0x9d006640        0x8 source/ps2keyboard.X.a(ps2keyboard.o)
                0x9d006640                __vector_dispatch_34
                0x00000001                ASSERT (((_vector_spacing == 0x0) || (SIZEOF (.vector_34) <= (_vector_spacing << 0x5))), function at exception vector 34 too large)

.vector_35      0x9d006660        0x0
 *(.vector_35)
                0x00000001                ASSERT (((_vector_spacing == 0x0) || (SIZEOF (.vector_35) <= (_vector_spacing << 0x5))), function at exception vector 35 too large)

.vector_36      0x9d006680        0x0
 *(.vector_36)
                0x00000001                ASSERT (((_vector_spacing == 0x0) || (SIZEOF (.vector_36) <= (_vector_spacing << 0x5))), function at exception vector 36 too large)

.vector_37      0x9d0066a0        0x0
 *(.vector_37)
                0x00000001                ASSERT (((_vector_spacing == 0x0) || (SIZEOF (.vector_37) <= (_vector_spacing << 0x5))), function at exception vector 37 too large)

.vector_38      0x9d0066c0        0x0
 *(.vector_38)
                0x00000001                ASSERT (((_vector_spacing == 0x0) || (SIZEOF (.vector_38) <= (_vector_spacing << 0x5))), function at exception vector 38 too large)

.vector_39      0x9d0066e0        0x0
 *(.vector_39)
                0x00000001                ASSERT (((_vector_spacing == 0x0) || (SIZEOF (.vector_39) <= (_vector_spacing << 0x5))), function at exception vector 39 too large)

.vector_40      0x9d006700        0x0
 *(.vector_40)
                0x00000001                ASSERT (((_vector_spacing == 0x0) || (SIZEOF (.vector_40) <= (_vector_spacing << 0x5))), function at exception vector 40 too large)

.vector_41      0x9d006720        0x0
 *(.vector_41)
                0x00000001                ASSERT (((_vector_spacing == 0x0) || (SIZEOF (.vector_41) <= (_vector_spacing << 0x5))), function at exception vector 41 too large)

.vector_42      0x9d006740        0x0
 *(.vector_42)
                0x00000001                ASSERT (((_vector_spacing == 0x0) || (SIZEOF (.vector_42) <= (_vector_spacing << 0x5))), function at exception vector 42 too large)

.vector_43      0x9d006760        0x0
 *(.vector_43)
                0x00000001                ASSERT (((_vector_spacing == 0x0) || (SIZEOF (.vector_43) <= (_vector_spacing << 0x5))), function at exception vector 43 too large)

.vector_44      0x9d006780        0x0
 *(.vector_44)
                0x00000001                ASSERT (((_vector_spacing == 0x0) || (SIZEOF (.vector_44) <= (_vector_spacing << 0x5))), function at exception vector 44 too large)

.vector_45      0x9d0067a0        0x0
 *(.vector_45)
                0x00000001                ASSERT (((_vector_spacing == 0x0) || (SIZEOF (.vector_45) <= (_vector_spacing << 0x5))), function at exception vector 45 too large)

.vector_46      0x9d0067c0        0x0
 *(.vector_46)
                0x00000001                ASSERT (((_vector_spacing == 0x0) || (SIZEOF (.vector_46) <= (_vector_spacing << 0x5))), function at exception vector 46 too large)

.vector_47      0x9d0067e0        0x0
 *(.vector_47)
                0x00000001                ASSERT (((_vector_spacing == 0x0) || (SIZEOF (.vector_47) <= (_vector_spacing << 0x5))), function at exception vector 47 too large)

.vector_48      0x9d006800        0x0
 *(.vector_48)
                0x00000001                ASSERT (((_vector_spacing == 0x0) || (SIZEOF (.vector_48) <= (_vector_spacing << 0x5))), function at exception vector 48 too large)

.vector_49      0x9d006820        0x0
 *(.vector_49)
                0x00000001                ASSERT (((_vector_spacing == 0x0) || (SIZEOF (.vector_49) <= (_vector_spacing << 0x5))), function at exception vector 49 too large)

.vector_50      0x9d006840        0x0
 *(.vector_50)
                0x00000001                ASSERT (((_vector_spacing == 0x0) || (SIZEOF (.vector_50) <= (_vector_spacing << 0x5))), function at exception vector 50 too large)

.vector_51      0x9d006860        0x0
 *(.vector_51)
                0x00000001                ASSERT (((_vector_spacing == 0x0) || (SIZEOF (.vector_51) <= (_vector_spacing << 0x5))), function at exception vector 51 too large)

.vector_52      0x9d006880        0x0
 *(.vector_52)
                0x00000001                ASSERT (((_vector_spacing == 0x0) || (SIZEOF (.vector_52) <= (_vector_spacing << 0x5))), function at exception vector 52 too large)

.vector_53      0x9d0068a0        0x0
 *(.vector_53)
                0x00000001                ASSERT (((_vector_spacing == 0x0) || (SIZEOF (.vector_53) <= (_vector_spacing << 0x5))), function at exception vector 53 too large)

.vector_54      0x9d0068c0        0x0
 *(.vector_54)
                0x00000001                ASSERT (((_vector_spacing == 0x0) || (SIZEOF (.vector_54) <= (_vector_spacing << 0x5))), function at exception vector 54 too large)

.vector_55      0x9d0068e0        0x0
 *(.vector_55)
                0x00000001                ASSERT (((_vector_spacing == 0x0) || (SIZEOF (.vector_55) <= (_vector_spacing << 0x5))), function at exception vector 55 too large)

.vector_56      0x9d006900        0x0
 *(.vector_56)
                0x00000001                ASSERT (((_vector_spacing == 0x0) || (SIZEOF (.vector_56) <= (_vector_spacing << 0x5))), function at exception vector 56 too large)

.vector_57      0x9d006920        0x0
 *(.vector_57)
                0x00000001                ASSERT (((_vector_spacing == 0x0) || (SIZEOF (.vector_57) <= (_vector_spacing << 0x5))), function at exception vector 57 too large)

.vector_58      0x9d006940        0x0
 *(.vector_58)
                0x00000001                ASSERT (((_vector_spacing == 0x0) || (SIZEOF (.vector_58) <= (_vector_spacing << 0x5))), function at exception vector 58 too large)

.vector_59      0x9d006960        0x0
 *(.vector_59)
                0x00000001                ASSERT (((_vector_spacing == 0x0) || (SIZEOF (.vector_59) <= (_vector_spacing << 0x5))), function at exception vector 59 too large)

.vector_60      0x9d006980        0x0
 *(.vector_60)
                0x00000001                ASSERT (((_vector_spacing == 0x0) || (SIZEOF (.vector_60) <= (_vector_spacing << 0x5))), function at exception vector 60 too large)

.vector_61      0x9d0069a0        0x0
 *(.vector_61)
                0x00000001                ASSERT (((_vector_spacing == 0x0) || (SIZEOF (.vector_61) <= (_vector_spacing << 0x5))), function at exception vector 61 too large)

.vector_62      0x9d0069c0        0x0
 *(.vector_62)
                0x00000001                ASSERT (((_vector_spacing == 0x0) || (SIZEOF (.vector_62) <= (_vector_spacing << 0x5))), function at exception vector 62 too large)

.vector_63      0x9d0069e0        0x0
 *(.vector_63)
                0x00000001                ASSERT (((_vector_spacing == 0x0) || (SIZEOF (.vector_63) <= (_vector_spacing << 0x5))), function at exception vector 63 too large)

.startup
 *(.startup)

.text           0x9d007490        0x0
 *(.stub .gnu.linkonce.t.*)
 *(.text.*personality*)
 *(.mips16.fn.*)
 *(.mips16.call.*)
 *(.gnu.warning)
                0x9d007490                . = ALIGN (0x4)

.init           0x9d007490        0x0
 *crti.o(.init)
 *crtbegin.o(.init)
 *(EXCLUDE_FILE(*crtn.o *crtend?.o *crtend.o) .init)
 *crtend.o(.init)
 *crtn.o(.init)
                0x9d007490                . = ALIGN (0x4)

.fini           0x9d007490        0x0
 *(.fini)
                0x9d007490                . = ALIGN (0x4)

.preinit_array  0x9d007490        0x0
                0x9d007490                PROVIDE (__preinit_array_start, .)
 *(.preinit_array)
                0x9d007490                PROVIDE (__preinit_array_end, .)
                0x9d007490                . = ALIGN (0x4)

.init_array     0x9d007490        0x0
                0x9d007490                PROVIDE (__init_array_start, .)
 *(SORT(.init_array.*))
 *(.init_array)
                0x9d007490                PROVIDE (__init_array_end, .)
                0x9d007490                . = ALIGN (0x4)

.fini_array     0x9d007490        0x0
                0x9d007490                PROVIDE (__fini_array_start, .)
 *(SORT(.fini_array.*))
 *(.fini_array)
                0x9d007490                PROVIDE (__fini_array_end, .)
                0x9d007490                . = ALIGN (0x4)

.ctors          0x9d007490        0x0
 *crtbegin.o(.ctors)
 *crtbegin?.o(.ctors)
 *(EXCLUDE_FILE(*crtend?.o *crtend.o) .ctors)
 *(SORT(.ctors.*))
 *(.ctors)
                0x9d007490                . = ALIGN (0x4)

.dtors          0x9d007490        0x0
 *crtbegin.o(.dtors)
 *crtbegin?.o(.dtors)
 *(EXCLUDE_FILE(*crtend?.o *crtend.o) .dtors)
 *(SORT(.dtors.*))
 *(.dtors)
                0x9d007490                . = ALIGN (0x4)

.rodata         0x9d007490        0x0
 *(.gnu.linkonce.r.*)
 *(.rodata1)
                0x9d007490                . = ALIGN (0x4)

.sdata2         0x9d006000        0x0
 *(.sdata2 .sdata2.* .gnu.linkonce.s2.*)
                0x9d006000                . = ALIGN (0x4)

.sbss2          0x9d006000        0x0
 *(.sbss2 .sbss2.* .gnu.linkonce.sb2.*)
                0x9d006000                . = ALIGN (0x4)

.eh_frame_hdr
 *(.eh_frame_hdr)
                0x9d006000                . = ALIGN (0x4)

.eh_frame
 *(.eh_frame)
                0x9d006000                . = ALIGN (0x4)

.gcc_except_table
 *(.gcc_except_table .gcc_except_table.*)
                0x9d006000                . = ALIGN (0x4)

.dbg_data       0xa0000000        0x0
                0xa0000000                . = (. + DEFINED (_DEBUGGER)?0x200:0x0)

.jcr            0xa0000000        0x0
 *(.jcr)
                0xa0000000                . = ALIGN (0x4)

.eh_frame       0xa0000000       0x30
 *(.eh_frame)
 .eh_frame      0xa0000000       0x20 /opt/microchip/xc32/v1.32/bin/bin/../../lib/gcc/pic32mx/4.5.2/size/libgcc.a(_udivdi3.o)
 .eh_frame      0xa0000020       0x10 /opt/microchip/xc32/v1.32/bin/bin/../../lib/gcc/pic32mx/4.5.2/size/libgcc.a(_umoddi3.o)
                0xa0000030                . = ALIGN (0x4)

.gcc_except_table
 *(.gcc_except_table .gcc_except_table.*)
                0xa0000030                . = ALIGN (0x4)

.persist        0xa0000030        0x0
                0xa0000030                _persist_begin = .
 *(.persist .persist.*)
 *(.pbss .pbss.*)
                0xa0000030                . = ALIGN (0x4)
                0xa0000030                _persist_end = .

.data           0xa0000030        0x0
 *(.gnu.linkonce.d.*)
 *(.data1)
                0xa0000030                . = ALIGN (0x4)
                0xa0000030                . = .
                0xa0008020                _gp = (ALIGN (0x10) + 0x7ff0)

.got            0xa0000030        0x0
 *(.got.plt)
 *(.got)
                0xa0000030                . = ALIGN (0x4)

.sdata          0xa0000030       0x1c
                0xa0000030                _sdata_begin = .
 *(.sdata .sdata.* .gnu.linkonce.s.*)
 .sdata         0xa0000030        0x4 build/pickit3/production/_ext/1248472724/library.o
 .sdata         0xa0000034        0x1 build/pickit3/production/_ext/618058229/fontx2.o
                0xa0000034                ptpoint
 *fill*         0xa0000035        0x3 
 .sdata         0xa0000038        0xc source/libsdfsio.a(FSIO.o)
                0xa0000038                gLastFATSectorRead
                0xa000003c                gLastDataSectorRead
                0xa0000040                cwdptr
 .sdata         0xa0000044        0x4 /opt/microchip/xc32/v1.32/bin/bin/../../lib/gcc/pic32mx/4.5.2/../../../../pic32mx/lib/size/libc.a(_iob.o)
                0xa0000044                _Files
 .sdata         0xa0000048        0x4 /opt/microchip/xc32/v1.32/bin/bin/../../lib/gcc/pic32mx/4.5.2/../../../../pic32mx/lib/size/libpic32.a(xc32_uart.o)
                0xa0000048                __XC_UART
                0xa000004c                . = ALIGN (0x4)
                0xa000004c                _sdata_end = .

.lit8
 *(.lit8)

.lit4
 *(.lit4)
                0xa000004c                . = ALIGN (0x4)
                0xa000004c                _data_end = .
                0xa000004c                _bss_begin = .

.sbss           0xa000004c      0x220
                0xa000004c                _sbss_begin = .
 *(.dynsbss)
 *(.sbss .sbss.* .gnu.linkonce.sb.*)
 .sbss          0xa000004c        0x4 build/pickit3/production/_ext/1248472724/compiler.o
 .sbss          0xa0000050        0x8 build/pickit3/production/_ext/1248472724/error.o
 .sbss          0xa0000058       0x10 build/pickit3/production/_ext/1248472724/file.o
 .sbss          0xa0000068       0x18 build/pickit3/production/_ext/1248472724/library.o
 .sbss          0xa0000080       0x30 build/pickit3/production/_ext/1248472724/music.o
 .sbss          0xa00000b0        0xc source/libsdfsio.a(FSIO.o)
                0xa00000b0                gNeedFATWrite
                0xa00000b4                gBufferOwner
                0xa00000b8                gNeedDataWrite
                0xa00000b9                nextClusterIsLast
                0xa00000ba                gBufferZeroed
                0xa00000bb                recache
 .sbss          0xa00000bc       0x1c source/libsdfsio.a(SD-SPI.o)
 .sbss          0xa00000d8        0x4 /opt/microchip/xc32/v1.32/bin/bin/../../lib/gcc/pic32mx/4.5.2/../../../../pic32mx/lib/size/libpic32.a(errno.o)
                0xa00000d8                errno
 .sbss          0xa00000dc        0x1 /opt/microchip/xc32/v1.32/bin/bin/../../lib/gcc/pic32mx/4.5.2/../../../../pic32mx/lib/size/libc.a(_iob.o)
                0xa00000dc                _outdone
 *(.scommon)
 *fill*         0xa00000dd        0x3 
 .scommon       0xa00000e0        0x4 build/pickit3/production/_ext/1248472724/document.o
                0xa00000e0                buff
 .scommon       0xa00000e4       0x82 build/pickit3/production/_ext/1248472724/editor.o
                0xa00000e4                clipsize
                0xa00000e8                editormallocp
                0xa00000ec                cx2
                0xa00000f0                cwdpath
                0xa00000f4                clipboard
                0xa00000f8                disptopix_t
                0xa00000fc                cy
                0xa0000100                TBufstart
                0xa0000104                disptopbp_t
                0xa0000108                line_no_t
                0xa000010c                line_no1
                0xa0000110                cx
                0xa0000114                line_no
                0xa0000118                cx_t
                0xa000011c                TextBuffer
                0xa0000120                cursorbp_t
                0xa0000124                cursorbp1
                0xa0000128                cy_t
                0xa000012c                cursorbp
                0xa0000130                cx1
                0xa0000134                disptopix
                0xa0000138                undobuf_top
                0xa000013c                cursorix1
                0xa0000140                cy1
                0xa0000144                undobuf
                0xa0000148                num
                0xa000014c                cursorix_t
                0xa0000150                filenames
                0xa0000154                disptopbp
                0xa0000158                edited
                0xa000015c                undobuf_used
                0xa0000160                filebuf
                0xa0000164                cursorix
 *fill*         0xa0000166        0x2 
 .scommon       0xa0000168       0x61 build/pickit3/production/_ext/1248472724/globalvars.o
                0xa0000168                g_sdepth
                0xa000016c                g_temp_area_used
                0xa0000170                g_source
                0xa0000174                g_srcpos
                0xa0000178                g_line
                0xa000017c                g_object
                0xa0000180                g_fileline
                0xa0000184                g_s6
                0xa0000188                g_rnd_seed
                0xa000018c                g_graphic_area
                0xa0000190                g_objmax
                0xa0000194                g_use_graphic
                0xa0000198                g_libparams
                0xa000019c                g_intconst
                0xa00001a0                g_objpos
                0xa00001a4                g_maxsdepth
                0xa00001a8                g_pcg_font
                0xa00001ac                g_heap_mem
                0xa00001b0                g_lastvar
                0xa00001b4                g_max_mem
                0xa00001b8                g_disable_break
                0xa00001bc                g_end_addr
                0xa00001c0                g_temp
                0xa00001c4                g_gp
                0xa00001c8                g_valueisconst
 *fill*         0xa00001c9        0x3 
 .scommon       0xa00001cc        0xa build/pickit3/production/_ext/1248472724/keyinput.o
                0xa00001cc                blinktimer
                0xa00001d0                insertmode
                0xa00001d4                blinkcolor
                0xa00001d5                blinkchar
 *fill*         0xa00001d6        0x2 
 .scommon       0xa00001d8        0x4 build/pickit3/production/_ext/1248472724/linker.o
                0xa00001d8                g_label
 .scommon       0xa00001dc        0x4 build/pickit3/production/_ext/1248472724/operator.o
                0xa00001dc                g_last_op
 .scommon       0xa00001e0        0x4 build/pickit3/production/_ext/618058229/fontx2.o
                0xa00001e0                pcgram
 .scommon       0xa00001e4       0x1c source/lib_videoout_machikania.X.a(videoout.o)
                0xa00001e4                drawcount
                0xa00001e8                VRAMp
                0xa00001ec                bgcolor
                0xa00001f0                twidth
                0xa00001f1                graphmode
                0xa00001f2                LineCount
                0xa00001f4                drawing
                0xa00001f8                gVRAM
                0xa00001fc                fontp
 .scommon       0xa0000200        0x8 source/lib_videoout_machikania.X.a(textvideolib.o)
                0xa0000200                cursorcolor
                0xa0000204                cursor
 .scommon       0xa0000208       0x38 source/ps2keyboard.X.a(ps2keyboard.o)
                0xa0000208                ps2receiveError
                0xa0000209                ps2sendError
                0xa000020a                keytype
                0xa000020c                ps2sendcomdata
                0xa0000210                ps2sending
                0xa0000211                ps2receivecommand
                0xa0000212                ps2status
                0xa0000214                ps2shiftkey_a
                0xa0000216                senddata
                0xa0000218                ps2sendcombyte
                0xa0000219                sendcount
                0xa000021a                ps2shiftkey
                0xa000021c                ps2receivetime
                0xa0000220                vkey
                0xa0000224                keycodebufp2
                0xa0000228                receivedata
                0xa0000229                ps2receivecommandflag
                0xa000022a                receivecount
                0xa000022c                ps2statuscount
                0xa0000230                scancodebufp2
                0xa0000234                lockkey
                0xa0000238                scancodebufp1
                0xa000023c                keycodebufp1
 .scommon       0xa0000240       0x24 source/libsdfsio.a(FSIO.o)
                0xa0000240                gFileSlotOpen
                0xa0000242                gTimeCrtMS
                0xa0000244                asciiFilename
                0xa0000248                gTimeCrtTime
                0xa000024c                FatRootDirClusterValue
                0xa0000250                gTimeWrtDate
                0xa0000252                fileNameLength
                0xa0000254                gTimeCrtDate
                0xa0000258                TempClusterCalc
                0xa000025c                dirCleared
                0xa000025e                gTimeAccDate
                0xa0000260                FSerrno
                0xa0000262                gTimeWrtTime
 .scommon       0xa0000264        0x7 source/libsdfsio.a(SD-SPI.o)
                0xa0000264                MDD_SDSPI_finalLBA
                0xa0000268                gMediaSectorSize
                0xa000026a                gSDMode
                0xa000026b                _sbss_end = .
                0xa000026c                . = ALIGN (0x4)
 *fill*         0xa000026b        0x1 

.bss            0xa000026c     0x16b4
 *(.dynbss)
 *(COMMON)
 COMMON         0xa000026c       0x1d build/pickit3/production/_ext/1248472724/editor.o
                0xa000026c                currentfile
                0xa000027c                tempfile
 *fill*         0xa0000289        0x3 
 COMMON         0xa000028c      0x180 build/pickit3/production/_ext/1248472724/globalvars.o
                0xa000028c                g_var_size
                0xa00002ec                g_var_mem
                0xa00003ac                g_var_pointer
 COMMON         0xa000040c      0x100 build/pickit3/production/_ext/1248472724/keyinput.o
                0xa000040c                lineinputbuf
 COMMON         0xa000050c      0xd71 source/lib_videoout_machikania.X.a(videoout.o)
                0xa000050c                ClTable
                0xa000090c                gClTable
                0xa0000a0c                TVRAM
 *fill*         0xa000127d        0x3 
 COMMON         0xa0001280      0x130 source/ps2keyboard.X.a(ps2keyboard.o)
                0xa0001280                scancodebuf
                0xa0001290                keycodebuf
                0xa00012b0                ps2keystatus
 COMMON         0xa00013b0      0x56e source/libsdfsio.a(FSIO.o)
                0xa00013b0                gDataBuffer
                0xa00015b0                tempDirectoryString
                0xa00015c0                cwd
                0xa00015fc                tempCWDobj
                0xa0001638                gFATBuffer
                0xa0001838                gFileArray
                0xa00018b0                gDiskData
                0xa00018d8                gFileTemp
                0xa0001914                defaultArray
                0xa0001920                . = ALIGN ((. != 0x0)?0x4:0x1)
 *fill*         0xa000191e        0x2 
                0xa0001920                . = ALIGN (0x4)
                0xa0001920                _end = .
                0xa0001920                _bss_end = .
                0x00010000                _bmxdudba_address = 0x10000
                0x00010000                _bmxdupba_address = 0x10000

/DISCARD/
 *(.pdr)
 *(.rel.dyn)
 *(.note.GNU-stack)
 *(.note.GNU-stack)
 *(.gnu_debuglink)
 *(.gnu.lto_*)
 *(.discard)

.gptab.sdata
 *(.gptab.data)
 *(.gptab.sdata)

.gptab.sbss
 *(.gptab.bss)
 *(.gptab.sbss)

.mdebug.abi32   0xa0001920        0x0
 *(.mdebug.abi32)
 .mdebug.abi32  0xa0001920        0x0 build/pickit3/production/_ext/1248472724/compiler.o
 .mdebug.abi32  0xa0001920        0x0 build/pickit3/production/_ext/1248472724/debug.o
 .mdebug.abi32  0xa0001920        0x0 build/pickit3/production/_ext/1248472724/document.o
 .mdebug.abi32  0xa0001920        0x0 build/pickit3/production/_ext/1248472724/editor.o
 .mdebug.abi32  0xa0001920        0x0 build/pickit3/production/_ext/1248472724/error.o
 .mdebug.abi32  0xa0001920        0x0 build/pickit3/production/_ext/1248472724/exception.o
 .mdebug.abi32  0xa0001920        0x0 build/pickit3/production/_ext/1248472724/file.o
 .mdebug.abi32  0xa0001920        0x0 build/pickit3/production/_ext/1248472724/float.o
 .mdebug.abi32  0xa0001920        0x0 build/pickit3/production/_ext/1248472724/function.o
 .mdebug.abi32  0xa0001920        0x0 build/pickit3/production/_ext/1248472724/globalvars.o
 .mdebug.abi32  0xa0001920        0x0 build/pickit3/production/_ext/1248472724/keyinput.o
 .mdebug.abi32  0xa0001920        0x0 build/pickit3/production/_ext/1248472724/library.o
 .mdebug.abi32  0xa0001920        0x0 build/pickit3/production/_ext/1248472724/linker.o
 .mdebug.abi32  0xa0001920        0x0 build/pickit3/production/_ext/1248472724/main.o
 .mdebug.abi32  0xa0001920        0x0 build/pickit3/production/_ext/1248472724/memory.o
 .mdebug.abi32  0xa0001920        0x0 build/pickit3/production/_ext/1248472724/music.o
 .mdebug.abi32  0xa0001920        0x0 build/pickit3/production/_ext/1248472724/operator.o
 .mdebug.abi32  0xa0001920        0x0 build/pickit3/production/_ext/1248472724/run.o
 .mdebug.abi32  0xa0001920        0x0 build/pickit3/production/_ext/1248472724/statement.o
 .mdebug.abi32  0xa0001920        0x0 build/pickit3/production/_ext/1248472724/string.o
 .mdebug.abi32  0xa0001920        0x0 build/pickit3/production/_ext/1248472724/value.o
 .mdebug.abi32  0xa0001920        0x0 build/pickit3/production/_ext/618058229/fontx2.o
 .mdebug.abi32  0xa0001920        0x0 source/lib_videoout_machikania.X.a(videoout.o)
 .mdebug.abi32  0xa0001920        0x0 source/lib_videoout_machikania.X.a(textvideolib.o)
 .mdebug.abi32  0xa0001920        0x0 source/lib_videoout_machikania.X.a(graphvideolib.o)
 .mdebug.abi32  0xa0001920        0x0 source/ps2keyboard.X.a(ps2keyboard.o)
 .mdebug.abi32  0xa0001920        0x0 source/libsdfsio.a(FSIO.o)
 .mdebug.abi32  0xa0001920        0x0 source/libsdfsio.a(SD-SPI.o)
 .mdebug.abi32  0xa0001920        0x0 /opt/microchip/xc32/v1.32/bin/bin/../../lib/gcc/pic32mx/4.5.2/../../../../pic32mx/lib/size/libmchp_peripheral_32MX150F128B.a(soft_reset_lib.o)
 .mdebug.abi32  0xa0001920        0x0 /opt/microchip/xc32/v1.32/bin/bin/../../lib/gcc/pic32mx/4.5.2/../../../../pic32mx/lib/size/libmchp_peripheral_32MX150F128B.a(osc_config_lib.o)
 .mdebug.abi32  0xa0001920        0x0 /opt/microchip/xc32/v1.32/bin/bin/../../lib/gcc/pic32mx/4.5.2/../../../../pic32mx/lib/size/libmchp_peripheral_32MX150F128B.a(int_disable_interrupts_lib.o)
 .mdebug.abi32  0xa0001920        0x0 /opt/microchip/xc32/v1.32/bin/bin/../../lib/gcc/pic32mx/4.5.2/../../../../pic32mx/lib/size/libmchp_peripheral_32MX150F128B.a(int_restore_interrupts_lib.o)
 .mdebug.abi32  0xa0001920        0x0 /opt/microchip/xc32/v1.32/bin/bin/../../lib/gcc/pic32mx/4.5.2/../../../../pic32mx/lib/size/libmchp_peripheral_32MX150F128B.a(int_enable_mv_int_lib.o)
 .mdebug.abi32  0xa0001920        0x0 /opt/microchip/xc32/v1.32/bin/bin/../../lib/gcc/pic32mx/4.5.2/../../../../pic32mx/lib/size/libmchp_peripheral_32MX150F128B.a(spi_getc_spi2_lib_legacy.o)
 .mdebug.abi32  0xa0001920        0x0 /opt/microchip/xc32/v1.32/bin/bin/../../lib/gcc/pic32mx/4.5.2/../../../../pic32mx/lib/size/libmchp_peripheral_32MX150F128B.a(spi_open_spi2_lib_legacy.o)
 .mdebug.abi32  0xa0001920        0x0 /opt/microchip/xc32/v1.32/bin/bin/../../lib/gcc/pic32mx/4.5.2/../../../../pic32mx/lib/size/libmchp_peripheral_32MX150F128B.a(spi_brg_tbl_lib_legacy.o)
 .mdebug.abi32  0xa0001920        0x0 /opt/microchip/xc32/v1.32/bin/bin/../../lib/gcc/pic32mx/4.5.2/../../../../pic32mx/lib/size/libmchp_peripheral_32MX150F128B.a(nvm_write_word_lib.o)
 .mdebug.abi32  0xa0001920        0x0 /opt/microchip/xc32/v1.32/bin/bin/../../lib/gcc/pic32mx/4.5.2/../../../../pic32mx/lib/size/libmchp_peripheral_32MX150F128B.a(int_enable_interrupts_lib.o)
 .mdebug.abi32  0xa0001920        0x0 /opt/microchip/xc32/v1.32/bin/bin/../../lib/gcc/pic32mx/4.5.2/../../../../pic32mx/lib/size/libmchp_peripheral_32MX150F128B.a(nvm_operation_lib.o)
 .mdebug.abi32  0xa0001920        0x0 /opt/microchip/xc32/v1.32/bin/bin/../../lib/gcc/pic32mx/4.5.2/../../../../pic32mx/lib/size/libm.a(w_acosf.o)
 .mdebug.abi32  0xa0001920        0x0 /opt/microchip/xc32/v1.32/bin/bin/../../lib/gcc/pic32mx/4.5.2/../../../../pic32mx/lib/size/libm.a(w_asinf.o)
 .mdebug.abi32  0xa0001920        0x0 /opt/microchip/xc32/v1.32/bin/bin/../../lib/gcc/pic32mx/4.5.2/../../../../pic32mx/lib/size/libm.a(w_atan2f.o)
 .mdebug.abi32  0xa0001920        0x0 /opt/microchip/xc32/v1.32/bin/bin/../../lib/gcc/pic32mx/4.5.2/../../../../pic32mx/lib/size/libm.a(w_coshf.o)
 .mdebug.abi32  0xa0001920        0x0 /opt/microchip/xc32/v1.32/bin/bin/../../lib/gcc/pic32mx/4.5.2/../../../../pic32mx/lib/size/libm.a(w_expf.o)
 .mdebug.abi32  0xa0001920        0x0 /opt/microchip/xc32/v1.32/bin/bin/../../lib/gcc/pic32mx/4.5.2/../../../../pic32mx/lib/size/libm.a(w_log10f.o)
 .mdebug.abi32  0xa0001920        0x0 /opt/microchip/xc32/v1.32/bin/bin/../../lib/gcc/pic32mx/4.5.2/../../../../pic32mx/lib/size/libm.a(w_logf.o)
 .mdebug.abi32  0xa0001920        0x0 /opt/microchip/xc32/v1.32/bin/bin/../../lib/gcc/pic32mx/4.5.2/../../../../pic32mx/lib/size/libm.a(w_powf.o)
 .mdebug.abi32  0xa0001920        0x0 /opt/microchip/xc32/v1.32/bin/bin/../../lib/gcc/pic32mx/4.5.2/../../../../pic32mx/lib/size/libm.a(w_sinhf.o)
 .mdebug.abi32  0xa0001920        0x0 /opt/microchip/xc32/v1.32/bin/bin/../../lib/gcc/pic32mx/4.5.2/../../../../pic32mx/lib/size/libm.a(w_sqrtf.o)
 .mdebug.abi32  0xa0001920        0x0 /opt/microchip/xc32/v1.32/bin/bin/../../lib/gcc/pic32mx/4.5.2/../../../../pic32mx/lib/size/libm.a(support.o)
 .mdebug.abi32  0xa0001920        0x0 /opt/microchip/xc32/v1.32/bin/bin/../../lib/gcc/pic32mx/4.5.2/../../../../pic32mx/lib/size/libm.a(s_lib_ver.o)
 .mdebug.abi32  0xa0001920        0x0 /opt/microchip/xc32/v1.32/bin/bin/../../lib/gcc/pic32mx/4.5.2/../../../../pic32mx/lib/size/libpic32.a(default-bootstrap-exception-handler.o)
 .mdebug.abi32  0xa0001920        0x0 /opt/microchip/xc32/v1.32/bin/bin/../../lib/gcc/pic32mx/4.5.2/../../../../pic32mx/lib/size/libpic32.a(default-on-reset.o)
 .mdebug.abi32  0xa0001920        0x0 /opt/microchip/xc32/v1.32/bin/bin/../../lib/gcc/pic32mx/4.5.2/../../../../pic32mx/lib/size/libpic32.a(default-on-bootstrap.o)
 .mdebug.abi32  0xa0001920        0x0 /opt/microchip/xc32/v1.32/bin/bin/../../lib/gcc/pic32mx/4.5.2/../../../../pic32mx/lib/size/libpic32.a(errno.o)
 .mdebug.abi32  0xa0001920        0x0 /opt/microchip/xc32/v1.32/bin/bin/../../lib/gcc/pic32mx/4.5.2/../../../../pic32mx/lib/size/libpic32.a(isinf.o)
 .mdebug.abi32  0xa0001920        0x0 /opt/microchip/xc32/v1.32/bin/bin/../../lib/gcc/pic32mx/4.5.2/../../../../pic32mx/lib/size/libe.a(_unorddf2.o)
 .mdebug.abi32  0xa0001920        0x0 /opt/microchip/xc32/v1.32/bin/bin/../../lib/gcc/pic32mx/4.5.2/../../../../pic32mx/lib/size/libc.a(ctypef.o)
 .mdebug.abi32  0xa0001920        0x0 /opt/microchip/xc32/v1.32/bin/bin/../../lib/gcc/pic32mx/4.5.2/../../../../pic32mx/lib/size/libc.a(strncpy.o)
 .mdebug.abi32  0xa0001920        0x0 /opt/microchip/xc32/v1.32/bin/bin/../../lib/gcc/pic32mx/4.5.2/../../../../pic32mx/lib/size/libc.a(strtof.o)
 .mdebug.abi32  0xa0001920        0x0 /opt/microchip/xc32/v1.32/bin/bin/../../lib/gcc/pic32mx/4.5.2/../../../../pic32mx/lib/size/libc.a(snprintf.o)
 .mdebug.abi32  0xa0001920        0x0 /opt/microchip/xc32/v1.32/bin/bin/../../lib/gcc/pic32mx/4.5.2/../../../../pic32mx/lib/size/libc.a(vsnprintf.o)
 .mdebug.abi32  0xa0001920        0x0 /opt/microchip/xc32/v1.32/bin/bin/../../lib/gcc/pic32mx/4.5.2/../../../../pic32mx/lib/size/libc.a(ctype.o)
 .mdebug.abi32  0xa0001920        0x0 /opt/microchip/xc32/v1.32/bin/bin/../../lib/gcc/pic32mx/4.5.2/../../../../pic32mx/lib/size/libc.a(doprnt.o)
 .mdebug.abi32  0xa0001920        0x0 /opt/microchip/xc32/v1.32/bin/bin/../../lib/gcc/pic32mx/4.5.2/../../../../pic32mx/lib/size/libc.a(_fputc_simple.o)
 .mdebug.abi32  0xa0001920        0x0 /opt/microchip/xc32/v1.32/bin/bin/../../lib/gcc/pic32mx/4.5.2/../../../../pic32mx/lib/size/libc.a(powersf.o)
 .mdebug.abi32  0xa0001920        0x0 /opt/microchip/xc32/v1.32/bin/bin/../../lib/gcc/pic32mx/4.5.2/../../../../pic32mx/lib/size/libc.a(_iob.o)
 .mdebug.abi32  0xa0001920        0x0 /opt/microchip/xc32/v1.32/bin/bin/../../lib/gcc/pic32mx/4.5.2/../../../../pic32mx/lib/size/libc.a(_flsbuf_simple.o)
 .mdebug.abi32  0xa0001920        0x0 /opt/microchip/xc32/v1.32/bin/bin/../../lib/gcc/pic32mx/4.5.2/../../../../pic32mx/lib/size/libpic32.a(write.o)
 .mdebug.abi32  0xa0001920        0x0 /opt/microchip/xc32/v1.32/bin/bin/../../lib/gcc/pic32mx/4.5.2/../../../../pic32mx/lib/size/libpic32.a(_mon_putc.o)
 .mdebug.abi32  0xa0001920        0x0 /opt/microchip/xc32/v1.32/bin/bin/../../lib/gcc/pic32mx/4.5.2/../../../../pic32mx/lib/size/libpic32.a(xc32_uart.o)
 .mdebug.abi32  0xa0001920        0x0 /opt/microchip/xc32/v1.32/bin/bin/../../lib/gcc/pic32mx/4.5.2/../../../../pic32mx/lib/size/libm.a(__strtof.o)
 .mdebug.abi32  0xa0001920        0x0 /opt/microchip/xc32/v1.32/bin/bin/../../lib/gcc/pic32mx/4.5.2/../../../../pic32mx/lib/size/libe.a(_floatdisf.o)
 .mdebug.abi32  0xa0001920        0x0 /opt/microchip/xc32/v1.32/bin/bin/../../lib/gcc/pic32mx/4.5.2/../../../../pic32mx/lib/size/libe.a(_ldexpf.o)
 .mdebug.abi32  0xa0001920        0x0 /opt/microchip/xc32/v1.32/bin/bin/../../lib/gcc/pic32mx/4.5.2/size/libgcc.a(_lshrdi3.o)
 .mdebug.abi32  0xa0001920        0x0 /opt/microchip/xc32/v1.32/bin/bin/../../lib/gcc/pic32mx/4.5.2/size/libgcc.a(_floatundisf.o)
 .mdebug.abi32  0xa0001920        0x0 /opt/microchip/xc32/v1.32/bin/bin/../../lib/gcc/pic32mx/4.5.2/size/libgcc.a(_udivdi3.o)
 .mdebug.abi32  0xa0001920        0x0 /opt/microchip/xc32/v1.32/bin/bin/../../lib/gcc/pic32mx/4.5.2/size/libgcc.a(_umoddi3.o)
 .mdebug.abi32  0xa0001920        0x0 /opt/microchip/xc32/v1.32/bin/bin/../../lib/gcc/pic32mx/4.5.2/size/libgcc.a(floatunsisf.o)

.mdebug.abiN32
 *(.mdebug.abiN32)

.mdebug.abi64
 *(.mdebug.abi64)

.mdebug.abiO64
 *(.mdebug.abiO64)

.mdebug.eabi32
 *(.mdebug.eabi32)

.mdebug.eabi64
 *(.mdebug.eabi64)

.gcc_compiled_long32
 *(.gcc_compiled_long32)

.gcc_compiled_long64
 *(.gcc_compiled_long64)

.stab
 *(.stab)

.stabstr
 *(.stabstr)

.stab.excl
 *(.stab.excl)

.stab.exclstr
 *(.stab.exclstr)

.stab.index
 *(.stab.index)

.stab.indexstr
 *(.stab.indexstr)

.comment        0x00000000      0x313
 *(.comment)
 .comment       0x00000000       0x3b build/pickit3/production/_ext/1248472724/compiler.o
                                 0x3c (size before relaxing)
 .comment       0x00000000       0x3c build/pickit3/production/_ext/1248472724/debug.o
 .comment       0x00000000       0x3c build/pickit3/production/_ext/1248472724/document.o
 .comment       0x00000000       0x3c build/pickit3/production/_ext/1248472724/editor.o
 .comment       0x00000000       0x3c build/pickit3/production/_ext/1248472724/error.o
 .comment       0x00000000       0x3c build/pickit3/production/_ext/1248472724/exception.o
 .comment       0x00000000       0x3c build/pickit3/production/_ext/1248472724/file.o
 .comment       0x00000000       0x3c build/pickit3/production/_ext/1248472724/float.o
 .comment       0x00000000       0x3c build/pickit3/production/_ext/1248472724/function.o
 .comment       0x00000000       0x3c build/pickit3/production/_ext/1248472724/globalvars.o
 .comment       0x00000000       0x3c build/pickit3/production/_ext/1248472724/keyinput.o
 .comment       0x00000000       0x3c build/pickit3/production/_ext/1248472724/library.o
 .comment       0x00000000       0x3c build/pickit3/production/_ext/1248472724/linker.o
 .comment       0x00000000       0x3c build/pickit3/production/_ext/1248472724/main.o
 .comment       0x00000000       0x3c build/pickit3/production/_ext/1248472724/memory.o
 .comment       0x00000000       0x3c build/pickit3/production/_ext/1248472724/music.o
 .comment       0x00000000       0x3c build/pickit3/production/_ext/1248472724/operator.o
 .comment       0x00000000       0x3c build/pickit3/production/_ext/1248472724/run.o
 .comment       0x00000000       0x3c build/pickit3/production/_ext/1248472724/statement.o
 .comment       0x00000000       0x3c build/pickit3/production/_ext/1248472724/string.o
 .comment       0x00000000       0x3c build/pickit3/production/_ext/1248472724/value.o
 .comment       0x00000000       0x3c build/pickit3/production/_ext/618058229/fontx2.o
 .comment       0x0000003b       0x3c source/lib_videoout_machikania.X.a(videoout.o)
                                 0x3d (size before relaxing)
 .comment       0x00000000       0x3d source/lib_videoout_machikania.X.a(textvideolib.o)
 .comment       0x00000000       0x3d source/lib_videoout_machikania.X.a(graphvideolib.o)
 .comment       0x00000000       0x3d source/ps2keyboard.X.a(ps2keyboard.o)
 .comment       0x00000000       0x3d source/libsdfsio.a(FSIO.o)
 .comment       0x00000000       0x3d source/libsdfsio.a(SD-SPI.o)
 .comment       0x00000077       0x3c /opt/microchip/xc32/v1.32/bin/bin/../../lib/gcc/pic32mx/4.5.2/../../../../pic32mx/lib/size/libmchp_peripheral_32MX150F128B.a(soft_reset_lib.o)
                                 0x3d (size before relaxing)
 .comment       0x00000000       0x3d /opt/microchip/xc32/v1.32/bin/bin/../../lib/gcc/pic32mx/4.5.2/../../../../pic32mx/lib/size/libmchp_peripheral_32MX150F128B.a(osc_config_lib.o)
 .comment       0x00000000       0x3d /opt/microchip/xc32/v1.32/bin/bin/../../lib/gcc/pic32mx/4.5.2/../../../../pic32mx/lib/size/libmchp_peripheral_32MX150F128B.a(int_disable_interrupts_lib.o)
 .comment       0x00000000       0x3d /opt/microchip/xc32/v1.32/bin/bin/../../lib/gcc/pic32mx/4.5.2/../../../../pic32mx/lib/size/libmchp_peripheral_32MX150F128B.a(int_restore_interrupts_lib.o)
 .comment       0x00000000       0x3d /opt/microchip/xc32/v1.32/bin/bin/../../lib/gcc/pic32mx/4.5.2/../../../../pic32mx/lib/size/libmchp_peripheral_32MX150F128B.a(int_enable_mv_int_lib.o)
 .comment       0x00000000       0x3d /opt/microchip/xc32/v1.32/bin/bin/../../lib/gcc/pic32mx/4.5.2/../../../../pic32mx/lib/size/libmchp_peripheral_32MX150F128B.a(spi_getc_spi2_lib_legacy.o)
 .comment       0x00000000       0x3d /opt/microchip/xc32/v1.32/bin/bin/../../lib/gcc/pic32mx/4.5.2/../../../../pic32mx/lib/size/libmchp_peripheral_32MX150F128B.a(spi_open_spi2_lib_legacy.o)
 .comment       0x00000000       0x3d /opt/microchip/xc32/v1.32/bin/bin/../../lib/gcc/pic32mx/4.5.2/../../../../pic32mx/lib/size/libmchp_peripheral_32MX150F128B.a(spi_brg_tbl_lib_legacy.o)
 .comment       0x00000000       0x3d /opt/microchip/xc32/v1.32/bin/bin/../../lib/gcc/pic32mx/4.5.2/../../../../pic32mx/lib/size/libmchp_peripheral_32MX150F128B.a(nvm_write_word_lib.o)
 .comment       0x00000000       0x3d /opt/microchip/xc32/v1.32/bin/bin/../../lib/gcc/pic32mx/4.5.2/../../../../pic32mx/lib/size/libmchp_peripheral_32MX150F128B.a(int_enable_interrupts_lib.o)
 .comment       0x00000000       0x3d /opt/microchip/xc32/v1.32/bin/bin/../../lib/gcc/pic32mx/4.5.2/../../../../pic32mx/lib/size/libmchp_peripheral_32MX150F128B.a(nvm_operation_lib.o)
 .comment       0x000000b3       0x3c /opt/microchip/xc32/v1.32/bin/bin/../../lib/gcc/pic32mx/4.5.2/../../../../pic32mx/lib/size/libm.a(w_acosf.o)
                                 0x3d (size before relaxing)
 .comment       0x00000000       0x3d /opt/microchip/xc32/v1.32/bin/bin/../../lib/gcc/pic32mx/4.5.2/../../../../pic32mx/lib/size/libm.a(w_asinf.o)
 .comment       0x00000000       0x3d /opt/microchip/xc32/v1.32/bin/bin/../../lib/gcc/pic32mx/4.5.2/../../../../pic32mx/lib/size/libm.a(w_atan2f.o)
 .comment       0x00000000       0x3d /opt/microchip/xc32/v1.32/bin/bin/../../lib/gcc/pic32mx/4.5.2/../../../../pic32mx/lib/size/libm.a(w_coshf.o)
 .comment       0x00000000       0x3d /opt/microchip/xc32/v1.32/bin/bin/../../lib/gcc/pic32mx/4.5.2/../../../../pic32mx/lib/size/libm.a(w_expf.o)
 .comment       0x00000000       0x3d /opt/microchip/xc32/v1.32/bin/bin/../../lib/gcc/pic32mx/4.5.2/../../../../pic32mx/lib/size/libm.a(w_log10f.o)
 .comment       0x00000000       0x3d /opt/microchip/xc32/v1.32/bin/bin/../../lib/gcc/pic32mx/4.5.2/../../../../pic32mx/lib/size/libm.a(w_logf.o)
 .comment       0x00000000       0x3d /opt/microchip/xc32/v1.32/bin/bin/../../lib/gcc/pic32mx/4.5.2/../../../../pic32mx/lib/size/libm.a(w_powf.o)
 .comment       0x00000000       0x3d /opt/microchip/xc32/v1.32/bin/bin/../../lib/gcc/pic32mx/4.5.2/../../../../pic32mx/lib/size/libm.a(w_sinhf.o)
 .comment       0x00000000       0x3d /opt/microchip/xc32/v1.32/bin/bin/../../lib/gcc/pic32mx/4.5.2/../../../../pic32mx/lib/size/libm.a(w_sqrtf.o)
 .comment       0x00000000       0x3d /opt/microchip/xc32/v1.32/bin/bin/../../lib/gcc/pic32mx/4.5.2/../../../../pic32mx/lib/size/libm.a(support.o)
 .comment       0x00000000       0x3d /opt/microchip/xc32/v1.32/bin/bin/../../lib/gcc/pic32mx/4.5.2/../../../../pic32mx/lib/size/libm.a(s_lib_ver.o)
 .comment       0x000000ef       0x18 /opt/microchip/xc32/v1.32/bin/bin/../../lib/gcc/pic32mx/4.5.2/../../../../pic32mx/lib/size/libpic32.a(memset.o)
                                 0x19 (size before relaxing)
 .comment       0x00000107       0x19 /opt/microchip/xc32/v1.32/bin/bin/../../lib/gcc/pic32mx/4.5.2/../../../../pic32mx/lib/size/libpic32.a(strcpy.o)
                                 0x1a (size before relaxing)
 .comment       0x00000120       0x19 /opt/microchip/xc32/v1.32/bin/bin/../../lib/gcc/pic32mx/4.5.2/../../../../pic32mx/lib/size/libpic32.a(strlen.o)
                                 0x1a (size before relaxing)
 .comment       0x00000000       0x3d /opt/microchip/xc32/v1.32/bin/bin/../../lib/gcc/pic32mx/4.5.2/../../../../pic32mx/lib/size/libpic32.a(default-bootstrap-exception-handler.o)
 .comment       0x00000000       0x3d /opt/microchip/xc32/v1.32/bin/bin/../../lib/gcc/pic32mx/4.5.2/../../../../pic32mx/lib/size/libpic32.a(default-on-reset.o)
 .comment       0x00000000       0x3d /opt/microchip/xc32/v1.32/bin/bin/../../lib/gcc/pic32mx/4.5.2/../../../../pic32mx/lib/size/libpic32.a(default-on-bootstrap.o)
 .comment       0x00000000       0x3d /opt/microchip/xc32/v1.32/bin/bin/../../lib/gcc/pic32mx/4.5.2/../../../../pic32mx/lib/size/libpic32.a(errno.o)
 .comment       0x00000000       0x3d /opt/microchip/xc32/v1.32/bin/bin/../../lib/gcc/pic32mx/4.5.2/../../../../pic32mx/lib/size/libpic32.a(isinf.o)
 .comment       0x00000139       0x4e /opt/microchip/xc32/v1.32/bin/bin/../../lib/gcc/pic32mx/4.5.2/../../../../pic32mx/lib/size/libe.a(_unorddf2.o)
                                 0x8b (size before relaxing)
 .comment       0x00000187       0x4f /opt/microchip/xc32/v1.32/bin/bin/../../lib/gcc/pic32mx/4.5.2/../../../../pic32mx/lib/size/libc.a(ctypef.o)
                                 0x8c (size before relaxing)
 .comment       0x00000000       0x3d /opt/microchip/xc32/v1.32/bin/bin/../../lib/gcc/pic32mx/4.5.2/../../../../pic32mx/lib/size/libc.a(strncpy.o)
 .comment       0x00000000       0x3d /opt/microchip/xc32/v1.32/bin/bin/../../lib/gcc/pic32mx/4.5.2/../../../../pic32mx/lib/size/libc.a(strtof.o)
 .comment       0x00000000       0x3d /opt/microchip/xc32/v1.32/bin/bin/../../lib/gcc/pic32mx/4.5.2/../../../../pic32mx/lib/size/libc.a(snprintf.o)
 .comment       0x00000000       0x3d /opt/microchip/xc32/v1.32/bin/bin/../../lib/gcc/pic32mx/4.5.2/../../../../pic32mx/lib/size/libc.a(vsnprintf.o)
 .comment       0x000001d6       0x4e /opt/microchip/xc32/v1.32/bin/bin/../../lib/gcc/pic32mx/4.5.2/../../../../pic32mx/lib/size/libc.a(ctype.o)
                                 0x8b (size before relaxing)
 .comment       0x00000000       0x3d /opt/microchip/xc32/v1.32/bin/bin/../../lib/gcc/pic32mx/4.5.2/../../../../pic32mx/lib/size/libc.a(doprnt.o)
 .comment       0x00000000       0x3d /opt/microchip/xc32/v1.32/bin/bin/../../lib/gcc/pic32mx/4.5.2/../../../../pic32mx/lib/size/libc.a(_fputc_simple.o)
 .comment       0x00000000       0x3d /opt/microchip/xc32/v1.32/bin/bin/../../lib/gcc/pic32mx/4.5.2/../../../../pic32mx/lib/size/libc.a(powersf.o)
 .comment       0x00000000       0x3d /opt/microchip/xc32/v1.32/bin/bin/../../lib/gcc/pic32mx/4.5.2/../../../../pic32mx/lib/size/libc.a(_iob.o)
 .comment       0x00000000       0x3d /opt/microchip/xc32/v1.32/bin/bin/../../lib/gcc/pic32mx/4.5.2/../../../../pic32mx/lib/size/libc.a(_flsbuf_simple.o)
 .comment       0x00000000       0x3d /opt/microchip/xc32/v1.32/bin/bin/../../lib/gcc/pic32mx/4.5.2/../../../../pic32mx/lib/size/libpic32.a(write.o)
 .comment       0x00000000       0x3d /opt/microchip/xc32/v1.32/bin/bin/../../lib/gcc/pic32mx/4.5.2/../../../../pic32mx/lib/size/libpic32.a(_mon_putc.o)
 .comment       0x00000000       0x3d /opt/microchip/xc32/v1.32/bin/bin/../../lib/gcc/pic32mx/4.5.2/../../../../pic32mx/lib/size/libpic32.a(xc32_uart.o)
 .comment       0x00000224       0x4f /opt/microchip/xc32/v1.32/bin/bin/../../lib/gcc/pic32mx/4.5.2/../../../../pic32mx/lib/size/libm.a(__strtof.o)
                                 0xda (size before relaxing)
 .comment       0x00000273       0x50 /opt/microchip/xc32/v1.32/bin/bin/../../lib/gcc/pic32mx/4.5.2/../../../../pic32mx/lib/size/libe.a(_floatdisf.o)
                                 0xdb (size before relaxing)
 .comment       0x000002c3       0x50 /opt/microchip/xc32/v1.32/bin/bin/../../lib/gcc/pic32mx/4.5.2/../../../../pic32mx/lib/size/libe.a(_ldexpf.o)
                                 0xdb (size before relaxing)
 .comment       0x00000000       0x3d /opt/microchip/xc32/v1.32/bin/bin/../../lib/gcc/pic32mx/4.5.2/size/libgcc.a(_lshrdi3.o)
 .comment       0x00000000       0x3d /opt/microchip/xc32/v1.32/bin/bin/../../lib/gcc/pic32mx/4.5.2/size/libgcc.a(_floatundisf.o)
 .comment       0x00000000       0x3d /opt/microchip/xc32/v1.32/bin/bin/../../lib/gcc/pic32mx/4.5.2/size/libgcc.a(_udivdi3.o)
 .comment       0x00000000       0x3d /opt/microchip/xc32/v1.32/bin/bin/../../lib/gcc/pic32mx/4.5.2/size/libgcc.a(_umoddi3.o)
 .comment       0x00000000       0x3d /opt/microchip/xc32/v1.32/bin/bin/../../lib/gcc/pic32mx/4.5.2/size/libgcc.a(floatunsisf.o)

.debug
 *(.debug)

.line
 *(.line)

.debug_srcinfo
 *(.debug_srcinfo)

.debug_sfnames
 *(.debug_sfnames)

.debug_aranges  0x00000000      0xa10
 *(.debug_aranges)
 .debug_aranges
                0x00000000       0x20 build/pickit3/production/_ext/1248472724/compiler.o
 .debug_aranges
                0x00000020       0x20 build/pickit3/production/_ext/1248472724/document.o
 .debug_aranges
                0x00000040       0x20 build/pickit3/production/_ext/1248472724/editor.o
 .debug_aranges
                0x00000060       0x20 build/pickit3/production/_ext/1248472724/error.o
 .debug_aranges
                0x00000080       0x20 build/pickit3/production/_ext/1248472724/exception.o
 .debug_aranges
                0x000000a0       0x20 build/pickit3/production/_ext/1248472724/file.o
 .debug_aranges
                0x000000c0       0x20 build/pickit3/production/_ext/1248472724/float.o
 .debug_aranges
                0x000000e0       0x20 build/pickit3/production/_ext/1248472724/function.o
 .debug_aranges
                0x00000100       0x20 build/pickit3/production/_ext/1248472724/keyinput.o
 .debug_aranges
                0x00000120       0x20 build/pickit3/production/_ext/1248472724/library.o
 .debug_aranges
                0x00000140       0x20 build/pickit3/production/_ext/1248472724/linker.o
 .debug_aranges
                0x00000160       0x20 build/pickit3/production/_ext/1248472724/main.o
 .debug_aranges
                0x00000180       0x20 build/pickit3/production/_ext/1248472724/memory.o
 .debug_aranges
                0x000001a0       0x20 build/pickit3/production/_ext/1248472724/music.o
 .debug_aranges
                0x000001c0       0x20 build/pickit3/production/_ext/1248472724/operator.o
 .debug_aranges
                0x000001e0       0x20 build/pickit3/production/_ext/1248472724/run.o
 .debug_aranges
                0x00000200       0x20 build/pickit3/production/_ext/1248472724/statement.o
 .debug_aranges
                0x00000220       0x20 build/pickit3/production/_ext/1248472724/string.o
 .debug_aranges
                0x00000240       0x20 build/pickit3/production/_ext/1248472724/value.o
 .debug_aranges
                0x00000260       0x38 build/pickit3/production/_ext/618058229/crt0.o
 .debug_aranges
                0x00000298       0x20 build/pickit3/production/_ext/618058229/fontx2.o
 .debug_aranges
                0x000002b8       0x20 source/lib_videoout_machikania.X.a(videoout.o)
 .debug_aranges
                0x000002d8       0x20 source/lib_videoout_machikania.X.a(textvideolib.o)
 .debug_aranges
                0x000002f8       0x20 source/lib_videoout_machikania.X.a(graphvideolib.o)
 .debug_aranges
                0x00000318       0x20 source/ps2keyboard.X.a(ps2keyboard.o)
 .debug_aranges
                0x00000338       0x20 source/libsdfsio.a(FSIO.o)
 .debug_aranges
                0x00000358       0x20 source/libsdfsio.a(SD-SPI.o)
 .debug_aranges
                0x00000378       0x20 /opt/microchip/xc32/v1.32/bin/bin/../../lib/gcc/pic32mx/4.5.2/../../../../pic32mx/lib/size/libmchp_peripheral_32MX150F128B.a(soft_reset_lib.o)
 .debug_aranges
                0x00000398       0x20 /opt/microchip/xc32/v1.32/bin/bin/../../lib/gcc/pic32mx/4.5.2/../../../../pic32mx/lib/size/libmchp_peripheral_32MX150F128B.a(osc_config_lib.o)
 .debug_aranges
                0x000003b8       0x20 /opt/microchip/xc32/v1.32/bin/bin/../../lib/gcc/pic32mx/4.5.2/../../../../pic32mx/lib/size/libmchp_peripheral_32MX150F128B.a(int_disable_interrupts_lib.o)
 .debug_aranges
                0x000003d8       0x20 /opt/microchip/xc32/v1.32/bin/bin/../../lib/gcc/pic32mx/4.5.2/../../../../pic32mx/lib/size/libmchp_peripheral_32MX150F128B.a(int_restore_interrupts_lib.o)
 .debug_aranges
                0x000003f8       0x20 /opt/microchip/xc32/v1.32/bin/bin/../../lib/gcc/pic32mx/4.5.2/../../../../pic32mx/lib/size/libmchp_peripheral_32MX150F128B.a(int_enable_mv_int_lib.o)
 .debug_aranges
                0x00000418       0x20 /opt/microchip/xc32/v1.32/bin/bin/../../lib/gcc/pic32mx/4.5.2/../../../../pic32mx/lib/size/libmchp_peripheral_32MX150F128B.a(spi_getc_spi2_lib_legacy.o)
 .debug_aranges
                0x00000438       0x20 /opt/microchip/xc32/v1.32/bin/bin/../../lib/gcc/pic32mx/4.5.2/../../../../pic32mx/lib/size/libmchp_peripheral_32MX150F128B.a(spi_open_spi2_lib_legacy.o)
 .debug_aranges
                0x00000458       0x20 /opt/microchip/xc32/v1.32/bin/bin/../../lib/gcc/pic32mx/4.5.2/../../../../pic32mx/lib/size/libmchp_peripheral_32MX150F128B.a(nvm_write_word_lib.o)
 .debug_aranges
                0x00000478       0x20 /opt/microchip/xc32/v1.32/bin/bin/../../lib/gcc/pic32mx/4.5.2/../../../../pic32mx/lib/size/libmchp_peripheral_32MX150F128B.a(int_enable_interrupts_lib.o)
 .debug_aranges
                0x00000498       0x20 /opt/microchip/xc32/v1.32/bin/bin/../../lib/gcc/pic32mx/4.5.2/../../../../pic32mx/lib/size/libmchp_peripheral_32MX150F128B.a(nvm_operation_lib.o)
 .debug_aranges
                0x000004b8       0x20 /opt/microchip/xc32/v1.32/bin/bin/../../lib/gcc/pic32mx/4.5.2/../../../../pic32mx/lib/size/libm.a(w_acosf.o)
 .debug_aranges
                0x000004d8       0x20 /opt/microchip/xc32/v1.32/bin/bin/../../lib/gcc/pic32mx/4.5.2/../../../../pic32mx/lib/size/libm.a(w_asinf.o)
 .debug_aranges
                0x000004f8       0x20 /opt/microchip/xc32/v1.32/bin/bin/../../lib/gcc/pic32mx/4.5.2/../../../../pic32mx/lib/size/libm.a(w_atan2f.o)
 .debug_aranges
                0x00000518       0x20 /opt/microchip/xc32/v1.32/bin/bin/../../lib/gcc/pic32mx/4.5.2/../../../../pic32mx/lib/size/libm.a(w_coshf.o)
 .debug_aranges
                0x00000538       0x20 /opt/microchip/xc32/v1.32/bin/bin/../../lib/gcc/pic32mx/4.5.2/../../../../pic32mx/lib/size/libm.a(w_expf.o)
 .debug_aranges
                0x00000558       0x20 /opt/microchip/xc32/v1.32/bin/bin/../../lib/gcc/pic32mx/4.5.2/../../../../pic32mx/lib/size/libm.a(w_log10f.o)
 .debug_aranges
                0x00000578       0x20 /opt/microchip/xc32/v1.32/bin/bin/../../lib/gcc/pic32mx/4.5.2/../../../../pic32mx/lib/size/libm.a(w_logf.o)
 .debug_aranges
                0x00000598       0x20 /opt/microchip/xc32/v1.32/bin/bin/../../lib/gcc/pic32mx/4.5.2/../../../../pic32mx/lib/size/libm.a(w_powf.o)
 .debug_aranges
                0x000005b8       0x20 /opt/microchip/xc32/v1.32/bin/bin/../../lib/gcc/pic32mx/4.5.2/../../../../pic32mx/lib/size/libm.a(w_sinhf.o)
 .debug_aranges
                0x000005d8       0x20 /opt/microchip/xc32/v1.32/bin/bin/../../lib/gcc/pic32mx/4.5.2/../../../../pic32mx/lib/size/libm.a(w_sqrtf.o)
 .debug_aranges
                0x000005f8       0x78 /opt/microchip/xc32/v1.32/bin/bin/../../lib/gcc/pic32mx/4.5.2/../../../../pic32mx/lib/size/libm.a(support.o)
 .debug_aranges
                0x00000670       0x20 /opt/microchip/xc32/v1.32/bin/bin/../../lib/gcc/pic32mx/4.5.2/../../../../pic32mx/lib/size/libpic32.a(default-bootstrap-exception-handler.o)
 .debug_aranges
                0x00000690       0x20 /opt/microchip/xc32/v1.32/bin/bin/../../lib/gcc/pic32mx/4.5.2/../../../../pic32mx/lib/size/libpic32.a(default-on-reset.o)
 .debug_aranges
                0x000006b0       0x20 /opt/microchip/xc32/v1.32/bin/bin/../../lib/gcc/pic32mx/4.5.2/../../../../pic32mx/lib/size/libpic32.a(default-on-bootstrap.o)
 .debug_aranges
                0x000006d0       0x48 /opt/microchip/xc32/v1.32/bin/bin/../../lib/gcc/pic32mx/4.5.2/../../../../pic32mx/lib/size/libpic32.a(isinf.o)
 .debug_aranges
                0x00000718       0x20 /opt/microchip/xc32/v1.32/bin/bin/../../lib/gcc/pic32mx/4.5.2/../../../../pic32mx/lib/size/libe.a(_unorddf2.o)
 .debug_aranges
                0x00000738       0xa0 /opt/microchip/xc32/v1.32/bin/bin/../../lib/gcc/pic32mx/4.5.2/../../../../pic32mx/lib/size/libc.a(ctypef.o)
 .debug_aranges
                0x000007d8       0x20 /opt/microchip/xc32/v1.32/bin/bin/../../lib/gcc/pic32mx/4.5.2/../../../../pic32mx/lib/size/libc.a(strncpy.o)
 .debug_aranges
                0x000007f8       0x28 /opt/microchip/xc32/v1.32/bin/bin/../../lib/gcc/pic32mx/4.5.2/../../../../pic32mx/lib/size/libc.a(strtof.o)
 .debug_aranges
                0x00000820       0x20 /opt/microchip/xc32/v1.32/bin/bin/../../lib/gcc/pic32mx/4.5.2/../../../../pic32mx/lib/size/libc.a(snprintf.o)
 .debug_aranges
                0x00000840       0x20 /opt/microchip/xc32/v1.32/bin/bin/../../lib/gcc/pic32mx/4.5.2/../../../../pic32mx/lib/size/libc.a(vsnprintf.o)
 .debug_aranges
                0x00000860       0x30 /opt/microchip/xc32/v1.32/bin/bin/../../lib/gcc/pic32mx/4.5.2/../../../../pic32mx/lib/size/libc.a(doprnt.o)
 .debug_aranges
                0x00000890       0x20 /opt/microchip/xc32/v1.32/bin/bin/../../lib/gcc/pic32mx/4.5.2/../../../../pic32mx/lib/size/libc.a(_fputc_simple.o)
 .debug_aranges
                0x000008b0       0x20 /opt/microchip/xc32/v1.32/bin/bin/../../lib/gcc/pic32mx/4.5.2/../../../../pic32mx/lib/size/libc.a(_flsbuf_simple.o)
 .debug_aranges
                0x000008d0       0x20 /opt/microchip/xc32/v1.32/bin/bin/../../lib/gcc/pic32mx/4.5.2/../../../../pic32mx/lib/size/libpic32.a(write.o)
 .debug_aranges
                0x000008f0       0x20 /opt/microchip/xc32/v1.32/bin/bin/../../lib/gcc/pic32mx/4.5.2/../../../../pic32mx/lib/size/libpic32.a(_mon_putc.o)
 .debug_aranges
                0x00000910       0x20 /opt/microchip/xc32/v1.32/bin/bin/../../lib/gcc/pic32mx/4.5.2/../../../../pic32mx/lib/size/libm.a(__strtof.o)
 .debug_aranges
                0x00000930       0x20 /opt/microchip/xc32/v1.32/bin/bin/../../lib/gcc/pic32mx/4.5.2/../../../../pic32mx/lib/size/libe.a(_floatdisf.o)
 .debug_aranges
                0x00000950       0x20 /opt/microchip/xc32/v1.32/bin/bin/../../lib/gcc/pic32mx/4.5.2/../../../../pic32mx/lib/size/libe.a(_ldexpf.o)
 .debug_aranges
                0x00000970       0x20 /opt/microchip/xc32/v1.32/bin/bin/../../lib/gcc/pic32mx/4.5.2/size/libgcc.a(_lshrdi3.o)
 .debug_aranges
                0x00000990       0x20 /opt/microchip/xc32/v1.32/bin/bin/../../lib/gcc/pic32mx/4.5.2/size/libgcc.a(_floatundisf.o)
 .debug_aranges
                0x000009b0       0x20 /opt/microchip/xc32/v1.32/bin/bin/../../lib/gcc/pic32mx/4.5.2/size/libgcc.a(_udivdi3.o)
 .debug_aranges
                0x000009d0       0x20 /opt/microchip/xc32/v1.32/bin/bin/../../lib/gcc/pic32mx/4.5.2/size/libgcc.a(_umoddi3.o)
 .debug_aranges
                0x000009f0       0x20 /opt/microchip/xc32/v1.32/bin/bin/../../lib/gcc/pic32mx/4.5.2/size/libgcc.a(floatunsisf.o)

.debug_pubnames
                0x00000000     0x2d69
 *(.debug_pubnames)
 .debug_pubnames
                0x00000000       0x74 build/pickit3/production/_ext/1248472724/compiler.o
 .debug_pubnames
                0x00000074       0x2d build/pickit3/production/_ext/1248472724/document.o
 .debug_pubnames
                0x000000a1      0x590 build/pickit3/production/_ext/1248472724/editor.o
 .debug_pubnames
                0x00000631       0xf6 build/pickit3/production/_ext/1248472724/error.o
 .debug_pubnames
                0x00000727       0x50 build/pickit3/production/_ext/1248472724/exception.o
 .debug_pubnames
                0x00000777       0x4e build/pickit3/production/_ext/1248472724/file.o
 .debug_pubnames
                0x000007c5       0x47 build/pickit3/production/_ext/1248472724/float.o
 .debug_pubnames
                0x0000080c      0x298 build/pickit3/production/_ext/1248472724/function.o
 .debug_pubnames
                0x00000aa4      0x1c4 build/pickit3/production/_ext/1248472724/globalvars.o
 .debug_pubnames
                0x00000c68       0xdb build/pickit3/production/_ext/1248472724/keyinput.o
 .debug_pubnames
                0x00000d43      0x20f build/pickit3/production/_ext/1248472724/library.o
 .debug_pubnames
                0x00000f52       0x6b build/pickit3/production/_ext/1248472724/linker.o
 .debug_pubnames
                0x00000fbd       0x89 build/pickit3/production/_ext/1248472724/main.o
 .debug_pubnames
                0x00001046       0xa0 build/pickit3/production/_ext/1248472724/memory.o
 .debug_pubnames
                0x000010e6       0xa6 build/pickit3/production/_ext/1248472724/music.o
 .debug_pubnames
                0x0000118c       0x8a build/pickit3/production/_ext/1248472724/operator.o
 .debug_pubnames
                0x00001216       0x2c build/pickit3/production/_ext/1248472724/run.o
 .debug_pubnames
                0x00001242      0x404 build/pickit3/production/_ext/1248472724/statement.o
 .debug_pubnames
                0x00001646       0x46 build/pickit3/production/_ext/1248472724/string.o
 .debug_pubnames
                0x0000168c       0x89 build/pickit3/production/_ext/1248472724/value.o
 .debug_pubnames
                0x00001715       0xa7 build/pickit3/production/_ext/618058229/fontx2.o
 .debug_pubnames
                0x000017bc      0x19a source/lib_videoout_machikania.X.a(videoout.o)
 .debug_pubnames
                0x00001956       0xe2 source/lib_videoout_machikania.X.a(textvideolib.o)
 .debug_pubnames
                0x00001a38       0xc7 source/lib_videoout_machikania.X.a(graphvideolib.o)
 .debug_pubnames
                0x00001aff      0x36c source/ps2keyboard.X.a(ps2keyboard.o)
 .debug_pubnames
                0x00001e6b      0x5ea source/libsdfsio.a(FSIO.o)
 .debug_pubnames
                0x00002455      0x1fc source/libsdfsio.a(SD-SPI.o)
 .debug_pubnames
                0x00002651       0x20 /opt/microchip/xc32/v1.32/bin/bin/../../lib/gcc/pic32mx/4.5.2/../../../../pic32mx/lib/size/libmchp_peripheral_32MX150F128B.a(soft_reset_lib.o)
 .debug_pubnames
                0x00002671       0x20 /opt/microchip/xc32/v1.32/bin/bin/../../lib/gcc/pic32mx/4.5.2/../../../../pic32mx/lib/size/libmchp_peripheral_32MX150F128B.a(osc_config_lib.o)
 .debug_pubnames
                0x00002691       0x2b /opt/microchip/xc32/v1.32/bin/bin/../../lib/gcc/pic32mx/4.5.2/../../../../pic32mx/lib/size/libmchp_peripheral_32MX150F128B.a(int_disable_interrupts_lib.o)
 .debug_pubnames
                0x000026bc       0x2b /opt/microchip/xc32/v1.32/bin/bin/../../lib/gcc/pic32mx/4.5.2/../../../../pic32mx/lib/size/libmchp_peripheral_32MX150F128B.a(int_restore_interrupts_lib.o)
 .debug_pubnames
                0x000026e7       0x36 /opt/microchip/xc32/v1.32/bin/bin/../../lib/gcc/pic32mx/4.5.2/../../../../pic32mx/lib/size/libmchp_peripheral_32MX150F128B.a(int_enable_mv_int_lib.o)
 .debug_pubnames
                0x0000271d       0x1f /opt/microchip/xc32/v1.32/bin/bin/../../lib/gcc/pic32mx/4.5.2/../../../../pic32mx/lib/size/libmchp_peripheral_32MX150F128B.a(spi_getc_spi2_lib_legacy.o)
 .debug_pubnames
                0x0000273c       0x1f /opt/microchip/xc32/v1.32/bin/bin/../../lib/gcc/pic32mx/4.5.2/../../../../pic32mx/lib/size/libmchp_peripheral_32MX150F128B.a(spi_open_spi2_lib_legacy.o)
 .debug_pubnames
                0x0000275b       0x23 /opt/microchip/xc32/v1.32/bin/bin/../../lib/gcc/pic32mx/4.5.2/../../../../pic32mx/lib/size/libmchp_peripheral_32MX150F128B.a(nvm_write_word_lib.o)
 .debug_pubnames
                0x0000277e       0x2a /opt/microchip/xc32/v1.32/bin/bin/../../lib/gcc/pic32mx/4.5.2/../../../../pic32mx/lib/size/libmchp_peripheral_32MX150F128B.a(int_enable_interrupts_lib.o)
 .debug_pubnames
                0x000027a8       0x24 /opt/microchip/xc32/v1.32/bin/bin/../../lib/gcc/pic32mx/4.5.2/../../../../pic32mx/lib/size/libmchp_peripheral_32MX150F128B.a(nvm_operation_lib.o)
 .debug_pubnames
                0x000027cc       0x1c /opt/microchip/xc32/v1.32/bin/bin/../../lib/gcc/pic32mx/4.5.2/../../../../pic32mx/lib/size/libm.a(w_acosf.o)
 .debug_pubnames
                0x000027e8       0x1c /opt/microchip/xc32/v1.32/bin/bin/../../lib/gcc/pic32mx/4.5.2/../../../../pic32mx/lib/size/libm.a(w_asinf.o)
 .debug_pubnames
                0x00002804       0x1d /opt/microchip/xc32/v1.32/bin/bin/../../lib/gcc/pic32mx/4.5.2/../../../../pic32mx/lib/size/libm.a(w_atan2f.o)
 .debug_pubnames
                0x00002821       0x1c /opt/microchip/xc32/v1.32/bin/bin/../../lib/gcc/pic32mx/4.5.2/../../../../pic32mx/lib/size/libm.a(w_coshf.o)
 .debug_pubnames
                0x0000283d       0x1b /opt/microchip/xc32/v1.32/bin/bin/../../lib/gcc/pic32mx/4.5.2/../../../../pic32mx/lib/size/libm.a(w_expf.o)
 .debug_pubnames
                0x00002858       0x1d /opt/microchip/xc32/v1.32/bin/bin/../../lib/gcc/pic32mx/4.5.2/../../../../pic32mx/lib/size/libm.a(w_log10f.o)
 .debug_pubnames
                0x00002875       0x1b /opt/microchip/xc32/v1.32/bin/bin/../../lib/gcc/pic32mx/4.5.2/../../../../pic32mx/lib/size/libm.a(w_logf.o)
 .debug_pubnames
                0x00002890       0x1b /opt/microchip/xc32/v1.32/bin/bin/../../lib/gcc/pic32mx/4.5.2/../../../../pic32mx/lib/size/libm.a(w_powf.o)
 .debug_pubnames
                0x000028ab       0x1c /opt/microchip/xc32/v1.32/bin/bin/../../lib/gcc/pic32mx/4.5.2/../../../../pic32mx/lib/size/libm.a(w_sinhf.o)
 .debug_pubnames
                0x000028c7       0x1c /opt/microchip/xc32/v1.32/bin/bin/../../lib/gcc/pic32mx/4.5.2/../../../../pic32mx/lib/size/libm.a(w_sqrtf.o)
 .debug_pubnames
                0x000028e3       0x98 /opt/microchip/xc32/v1.32/bin/bin/../../lib/gcc/pic32mx/4.5.2/../../../../pic32mx/lib/size/libm.a(support.o)
 .debug_pubnames
                0x0000297b       0x33 /opt/microchip/xc32/v1.32/bin/bin/../../lib/gcc/pic32mx/4.5.2/../../../../pic32mx/lib/size/libpic32.a(default-bootstrap-exception-handler.o)
 .debug_pubnames
                0x000029ae       0x20 /opt/microchip/xc32/v1.32/bin/bin/../../lib/gcc/pic32mx/4.5.2/../../../../pic32mx/lib/size/libpic32.a(default-on-reset.o)
 .debug_pubnames
                0x000029ce       0x24 /opt/microchip/xc32/v1.32/bin/bin/../../lib/gcc/pic32mx/4.5.2/../../../../pic32mx/lib/size/libpic32.a(default-on-bootstrap.o)
 .debug_pubnames
                0x000029f2       0x52 /opt/microchip/xc32/v1.32/bin/bin/../../lib/gcc/pic32mx/4.5.2/../../../../pic32mx/lib/size/libpic32.a(isinf.o)
 .debug_pubnames
                0x00002a44       0x21 /opt/microchip/xc32/v1.32/bin/bin/../../lib/gcc/pic32mx/4.5.2/../../../../pic32mx/lib/size/libe.a(_unorddf2.o)
 .debug_pubnames
                0x00002a65       0xe1 /opt/microchip/xc32/v1.32/bin/bin/../../lib/gcc/pic32mx/4.5.2/../../../../pic32mx/lib/size/libc.a(ctypef.o)
 .debug_pubnames
                0x00002b46       0x1e /opt/microchip/xc32/v1.32/bin/bin/../../lib/gcc/pic32mx/4.5.2/../../../../pic32mx/lib/size/libc.a(strncpy.o)
 .debug_pubnames
                0x00002b64       0x29 /opt/microchip/xc32/v1.32/bin/bin/../../lib/gcc/pic32mx/4.5.2/../../../../pic32mx/lib/size/libc.a(strtof.o)
 .debug_pubnames
                0x00002b8d       0x1f /opt/microchip/xc32/v1.32/bin/bin/../../lib/gcc/pic32mx/4.5.2/../../../../pic32mx/lib/size/libc.a(snprintf.o)
 .debug_pubnames
                0x00002bac       0x20 /opt/microchip/xc32/v1.32/bin/bin/../../lib/gcc/pic32mx/4.5.2/../../../../pic32mx/lib/size/libc.a(vsnprintf.o)
 .debug_pubnames
                0x00002bcc       0x1f /opt/microchip/xc32/v1.32/bin/bin/../../lib/gcc/pic32mx/4.5.2/../../../../pic32mx/lib/size/libc.a(doprnt.o)
 .debug_pubnames
                0x00002beb       0x1c /opt/microchip/xc32/v1.32/bin/bin/../../lib/gcc/pic32mx/4.5.2/../../../../pic32mx/lib/size/libc.a(_fputc_simple.o)
 .debug_pubnames
                0x00002c07       0x1e /opt/microchip/xc32/v1.32/bin/bin/../../lib/gcc/pic32mx/4.5.2/../../../../pic32mx/lib/size/libc.a(_flsbuf_simple.o)
 .debug_pubnames
                0x00002c25       0x1c /opt/microchip/xc32/v1.32/bin/bin/../../lib/gcc/pic32mx/4.5.2/../../../../pic32mx/lib/size/libpic32.a(write.o)
 .debug_pubnames
                0x00002c41       0x20 /opt/microchip/xc32/v1.32/bin/bin/../../lib/gcc/pic32mx/4.5.2/../../../../pic32mx/lib/size/libpic32.a(_mon_putc.o)
 .debug_pubnames
                0x00002c61       0x1f /opt/microchip/xc32/v1.32/bin/bin/../../lib/gcc/pic32mx/4.5.2/../../../../pic32mx/lib/size/libm.a(__strtof.o)
 .debug_pubnames
                0x00002c80       0x22 /opt/microchip/xc32/v1.32/bin/bin/../../lib/gcc/pic32mx/4.5.2/../../../../pic32mx/lib/size/libe.a(_floatdisf.o)
 .debug_pubnames
                0x00002ca2       0x1f /opt/microchip/xc32/v1.32/bin/bin/../../lib/gcc/pic32mx/4.5.2/../../../../pic32mx/lib/size/libe.a(_ldexpf.o)
 .debug_pubnames
                0x00002cc1       0x20 /opt/microchip/xc32/v1.32/bin/bin/../../lib/gcc/pic32mx/4.5.2/size/libgcc.a(_lshrdi3.o)
 .debug_pubnames
                0x00002ce1       0x24 /opt/microchip/xc32/v1.32/bin/bin/../../lib/gcc/pic32mx/4.5.2/size/libgcc.a(_floatundisf.o)
 .debug_pubnames
                0x00002d05       0x20 /opt/microchip/xc32/v1.32/bin/bin/../../lib/gcc/pic32mx/4.5.2/size/libgcc.a(_udivdi3.o)
 .debug_pubnames
                0x00002d25       0x20 /opt/microchip/xc32/v1.32/bin/bin/../../lib/gcc/pic32mx/4.5.2/size/libgcc.a(_umoddi3.o)
 .debug_pubnames
                0x00002d45       0x24 /opt/microchip/xc32/v1.32/bin/bin/../../lib/gcc/pic32mx/4.5.2/size/libgcc.a(floatunsisf.o)

.debug_info     0x00000000    0x1a6f9
 *(.debug_info .gnu.linkonce.wi.*)
 .debug_info    0x00000000      0x3c6 build/pickit3/production/_ext/1248472724/compiler.o
 .debug_info    0x000003c6        0x0 build/pickit3/production/_ext/1248472724/debug.o
 .debug_info    0x000003c6      0x450 build/pickit3/production/_ext/1248472724/document.o
 .debug_info    0x00000816     0x225e build/pickit3/production/_ext/1248472724/editor.o
 .debug_info    0x00002a74      0x45c build/pickit3/production/_ext/1248472724/error.o
 .debug_info    0x00002ed0      0x3c3 build/pickit3/production/_ext/1248472724/exception.o
 .debug_info    0x00003293      0x5d1 build/pickit3/production/_ext/1248472724/file.o
 .debug_info    0x00003864      0x79c build/pickit3/production/_ext/1248472724/float.o
 .debug_info    0x00004000      0xd9c build/pickit3/production/_ext/1248472724/function.o
 .debug_info    0x00004d9c      0x464 build/pickit3/production/_ext/1248472724/globalvars.o
 .debug_info    0x00005200      0x3a9 build/pickit3/production/_ext/1248472724/keyinput.o
 .debug_info    0x000055a9     0x164b build/pickit3/production/_ext/1248472724/library.o
 .debug_info    0x00006bf4      0x6c0 build/pickit3/production/_ext/1248472724/linker.o
 .debug_info    0x000072b4      0x843 build/pickit3/production/_ext/1248472724/main.o
 .debug_info    0x00007af7      0x3df build/pickit3/production/_ext/1248472724/memory.o
 .debug_info    0x00007ed6      0xe3c build/pickit3/production/_ext/1248472724/music.o
 .debug_info    0x00008d12      0x6f3 build/pickit3/production/_ext/1248472724/operator.o
 .debug_info    0x00009405      0x44d build/pickit3/production/_ext/1248472724/run.o
 .debug_info    0x00009852     0x140b build/pickit3/production/_ext/1248472724/statement.o
 .debug_info    0x0000ac5d      0x62e build/pickit3/production/_ext/1248472724/string.o
 .debug_info    0x0000b28b      0x558 build/pickit3/production/_ext/1248472724/value.o
 .debug_info    0x0000b7e3       0x6a build/pickit3/production/_ext/618058229/crt0.o
 .debug_info    0x0000b84d      0x37e build/pickit3/production/_ext/618058229/fontx2.o
 .debug_info    0x0000bbcb     0x1fdd source/lib_videoout_machikania.X.a(videoout.o)
 .debug_info    0x0000dba8      0x445 source/lib_videoout_machikania.X.a(textvideolib.o)
 .debug_info    0x0000dfed      0x7bb source/lib_videoout_machikania.X.a(graphvideolib.o)
 .debug_info    0x0000e7a8     0x1c3d source/ps2keyboard.X.a(ps2keyboard.o)
 .debug_info    0x000103e5     0x4652 source/libsdfsio.a(FSIO.o)
 .debug_info    0x00014a37     0x27a8 source/libsdfsio.a(SD-SPI.o)
 .debug_info    0x000171df       0xb2 /opt/microchip/xc32/v1.32/bin/bin/../../lib/gcc/pic32mx/4.5.2/../../../../pic32mx/lib/size/libmchp_peripheral_32MX150F128B.a(soft_reset_lib.o)
 .debug_info    0x00017291       0xc0 /opt/microchip/xc32/v1.32/bin/bin/../../lib/gcc/pic32mx/4.5.2/../../../../pic32mx/lib/size/libmchp_peripheral_32MX150F128B.a(osc_config_lib.o)
 .debug_info    0x00017351       0xb6 /opt/microchip/xc32/v1.32/bin/bin/../../lib/gcc/pic32mx/4.5.2/../../../../pic32mx/lib/size/libmchp_peripheral_32MX150F128B.a(int_disable_interrupts_lib.o)
 .debug_info    0x00017407       0xb6 /opt/microchip/xc32/v1.32/bin/bin/../../lib/gcc/pic32mx/4.5.2/../../../../pic32mx/lib/size/libmchp_peripheral_32MX150F128B.a(int_restore_interrupts_lib.o)
 .debug_info    0x000174bd       0xbc /opt/microchip/xc32/v1.32/bin/bin/../../lib/gcc/pic32mx/4.5.2/../../../../pic32mx/lib/size/libmchp_peripheral_32MX150F128B.a(int_enable_mv_int_lib.o)
 .debug_info    0x00017579       0xa8 /opt/microchip/xc32/v1.32/bin/bin/../../lib/gcc/pic32mx/4.5.2/../../../../pic32mx/lib/size/libmchp_peripheral_32MX150F128B.a(spi_getc_spi2_lib_legacy.o)
 .debug_info    0x00017621       0xa8 /opt/microchip/xc32/v1.32/bin/bin/../../lib/gcc/pic32mx/4.5.2/../../../../pic32mx/lib/size/libmchp_peripheral_32MX150F128B.a(spi_open_spi2_lib_legacy.o)
 .debug_info    0x000176c9        0x0 /opt/microchip/xc32/v1.32/bin/bin/../../lib/gcc/pic32mx/4.5.2/../../../../pic32mx/lib/size/libmchp_peripheral_32MX150F128B.a(spi_brg_tbl_lib_legacy.o)
 .debug_info    0x000176c9       0xa6 /opt/microchip/xc32/v1.32/bin/bin/../../lib/gcc/pic32mx/4.5.2/../../../../pic32mx/lib/size/libmchp_peripheral_32MX150F128B.a(nvm_write_word_lib.o)
 .debug_info    0x0001776f       0xb4 /opt/microchip/xc32/v1.32/bin/bin/../../lib/gcc/pic32mx/4.5.2/../../../../pic32mx/lib/size/libmchp_peripheral_32MX150F128B.a(int_enable_interrupts_lib.o)
 .debug_info    0x00017823       0xc7 /opt/microchip/xc32/v1.32/bin/bin/../../lib/gcc/pic32mx/4.5.2/../../../../pic32mx/lib/size/libmchp_peripheral_32MX150F128B.a(nvm_operation_lib.o)
 .debug_info    0x000178ea       0xa8 /opt/microchip/xc32/v1.32/bin/bin/../../lib/gcc/pic32mx/4.5.2/../../../../pic32mx/lib/size/libm.a(w_acosf.o)
 .debug_info    0x00017992       0xa8 /opt/microchip/xc32/v1.32/bin/bin/../../lib/gcc/pic32mx/4.5.2/../../../../pic32mx/lib/size/libm.a(w_asinf.o)
 .debug_info    0x00017a3a       0xc6 /opt/microchip/xc32/v1.32/bin/bin/../../lib/gcc/pic32mx/4.5.2/../../../../pic32mx/lib/size/libm.a(w_atan2f.o)
 .debug_info    0x00017b00       0xa8 /opt/microchip/xc32/v1.32/bin/bin/../../lib/gcc/pic32mx/4.5.2/../../../../pic32mx/lib/size/libm.a(w_coshf.o)
 .debug_info    0x00017ba8       0xa6 /opt/microchip/xc32/v1.32/bin/bin/../../lib/gcc/pic32mx/4.5.2/../../../../pic32mx/lib/size/libm.a(w_expf.o)
 .debug_info    0x00017c4e       0xaa /opt/microchip/xc32/v1.32/bin/bin/../../lib/gcc/pic32mx/4.5.2/../../../../pic32mx/lib/size/libm.a(w_log10f.o)
 .debug_info    0x00017cf8       0xa6 /opt/microchip/xc32/v1.32/bin/bin/../../lib/gcc/pic32mx/4.5.2/../../../../pic32mx/lib/size/libm.a(w_logf.o)
 .debug_info    0x00017d9e       0xa6 /opt/microchip/xc32/v1.32/bin/bin/../../lib/gcc/pic32mx/4.5.2/../../../../pic32mx/lib/size/libm.a(w_powf.o)
 .debug_info    0x00017e44       0xa8 /opt/microchip/xc32/v1.32/bin/bin/../../lib/gcc/pic32mx/4.5.2/../../../../pic32mx/lib/size/libm.a(w_sinhf.o)
 .debug_info    0x00017eec       0xa8 /opt/microchip/xc32/v1.32/bin/bin/../../lib/gcc/pic32mx/4.5.2/../../../../pic32mx/lib/size/libm.a(w_sqrtf.o)
 .debug_info    0x00017f94      0x19e /opt/microchip/xc32/v1.32/bin/bin/../../lib/gcc/pic32mx/4.5.2/../../../../pic32mx/lib/size/libm.a(support.o)
 .debug_info    0x00018132        0x0 /opt/microchip/xc32/v1.32/bin/bin/../../lib/gcc/pic32mx/4.5.2/../../../../pic32mx/lib/size/libm.a(s_lib_ver.o)
 .debug_info    0x00018132       0xde /opt/microchip/xc32/v1.32/bin/bin/../../lib/gcc/pic32mx/4.5.2/../../../../pic32mx/lib/size/libpic32.a(default-bootstrap-exception-handler.o)
 .debug_info    0x00018210       0xb8 /opt/microchip/xc32/v1.32/bin/bin/../../lib/gcc/pic32mx/4.5.2/../../../../pic32mx/lib/size/libpic32.a(default-on-reset.o)
 .debug_info    0x000182c8       0xc0 /opt/microchip/xc32/v1.32/bin/bin/../../lib/gcc/pic32mx/4.5.2/../../../../pic32mx/lib/size/libpic32.a(default-on-bootstrap.o)
 .debug_info    0x00018388        0x0 /opt/microchip/xc32/v1.32/bin/bin/../../lib/gcc/pic32mx/4.5.2/../../../../pic32mx/lib/size/libpic32.a(errno.o)
 .debug_info    0x00018388      0x111 /opt/microchip/xc32/v1.32/bin/bin/../../lib/gcc/pic32mx/4.5.2/../../../../pic32mx/lib/size/libpic32.a(isinf.o)
 .debug_info    0x00018499       0xb9 /opt/microchip/xc32/v1.32/bin/bin/../../lib/gcc/pic32mx/4.5.2/../../../../pic32mx/lib/size/libe.a(_unorddf2.o)
 .debug_info    0x00018552      0x215 /opt/microchip/xc32/v1.32/bin/bin/../../lib/gcc/pic32mx/4.5.2/../../../../pic32mx/lib/size/libc.a(ctypef.o)
 .debug_info    0x00018767       0xb3 /opt/microchip/xc32/v1.32/bin/bin/../../lib/gcc/pic32mx/4.5.2/../../../../pic32mx/lib/size/libc.a(strncpy.o)
 .debug_info    0x0001881a       0xdf /opt/microchip/xc32/v1.32/bin/bin/../../lib/gcc/pic32mx/4.5.2/../../../../pic32mx/lib/size/libc.a(strtof.o)
 .debug_info    0x000188f9       0xb5 /opt/microchip/xc32/v1.32/bin/bin/../../lib/gcc/pic32mx/4.5.2/../../../../pic32mx/lib/size/libc.a(snprintf.o)
 .debug_info    0x000189ae       0xb7 /opt/microchip/xc32/v1.32/bin/bin/../../lib/gcc/pic32mx/4.5.2/../../../../pic32mx/lib/size/libc.a(vsnprintf.o)
 .debug_info    0x00018a65        0x0 /opt/microchip/xc32/v1.32/bin/bin/../../lib/gcc/pic32mx/4.5.2/../../../../pic32mx/lib/size/libc.a(ctype.o)
 .debug_info    0x00018a65       0xdd /opt/microchip/xc32/v1.32/bin/bin/../../lib/gcc/pic32mx/4.5.2/../../../../pic32mx/lib/size/libc.a(doprnt.o)
 .debug_info    0x00018b42       0xaf /opt/microchip/xc32/v1.32/bin/bin/../../lib/gcc/pic32mx/4.5.2/../../../../pic32mx/lib/size/libc.a(_fputc_simple.o)
 .debug_info    0x00018bf1        0x0 /opt/microchip/xc32/v1.32/bin/bin/../../lib/gcc/pic32mx/4.5.2/../../../../pic32mx/lib/size/libc.a(powersf.o)
 .debug_info    0x00018bf1        0x0 /opt/microchip/xc32/v1.32/bin/bin/../../lib/gcc/pic32mx/4.5.2/../../../../pic32mx/lib/size/libc.a(_iob.o)
 .debug_info    0x00018bf1       0xb2 /opt/microchip/xc32/v1.32/bin/bin/../../lib/gcc/pic32mx/4.5.2/../../../../pic32mx/lib/size/libc.a(_flsbuf_simple.o)
 .debug_info    0x00018ca3       0xa9 /opt/microchip/xc32/v1.32/bin/bin/../../lib/gcc/pic32mx/4.5.2/../../../../pic32mx/lib/size/libpic32.a(write.o)
 .debug_info    0x00018d4c       0xb1 /opt/microchip/xc32/v1.32/bin/bin/../../lib/gcc/pic32mx/4.5.2/../../../../pic32mx/lib/size/libpic32.a(_mon_putc.o)
 .debug_info    0x00018dfd        0x0 /opt/microchip/xc32/v1.32/bin/bin/../../lib/gcc/pic32mx/4.5.2/../../../../pic32mx/lib/size/libpic32.a(xc32_uart.o)
 .debug_info    0x00018dfd       0xc2 /opt/microchip/xc32/v1.32/bin/bin/../../lib/gcc/pic32mx/4.5.2/../../../../pic32mx/lib/size/libm.a(__strtof.o)
 .debug_info    0x00018ebf       0xc7 /opt/microchip/xc32/v1.32/bin/bin/../../lib/gcc/pic32mx/4.5.2/../../../../pic32mx/lib/size/libe.a(_floatdisf.o)
 .debug_info    0x00018f86       0xc4 /opt/microchip/xc32/v1.32/bin/bin/../../lib/gcc/pic32mx/4.5.2/../../../../pic32mx/lib/size/libe.a(_ldexpf.o)
 .debug_info    0x0001904a      0x34e /opt/microchip/xc32/v1.32/bin/bin/../../lib/gcc/pic32mx/4.5.2/size/libgcc.a(_lshrdi3.o)
 .debug_info    0x00019398      0x2d5 /opt/microchip/xc32/v1.32/bin/bin/../../lib/gcc/pic32mx/4.5.2/size/libgcc.a(_floatundisf.o)
 .debug_info    0x0001966d      0x795 /opt/microchip/xc32/v1.32/bin/bin/../../lib/gcc/pic32mx/4.5.2/size/libgcc.a(_udivdi3.o)
 .debug_info    0x00019e02      0x7cb /opt/microchip/xc32/v1.32/bin/bin/../../lib/gcc/pic32mx/4.5.2/size/libgcc.a(_umoddi3.o)
 .debug_info    0x0001a5cd      0x12c /opt/microchip/xc32/v1.32/bin/bin/../../lib/gcc/pic32mx/4.5.2/size/libgcc.a(floatunsisf.o)

.debug_abbrev   0x00000000     0x30ec
 *(.debug_abbrev)
 .debug_abbrev  0x00000000      0x108 build/pickit3/production/_ext/1248472724/compiler.o
 .debug_abbrev  0x00000108        0x1 build/pickit3/production/_ext/1248472724/debug.o
 .debug_abbrev  0x00000109       0xc5 build/pickit3/production/_ext/1248472724/document.o
 .debug_abbrev  0x000001ce      0x2fb build/pickit3/production/_ext/1248472724/editor.o
 .debug_abbrev  0x000004c9      0x11b build/pickit3/production/_ext/1248472724/error.o
 .debug_abbrev  0x000005e4      0x123 build/pickit3/production/_ext/1248472724/exception.o
 .debug_abbrev  0x00000707      0x13a build/pickit3/production/_ext/1248472724/file.o
 .debug_abbrev  0x00000841       0xc1 build/pickit3/production/_ext/1248472724/float.o
 .debug_abbrev  0x00000902      0x13c build/pickit3/production/_ext/1248472724/function.o
 .debug_abbrev  0x00000a3e       0x6c build/pickit3/production/_ext/1248472724/globalvars.o
 .debug_abbrev  0x00000aaa       0xcb build/pickit3/production/_ext/1248472724/keyinput.o
 .debug_abbrev  0x00000b75      0x219 build/pickit3/production/_ext/1248472724/library.o
 .debug_abbrev  0x00000d8e       0xd5 build/pickit3/production/_ext/1248472724/linker.o
 .debug_abbrev  0x00000e63      0x179 build/pickit3/production/_ext/1248472724/main.o
 .debug_abbrev  0x00000fdc       0xff build/pickit3/production/_ext/1248472724/memory.o
 .debug_abbrev  0x000010db      0x1c1 build/pickit3/production/_ext/1248472724/music.o
 .debug_abbrev  0x0000129c       0xfd build/pickit3/production/_ext/1248472724/operator.o
 .debug_abbrev  0x00001399       0xd5 build/pickit3/production/_ext/1248472724/run.o
 .debug_abbrev  0x0000146e      0x19d build/pickit3/production/_ext/1248472724/statement.o
 .debug_abbrev  0x0000160b       0xb2 build/pickit3/production/_ext/1248472724/string.o
 .debug_abbrev  0x000016bd       0xe7 build/pickit3/production/_ext/1248472724/value.o
 .debug_abbrev  0x000017a4       0x12 build/pickit3/production/_ext/618058229/crt0.o
 .debug_abbrev  0x000017b6      0x154 build/pickit3/production/_ext/618058229/fontx2.o
 .debug_abbrev  0x0000190a      0x206 source/lib_videoout_machikania.X.a(videoout.o)
 .debug_abbrev  0x00001b10      0x110 source/lib_videoout_machikania.X.a(textvideolib.o)
 .debug_abbrev  0x00001c20       0xfb source/lib_videoout_machikania.X.a(graphvideolib.o)
 .debug_abbrev  0x00001d1b      0x293 source/ps2keyboard.X.a(ps2keyboard.o)
 .debug_abbrev  0x00001fae      0x354 source/libsdfsio.a(FSIO.o)
 .debug_abbrev  0x00002302      0x36d source/libsdfsio.a(SD-SPI.o)
 .debug_abbrev  0x0000266f       0x34 /opt/microchip/xc32/v1.32/bin/bin/../../lib/gcc/pic32mx/4.5.2/../../../../pic32mx/lib/size/libmchp_peripheral_32MX150F128B.a(soft_reset_lib.o)
 .debug_abbrev  0x000026a3       0x34 /opt/microchip/xc32/v1.32/bin/bin/../../lib/gcc/pic32mx/4.5.2/../../../../pic32mx/lib/size/libmchp_peripheral_32MX150F128B.a(osc_config_lib.o)
 .debug_abbrev  0x000026d7       0x25 /opt/microchip/xc32/v1.32/bin/bin/../../lib/gcc/pic32mx/4.5.2/../../../../pic32mx/lib/size/libmchp_peripheral_32MX150F128B.a(int_disable_interrupts_lib.o)
 .debug_abbrev  0x000026fc       0x25 /opt/microchip/xc32/v1.32/bin/bin/../../lib/gcc/pic32mx/4.5.2/../../../../pic32mx/lib/size/libmchp_peripheral_32MX150F128B.a(int_restore_interrupts_lib.o)
 .debug_abbrev  0x00002721       0x25 /opt/microchip/xc32/v1.32/bin/bin/../../lib/gcc/pic32mx/4.5.2/../../../../pic32mx/lib/size/libmchp_peripheral_32MX150F128B.a(int_enable_mv_int_lib.o)
 .debug_abbrev  0x00002746       0x25 /opt/microchip/xc32/v1.32/bin/bin/../../lib/gcc/pic32mx/4.5.2/../../../../pic32mx/lib/size/libmchp_peripheral_32MX150F128B.a(spi_getc_spi2_lib_legacy.o)
 .debug_abbrev  0x0000276b       0x25 /opt/microchip/xc32/v1.32/bin/bin/../../lib/gcc/pic32mx/4.5.2/../../../../pic32mx/lib/size/libmchp_peripheral_32MX150F128B.a(spi_open_spi2_lib_legacy.o)
 .debug_abbrev  0x00002790        0x1 /opt/microchip/xc32/v1.32/bin/bin/../../lib/gcc/pic32mx/4.5.2/../../../../pic32mx/lib/size/libmchp_peripheral_32MX150F128B.a(spi_brg_tbl_lib_legacy.o)
 .debug_abbrev  0x00002791       0x25 /opt/microchip/xc32/v1.32/bin/bin/../../lib/gcc/pic32mx/4.5.2/../../../../pic32mx/lib/size/libmchp_peripheral_32MX150F128B.a(nvm_write_word_lib.o)