Archive member included because of file (symbol)

source/lib_videoout_machikania.X.a(videoout.o)
                              build/default/production/_ext/1248472724/editor.o (TVRAM)
source/lib_videoout_machikania.X.a(textvideolib.o)
                              build/default/production/_ext/1248472724/editor.o (setcursor)
source/lib_videoout_machikania.X.a(graphvideolib.o)
                              build/default/production/_ext/1248472724/library.o (g_pset)
source/ps2keyboard.X.a(ps2keyboard.o)
                              build/default/production/_ext/1248472724/library.o (keytype)
source/libsdfsio.a(FSIO.o)    build/default/production/_ext/1248472724/editor.o (FSInit)
source/libsdfsio.a(SD-SPI.o)  source/libsdfsio.a(FSIO.o) (MDD_SDSPI_InitIO)
/opt/microchip/xc32/v1.32/bin/bin/../../lib/gcc/pic32mx/4.5.2/../../../../pic32mx/lib/size/libmchp_peripheral_32MX150F128B.a(soft_reset_lib.o)
                              build/default/production/_ext/1248472724/exception.o (SoftReset)
/opt/microchip/xc32/v1.32/bin/bin/../../lib/gcc/pic32mx/4.5.2/../../../../pic32mx/lib/size/libmchp_peripheral_32MX150F128B.a(osc_config_lib.o)
                              source/lib_videoout_machikania.X.a(videoout.o) (OSCConfig)
/opt/microchip/xc32/v1.32/bin/bin/../../lib/gcc/pic32mx/4.5.2/../../../../pic32mx/lib/size/libmchp_peripheral_32MX150F128B.a(int_disable_interrupts_lib.o)
                              /opt/microchip/xc32/v1.32/bin/bin/../../lib/gcc/pic32mx/4.5.2/../../../../pic32mx/lib/size/libmchp_peripheral_32MX150F128B.a(soft_reset_lib.o) (INTDisableInterrupts)
/opt/microchip/xc32/v1.32/bin/bin/../../lib/gcc/pic32mx/4.5.2/../../../../pic32mx/lib/size/libmchp_peripheral_32MX150F128B.a(int_restore_interrupts_lib.o)
                              /opt/microchip/xc32/v1.32/bin/bin/../../lib/gcc/pic32mx/4.5.2/../../../../pic32mx/lib/size/libmchp_peripheral_32MX150F128B.a(osc_config_lib.o) (INTRestoreInterrupts)
/opt/microchip/xc32/v1.32/bin/bin/../../lib/gcc/pic32mx/4.5.2/../../../../pic32mx/lib/size/libmchp_peripheral_32MX150F128B.a(int_enable_mv_int_lib.o)
                              source/lib_videoout_machikania.X.a(videoout.o) (INTEnableSystemMultiVectoredInt)
/opt/microchip/xc32/v1.32/bin/bin/../../lib/gcc/pic32mx/4.5.2/../../../../pic32mx/lib/size/libmchp_peripheral_32MX150F128B.a(spi_getc_spi2_lib_legacy.o)
                              source/libsdfsio.a(SD-SPI.o) (getcSPI2)
/opt/microchip/xc32/v1.32/bin/bin/../../lib/gcc/pic32mx/4.5.2/../../../../pic32mx/lib/size/libmchp_peripheral_32MX150F128B.a(spi_open_spi2_lib_legacy.o)
                              source/libsdfsio.a(SD-SPI.o) (OpenSPI2)
/opt/microchip/xc32/v1.32/bin/bin/../../lib/gcc/pic32mx/4.5.2/../../../../pic32mx/lib/size/libmchp_peripheral_32MX150F128B.a(spi_brg_tbl_lib_legacy.o)
                              /opt/microchip/xc32/v1.32/bin/bin/../../lib/gcc/pic32mx/4.5.2/../../../../pic32mx/lib/size/libmchp_peripheral_32MX150F128B.a(spi_open_spi2_lib_legacy.o) (_SpiBrgConvTbl)
/opt/microchip/xc32/v1.32/bin/bin/../../lib/gcc/pic32mx/4.5.2/../../../../pic32mx/lib/size/libmchp_peripheral_32MX150F128B.a(nvm_write_word_lib.o)
                              build/default/production/_ext/1248472724/main.o (NVMWriteWord)
/opt/microchip/xc32/v1.32/bin/bin/../../lib/gcc/pic32mx/4.5.2/../../../../pic32mx/lib/size/libmchp_peripheral_32MX150F128B.a(int_enable_interrupts_lib.o)
                              /opt/microchip/xc32/v1.32/bin/bin/../../lib/gcc/pic32mx/4.5.2/../../../../pic32mx/lib/size/libmchp_peripheral_32MX150F128B.a(int_enable_mv_int_lib.o) (INTEnableInterrupts)
/opt/microchip/xc32/v1.32/bin/bin/../../lib/gcc/pic32mx/4.5.2/../../../../pic32mx/lib/size/libmchp_peripheral_32MX150F128B.a(nvm_operation_lib.o)
                              /opt/microchip/xc32/v1.32/bin/bin/../../lib/gcc/pic32mx/4.5.2/../../../../pic32mx/lib/size/libmchp_peripheral_32MX150F128B.a(nvm_write_word_lib.o) (_NVMOperation)
/opt/microchip/xc32/v1.32/bin/bin/../../lib/gcc/pic32mx/4.5.2/../../../../pic32mx/lib/size/libpic32.a(memset.o)
                              source/libsdfsio.a(FSIO.o) (memset)
/opt/microchip/xc32/v1.32/bin/bin/../../lib/gcc/pic32mx/4.5.2/../../../../pic32mx/lib/size/libpic32.a(strcpy.o)
                              source/libsdfsio.a(FSIO.o) (strcpy)
/opt/microchip/xc32/v1.32/bin/bin/../../lib/gcc/pic32mx/4.5.2/../../../../pic32mx/lib/size/libpic32.a(strlen.o)
                              source/libsdfsio.a(FSIO.o) (strlen)
/opt/microchip/xc32/v1.32/bin/bin/../../lib/gcc/pic32mx/4.5.2/../../../../pic32mx/lib/size/libpic32.a(default-bootstrap-exception-handler.o)
                              /opt/microchip/xc32/v1.32/bin/bin/../../lib/gcc/pic32mx/4.5.2/../../../../pic32mx/lib/./proc/32MX150F128B/crt0_mips32r2.o (_bootstrap_exception_handler)
/opt/microchip/xc32/v1.32/bin/bin/../../lib/gcc/pic32mx/4.5.2/../../../../pic32mx/lib/size/libpic32.a(default-on-reset.o)
[...]
Memory Configuration

Name             Origin             Length             Attributes
kseg0_program_mem 0x9d007490         0x00038b70         xr
exception_mem    0x9d006000         0x00001000
debug_exec_mem   0x9fc00490         0x00000760
kseg0_boot_mem   0x9d006000         0x00000000
kseg1_boot_mem   0x9d007000         0x00000490
config3          0xbfc00bf0         0x00000004
config2          0xbfc00bf4         0x00000004
config1          0xbfc00bf8         0x00000004
config0          0xbfc00bfc         0x00000004
kseg1_data_mem   0xa0000000         0x00010000         w !x
sfrs             0xbf800000         0x00100000
configsfrs       0xbfc00bf0         0x00000010
*default*        0x00000000         0xffffffff

Linker script and memory map

LOAD /opt/microchip/xc32/v1.32/bin/bin/../../lib/gcc/pic32mx/4.5.2/../../../../pic32mx/lib/./proc/32MX150F128B/crt0_mips32r2.o
LOAD /opt/microchip/xc32/v1.32/bin/bin/../../lib/gcc/pic32mx/4.5.2/../../../../pic32mx/lib/size/debug-exception-return.o
LOAD build/default/production/_ext/1248472724/compiler.o
LOAD build/default/production/_ext/1248472724/debug.o
LOAD build/default/production/_ext/1248472724/document.o
LOAD build/default/production/_ext/1248472724/editor.o
LOAD build/default/production/_ext/1248472724/error.o
LOAD build/default/production/_ext/1248472724/exception.o
LOAD build/default/production/_ext/1248472724/file.o
LOAD build/default/production/_ext/1248472724/float.o
LOAD build/default/production/_ext/1248472724/function.o
LOAD build/default/production/_ext/1248472724/globalvars.o
LOAD build/default/production/_ext/1248472724/keyinput.o
LOAD build/default/production/_ext/1248472724/library.o
LOAD build/default/production/_ext/1248472724/linker.o
LOAD build/default/production/_ext/1248472724/main.o
LOAD build/default/production/_ext/1248472724/memory.o
LOAD build/default/production/_ext/1248472724/music.o
LOAD build/default/production/_ext/1248472724/operator.o
LOAD build/default/production/_ext/1248472724/run.o
LOAD build/default/production/_ext/1248472724/statement.o
LOAD build/default/production/_ext/1248472724/string.o
LOAD build/default/production/_ext/1248472724/value.o
LOAD build/default/production/_ext/618058229/fontx2.o
LOAD source/lib_videoout_machikania.X.a
LOAD source/ps2keyboard.X.a
LOAD source/libsdfsio.a
                0x00000001                __MPLAB_BUILD = 0x1
                0x00000400                PROVIDE (_min_stack_size, 0x400)
LOAD /opt/microchip/xc32/v1.32/bin/bin/../../lib/gcc/pic32mx/4.5.2/../../../../pic32mx/lib/./proc/32MX150F128B/processor.o
START GROUP
LOAD /opt/microchip/xc32/v1.32/bin/bin/../../lib/gcc/pic32mx/4.5.2/../../../../pic32mx/lib/size/libmchp_peripheral.a
END GROUP
START GROUP
LOAD /opt/microchip/xc32/v1.32/bin/bin/../../lib/gcc/pic32mx/4.5.2/../../../../pic32mx/lib/size/libmchp_peripheral_32MX150F128B.a
END GROUP
                0x00000001                PROVIDE (_vector_spacing, 0x1)
                0x9d006000                _ebase_address = 0x9d006000
                0x9d007000                _RESET_ADDR = 0x9d007000
                0x9d007380                _BEV_EXCPT_ADDR = 0x9d007380
                0x9d007480                _DBG_EXCPT_ADDR = 0x9d007480
                0x9fc00490                _DBG_CODE_ADDR = 0x9fc00490
                0x00000760                _DBG_CODE_SIZE = 0x760
                0x9d006180                _GEN_EXCPT_ADDR = (_ebase_address + 0x180)

.config_BFC00BF0
                0xbfc00bf0        0x4
 *(.config_BFC00BF0)
 .config_BFC00BF0
                0xbfc00bf0        0x4 build/default/production/_ext/1248472724/main.o

.config_BFC00BF4
                0xbfc00bf4        0x4
 *(.config_BFC00BF4)
 .config_BFC00BF4
                0xbfc00bf4        0x4 build/default/production/_ext/1248472724/main.o

.config_BFC00BF8
                0xbfc00bf8        0x4
 *(.config_BFC00BF8)
 .config_BFC00BF8
                0xbfc00bf8        0x4 build/default/production/_ext/1248472724/main.o

.config_BFC00BFC
                0xbfc00bfc        0x4
 *(.config_BFC00BFC)
 .config_BFC00BFC
                0xbfc00bfc        0x4 build/default/production/_ext/1248472724/main.o

.reset          0x9d007000      0x1c4
 *(.reset)
 .reset         0x9d007000      0x1c4 /opt/microchip/xc32/v1.32/bin/bin/../../lib/gcc/pic32mx/4.5.2/../../../../pic32mx/lib/./proc/32MX150F128B/crt0_mips32r2.o
                0x9d007000                _reset
 *(.reset.startup)

.bev_excpt      0x9d007380       0x10
 *(.bev_handler)
 .bev_handler   0x9d007380       0x10 /opt/microchip/xc32/v1.32/bin/bin/../../lib/gcc/pic32mx/4.5.2/../../../../pic32mx/lib/./proc/32MX150F128B/crt0_mips32r2.o

.dbg_excpt      0x9d007480        0x0
                0x9d007480                . = (. + DEFINED (_DEBUGGER)?0x8:0x0)

.dbg_code       0x9fc00490        0x0
                0x9fc00490                . = (. + DEFINED (_DEBUGGER)?_DBG_CODE_SIZE:0x0)

.app_excpt      0x9d006180       0x10
 *(.gen_handler)
 .gen_handler   0x9d006180       0x10 /opt/microchip/xc32/v1.32/bin/bin/../../lib/gcc/pic32mx/4.5.2/../../../../pic32mx/lib/./proc/32MX150F128B/crt0_mips32r2.o

.vector_0       0x9d006200        0x8
 *(.vector_0)
 .vector_0      0x9d006200        0x8 /opt/microchip/xc32/v1.32/bin/bin/../../lib/gcc/pic32mx/4.5.2/../../../../pic32mx/lib/size/libpic32.a(vector0.o)
                0x9d006200                __vector_dispatch_0
                0x00000001                ASSERT (((_vector_spacing == 0x0) || (SIZEOF (.vector_0) <= (_vector_spacing << 0x5))), function at exception vector 0 too large)

.vector_1       0x9d006220        0x8
 *(.vector_1)
 .vector_1      0x9d006220        0x8 /opt/microchip/xc32/v1.32/bin/bin/../../lib/gcc/pic32mx/4.5.2/../../../../pic32mx/lib/size/libpic32.a(vector1.o)
                0x9d006220                __vector_dispatch_1
                0x00000001                ASSERT (((_vector_spacing == 0x0) || (SIZEOF (.vector_1) <= (_vector_spacing << 0x5))), function at exception vector 1 too large)

.vector_2       0x9d006240        0x8
 *(.vector_2)
 .vector_2      0x9d006240        0x8 /opt/microchip/xc32/v1.32/bin/bin/../../lib/gcc/pic32mx/4.5.2/../../../../pic32mx/lib/size/libpic32.a(vector2.o)
                0x9d006240                __vector_dispatch_2
                0x00000001                ASSERT (((_vector_spacing == 0x0) || (SIZEOF (.vector_2) <= (_vector_spacing << 0x5))), function at exception vector 2 too large)

.vector_3       0x9d006260        0x8
 *(.vector_3)
 .vector_3      0x9d006260        0x8 /opt/microchip/xc32/v1.32/bin/bin/../../lib/gcc/pic32mx/4.5.2/../../../../pic32mx/lib/size/libpic32.a(vector3.o)
                0x9d006260                __vector_dispatch_3
                0x00000001                ASSERT (((_vector_spacing == 0x0) || (SIZEOF (.vector_3) <= (_vector_spacing << 0x5))), function at exception vector 3 too large)

.vector_4       0x9d006280        0x8
 *(.vector_4)
 .vector_4      0x9d006280        0x8 /opt/microchip/xc32/v1.32/bin/bin/../../lib/gcc/pic32mx/4.5.2/../../../../pic32mx/lib/size/libpic32.a(vector4.o)
                0x9d006280                __vector_dispatch_4
                0x00000001                ASSERT (((_vector_spacing == 0x0) || (SIZEOF (.vector_4) <= (_vector_spacing << 0x5))), function at exception vector 4 too large)

.vector_5       0x9d0062a0        0x8
 *(.vector_5)
 .vector_5      0x9d0062a0        0x8 /opt/microchip/xc32/v1.32/bin/bin/../../lib/gcc/pic32mx/4.5.2/../../../../pic32mx/lib/size/libpic32.a(vector5.o)
                0x9d0062a0                __vector_dispatch_5
                0x00000001                ASSERT (((_vector_spacing == 0x0) || (SIZEOF (.vector_5) <= (_vector_spacing << 0x5))), function at exception vector 5 too large)

.vector_6       0x9d0062c0        0x8
 *(.vector_6)
 .vector_6      0x9d0062c0        0x8 source/lib_videoout_machikania.X.a(videoout.o)
                0x9d0062c0                __vector_dispatch_6
                0x00000001                ASSERT (((_vector_spacing == 0x0) || (SIZEOF (.vector_6) <= (_vector_spacing << 0x5))), function at exception vector 6 too large)

.vector_7       0x9d0062e0        0x8
 *(.vector_7)
 .vector_7      0x9d0062e0        0x8 /opt/microchip/xc32/v1.32/bin/bin/../../lib/gcc/pic32mx/4.5.2/../../../../pic32mx/lib/size/libpic32.a(vector7.o)
                0x9d0062e0                __vector_dispatch_7
                0x00000001                ASSERT (((_vector_spacing == 0x0) || (SIZEOF (.vector_7) <= (_vector_spacing << 0x5))), function at exception vector 7 too large)

.vector_8       0x9d006300        0x8
 *(.vector_8)
 .vector_8      0x9d006300        0x8 source/lib_videoout_machikania.X.a(videoout.o)
                0x9d006300                __vector_dispatch_8
                0x00000001                ASSERT (((_vector_spacing == 0x0) || (SIZEOF (.vector_8) <= (_vector_spacing << 0x5))), function at exception vector 8 too large)

.vector_9       0x9d006320        0x8
 *(.vector_9)
 .vector_9      0x9d006320        0x8 /opt/microchip/xc32/v1.32/bin/bin/../../lib/gcc/pic32mx/4.5.2/../../../../pic32mx/lib/size/libpic32.a(vector9.o)
                0x9d006320                __vector_dispatch_9
                0x00000001                ASSERT (((_vector_spacing == 0x0) || (SIZEOF (.vector_9) <= (_vector_spacing << 0x5))), function at exception vector 9 too large)

.vector_10      0x9d006340        0x8
 *(.vector_10)
 .vector_10     0x9d006340        0x8 source/lib_videoout_machikania.X.a(videoout.o)
                0x9d006340                __vector_dispatch_10
                0x00000001                ASSERT (((_vector_spacing == 0x0) || (SIZEOF (.vector_10) <= (_vector_spacing << 0x5))), function at exception vector 10 too large)

.vector_11      0x9d006360        0x8
 *(.vector_11)
 .vector_11     0x9d006360        0x8 /opt/microchip/xc32/v1.32/bin/bin/../../lib/gcc/pic32mx/4.5.2/../../../../pic32mx/lib/size/libpic32.a(vector11.o)
                0x9d006360                __vector_dispatch_11
                0x00000001                ASSERT (((_vector_spacing == 0x0) || (SIZEOF (.vector_11) <= (_vector_spacing << 0x5))), function at exception vector 11 too large)

.vector_12      0x9d006380        0x8
 *(.vector_12)
 .vector_12     0x9d006380        0x8 /opt/microchip/xc32/v1.32/bin/bin/../../lib/gcc/pic32mx/4.5.2/../../../../pic32mx/lib/size/libpic32.a(vector12.o)
                0x9d006380                __vector_dispatch_12
                0x00000001                ASSERT (((_vector_spacing == 0x0) || (SIZEOF (.vector_12) <= (_vector_spacing << 0x5))), function at exception vector 12 too large)

.vector_13      0x9d0063a0        0x8
 *(.vector_13)
 .vector_13     0x9d0063a0        0x8 /opt/microchip/xc32/v1.32/bin/bin/../../lib/gcc/pic32mx/4.5.2/../../../../pic32mx/lib/size/libpic32.a(vector13.o)
                0x9d0063a0                __vector_dispatch_13
                0x00000001                ASSERT (((_vector_spacing == 0x0) || (SIZEOF (.vector_13) <= (_vector_spacing << 0x5))), function at exception vector 13 too large)

.vector_14      0x9d0063c0        0x8
 *(.vector_14)
 .vector_14     0x9d0063c0        0x8 source/lib_videoout_machikania.X.a(videoout.o)
                0x9d0063c0                __vector_dispatch_14
                0x00000001                ASSERT (((_vector_spacing == 0x0) || (SIZEOF (.vector_14) <= (_vector_spacing << 0x5))), function at exception vector 14 too large)

.vector_15      0x9d0063e0        0x8
 *(.vector_15)
 .vector_15     0x9d0063e0        0x8 /opt/microchip/xc32/v1.32/bin/bin/../../lib/gcc/pic32mx/4.5.2/../../../../pic32mx/lib/size/libpic32.a(vector15.o)
                0x9d0063e0                __vector_dispatch_15
                0x00000001                ASSERT (((_vector_spacing == 0x0) || (SIZEOF (.vector_15) <= (_vector_spacing << 0x5))), function at exception vector 15 too large)

.vector_16      0x9d006400        0x8
 *(.vector_16)
 .vector_16     0x9d006400        0x8 build/default/production/_ext/1248472724/music.o
                0x9d006400                __vector_dispatch_16
                0x00000001                ASSERT (((_vector_spacing == 0x0) || (SIZEOF (.vector_16) <= (_vector_spacing << 0x5))), function at exception vector 16 too large)

.vector_17      0x9d006420        0x8
 *(.vector_17)
 .vector_17     0x9d006420        0x8 /opt/microchip/xc32/v1.32/bin/bin/../../lib/gcc/pic32mx/4.5.2/../../../../pic32mx/lib/size/libpic32.a(vector17.o)
                0x9d006420                __vector_dispatch_17
                0x00000001                ASSERT (((_vector_spacing == 0x0) || (SIZEOF (.vector_17) <= (_vector_spacing << 0x5))), function at exception vector 17 too large)

.vector_18      0x9d006440        0x8
 *(.vector_18)
 .vector_18     0x9d006440        0x8 /opt/microchip/xc32/v1.32/bin/bin/../../lib/gcc/pic32mx/4.5.2/../../../../pic32mx/lib/size/libpic32.a(vector18.o)
                0x9d006440                __vector_dispatch_18
                0x00000001                ASSERT (((_vector_spacing == 0x0) || (SIZEOF (.vector_18) <= (_vector_spacing << 0x5))), function at exception vector 18 too large)

.vector_19      0x9d006460        0x8
 *(.vector_19)
 .vector_19     0x9d006460        0x8 /opt/microchip/xc32/v1.32/bin/bin/../../lib/gcc/pic32mx/4.5.2/../../../../pic32mx/lib/size/libpic32.a(vector19.o)
                0x9d006460                __vector_dispatch_19
                0x00000001                ASSERT (((_vector_spacing == 0x0) || (SIZEOF (.vector_19) <= (_vector_spacing << 0x5))), function at exception vector 19 too large)

.vector_20      0x9d006480        0x8
 *(.vector_20)
 .vector_20     0x9d006480        0x8 source/ps2keyboard.X.a(ps2keyboard.o)
                0x9d006480                __vector_dispatch_20
                0x00000001                ASSERT (((_vector_spacing == 0x0) || (SIZEOF (.vector_20) <= (_vector_spacing << 0x5))), function at exception vector 20 too large)

.vector_21      0x9d0064a0        0x8
 *(.vector_21)
 .vector_21     0x9d0064a0        0x8 /opt/microchip/xc32/v1.32/bin/bin/../../lib/gcc/pic32mx/4.5.2/../../../../pic32mx/lib/size/libpic32.a(vector21.o)
                0x9d0064a0                __vector_dispatch_21
                0x00000001                ASSERT (((_vector_spacing == 0x0) || (SIZEOF (.vector_21) <= (_vector_spacing << 0x5))), function at exception vector 21 too large)

.vector_22      0x9d0064c0        0x8
 *(.vector_22)
 .vector_22     0x9d0064c0        0x8 /opt/microchip/xc32/v1.32/bin/bin/../../lib/gcc/pic32mx/4.5.2/../../../../pic32mx/lib/size/libpic32.a(vector22.o)
                0x9d0064c0                __vector_dispatch_22
                0x00000001                ASSERT (((_vector_spacing == 0x0) || (SIZEOF (.vector_22) <= (_vector_spacing << 0x5))), function at exception vector 22 too large)

.vector_23      0x9d0064e0        0x8
 *(.vector_23)
 .vector_23     0x9d0064e0        0x8 /opt/microchip/xc32/v1.32/bin/bin/../../lib/gcc/pic32mx/4.5.2/../../../../pic32mx/lib/size/libpic32.a(vector23.o)
                0x9d0064e0                __vector_dispatch_23
                0x00000001                ASSERT (((_vector_spacing == 0x0) || (SIZEOF (.vector_23) <= (_vector_spacing << 0x5))), function at exception vector 23 too large)

.vector_24      0x9d006500        0x8
 *(.vector_24)
 .vector_24     0x9d006500        0x8 /opt/microchip/xc32/v1.32/bin/bin/../../lib/gcc/pic32mx/4.5.2/../../../../pic32mx/lib/size/libpic32.a(vector24.o)
                0x9d006500                __vector_dispatch_24
                0x00000001                ASSERT (((_vector_spacing == 0x0) || (SIZEOF (.vector_24) <= (_vector_spacing << 0x5))), function at exception vector 24 too large)

.vector_25      0x9d006520        0x8
 *(.vector_25)
 .vector_25     0x9d006520        0x8 /opt/microchip/xc32/v1.32/bin/bin/../../lib/gcc/pic32mx/4.5.2/../../../../pic32mx/lib/size/libpic32.a(vector25.o)
                0x9d006520                __vector_dispatch_25
                0x00000001                ASSERT (((_vector_spacing == 0x0) || (SIZEOF (.vector_25) <= (_vector_spacing << 0x5))), function at exception vector 25 too large)

.vector_26      0x9d006540        0x8
 *(.vector_26)
 .vector_26     0x9d006540        0x8 /opt/microchip/xc32/v1.32/bin/bin/../../lib/gcc/pic32mx/4.5.2/../../../../pic32mx/lib/size/libpic32.a(vector26.o)
                0x9d006540                __vector_dispatch_26
                0x00000001                ASSERT (((_vector_spacing == 0x0) || (SIZEOF (.vector_26) <= (_vector_spacing << 0x5))), function at exception vector 26 too large)

.vector_27      0x9d006560        0x8
 *(.vector_27)
 .vector_27     0x9d006560        0x8 /opt/microchip/xc32/v1.32/bin/bin/../../lib/gcc/pic32mx/4.5.2/../../../../pic32mx/lib/size/libpic32.a(vector27.o)
                0x9d006560                __vector_dispatch_27
                0x00000001                ASSERT (((_vector_spacing == 0x0) || (SIZEOF (.vector_27) <= (_vector_spacing << 0x5))), function at exception vector 27 too large)

.vector_28      0x9d006580        0x8
 *(.vector_28)
 .vector_28     0x9d006580        0x8 /opt/microchip/xc32/v1.32/bin/bin/../../lib/gcc/pic32mx/4.5.2/../../../../pic32mx/lib/size/libpic32.a(vector28.o)
                0x9d006580                __vector_dispatch_28
                0x00000001                ASSERT (((_vector_spacing == 0x0) || (SIZEOF (.vector_28) <= (_vector_spacing << 0x5))), function at exception vector 28 too large)

.vector_29      0x9d0065a0        0x8
 *(.vector_29)
 .vector_29     0x9d0065a0        0x8 /opt/microchip/xc32/v1.32/bin/bin/../../lib/gcc/pic32mx/4.5.2/../../../../pic32mx/lib/size/libpic32.a(vector29.o)
                0x9d0065a0                __vector_dispatch_29
                0x00000001                ASSERT (((_vector_spacing == 0x0) || (SIZEOF (.vector_29) <= (_vector_spacing << 0x5))), function at exception vector 29 too large)

.vector_30      0x9d0065c0        0x8
 *(.vector_30)
 .vector_30     0x9d0065c0        0x8 /opt/microchip/xc32/v1.32/bin/bin/../../lib/gcc/pic32mx/4.5.2/../../../../pic32mx/lib/size/libpic32.a(vector30.o)
                0x9d0065c0                __vector_dispatch_30
                0x00000001                ASSERT (((_vector_spacing == 0x0) || (SIZEOF (.vector_30) <= (_vector_spacing << 0x5))), function at exception vector 30 too large)

.vector_31      0x9d0065e0        0x8
 *(.vector_31)
 .vector_31     0x9d0065e0        0x8 /opt/microchip/xc32/v1.32/bin/bin/../../lib/gcc/pic32mx/4.5.2/../../../../pic32mx/lib/size/libpic32.a(vector31.o)
                0x9d0065e0                __vector_dispatch_31
                0x00000001                ASSERT (((_vector_spacing == 0x0) || (SIZEOF (.vector_31) <= (_vector_spacing << 0x5))), function at exception vector 31 too large)

.vector_32      0x9d006600        0x8
 *(.vector_32)
 .vector_32     0x9d006600        0x8 /opt/microchip/xc32/v1.32/bin/bin/../../lib/gcc/pic32mx/4.5.2/../../../../pic32mx/lib/size/libpic32.a(vector32.o)
                0x9d006600                __vector_dispatch_32
                0x00000001                ASSERT (((_vector_spacing == 0x0) || (SIZEOF (.vector_32) <= (_vector_spacing << 0x5))), function at exception vector 32 too large)

.vector_33      0x9d006620        0x8
 *(.vector_33)
 .vector_33     0x9d006620        0x8 /opt/microchip/xc32/v1.32/bin/bin/../../lib/gcc/pic32mx/4.5.2/../../../../pic32mx/lib/size/libpic32.a(vector33.o)
                0x9d006620                __vector_dispatch_33
                0x00000001                ASSERT (((_vector_spacing == 0x0) || (SIZEOF (.vector_33) <= (_vector_spacing << 0x5))), function at exception vector 33 too large)

.vector_34      0x9d006640        0x8
 *(.vector_34)
 .vector_34     0x9d006640        0x8 source/ps2keyboard.X.a(ps2keyboard.o)
                0x9d006640                __vector_dispatch_34
                0x00000001                ASSERT (((_vector_spacing == 0x0) || (SIZEOF (.vector_34) <= (_vector_spacing << 0x5))), function at exception vector 34 too large)

.vector_35      0x9d006660        0x8
 *(.vector_35)
 .vector_35     0x9d006660        0x8 /opt/microchip/xc32/v1.32/bin/bin/../../lib/gcc/pic32mx/4.5.2/../../../../pic32mx/lib/size/libpic32.a(vector35.o)
                0x9d006660                __vector_dispatch_35
                0x00000001                ASSERT (((_vector_spacing == 0x0) || (SIZEOF (.vector_35) <= (_vector_spacing << 0x5))), function at exception vector 35 too large)

.vector_36      0x9d006680        0x8
 *(.vector_36)
 .vector_36     0x9d006680        0x8 /opt/microchip/xc32/v1.32/bin/bin/../../lib/gcc/pic32mx/4.5.2/../../../../pic32mx/lib/size/libpic32.a(vector36.o)
                0x9d006680                __vector_dispatch_36
                0x00000001                ASSERT (((_vector_spacing == 0x0) || (SIZEOF (.vector_36) <= (_vector_spacing << 0x5))), function at exception vector 36 too large)

.vector_37      0x9d0066a0        0x8
 *(.vector_37)
 .vector_37     0x9d0066a0        0x8 /opt/microchip/xc32/v1.32/bin/bin/../../lib/gcc/pic32mx/4.5.2/../../../../pic32mx/lib/size/libpic32.a(vector37.o)
                0x9d0066a0                __vector_dispatch_37
                0x00000001                ASSERT (((_vector_spacing == 0x0) || (SIZEOF (.vector_37) <= (_vector_spacing << 0x5))), function at exception vector 37 too large)

.vector_38      0x9d0066c0        0x8
 *(.vector_38)
 .vector_38     0x9d0066c0        0x8 /opt/microchip/xc32/v1.32/bin/bin/../../lib/gcc/pic32mx/4.5.2/../../../../pic32mx/lib/size/libpic32.a(vector38.o)
                0x9d0066c0                __vector_dispatch_38
                0x00000001                ASSERT (((_vector_spacing == 0x0) || (SIZEOF (.vector_38) <= (_vector_spacing << 0x5))), function at exception vector 38 too large)

.vector_39      0x9d0066e0        0x8
 *(.vector_39)
 .vector_39     0x9d0066e0        0x8 /opt/microchip/xc32/v1.32/bin/bin/../../lib/gcc/pic32mx/4.5.2/../../../../pic32mx/lib/size/libpic32.a(vector39.o)
                0x9d0066e0                __vector_dispatch_39
                0x00000001                ASSERT (((_vector_spacing == 0x0) || (SIZEOF (.vector_39) <= (_vector_spacing << 0x5))), function at exception vector 39 too large)

.vector_40      0x9d006700        0x8
 *(.vector_40)
 .vector_40     0x9d006700        0x8 /opt/microchip/xc32/v1.32/bin/bin/../../lib/gcc/pic32mx/4.5.2/../../../../pic32mx/lib/size/libpic32.a(vector40.o)
                0x9d006700                __vector_dispatch_40
                0x00000001                ASSERT (((_vector_spacing == 0x0) || (SIZEOF (.vector_40) <= (_vector_spacing << 0x5))), function at exception vector 40 too large)

.vector_41      0x9d006720        0x8
 *(.vector_41)
 .vector_41     0x9d006720        0x8 /opt/microchip/xc32/v1.32/bin/bin/../../lib/gcc/pic32mx/4.5.2/../../../../pic32mx/lib/size/libpic32.a(vector41.o)
                0x9d006720                __vector_dispatch_41
                0x00000001                ASSERT (((_vector_spacing == 0x0) || (SIZEOF (.vector_41) <= (_vector_spacing << 0x5))), function at exception vector 41 too large)

.vector_42      0x9d006740        0x8
 *(.vector_42)
 .vector_42     0x9d006740        0x8 /opt/microchip/xc32/v1.32/bin/bin/../../lib/gcc/pic32mx/4.5.2/../../../../pic32mx/lib/size/libpic32.a(vector42.o)
                0x9d006740                __vector_dispatch_42
                0x00000001                ASSERT (((_vector_spacing == 0x0) || (SIZEOF (.vector_42) <= (_vector_spacing << 0x5))), function at exception vector 42 too large)

.vector_43      0x9d006760        0x8
 *(.vector_43)
 .vector_43     0x9d006760        0x8 /opt/microchip/xc32/v1.32/bin/bin/../../lib/gcc/pic32mx/4.5.2/../../../../pic32mx/lib/size/libpic32.a(vector43.o)
                0x9d006760                __vector_dispatch_43
                0x00000001                ASSERT (((_vector_spacing == 0x0) || (SIZEOF (.vector_43) <= (_vector_spacing << 0x5))), function at exception vector 43 too large)

.vector_44      0x9d006780        0x8
 *(.vector_44)
 .vector_44     0x9d006780        0x8 /opt/microchip/xc32/v1.32/bin/bin/../../lib/gcc/pic32mx/4.5.2/../../../../pic32mx/lib/size/libpic32.a(vector44.o)
                0x9d006780                __vector_dispatch_44
                0x00000001                ASSERT (((_vector_spacing == 0x0) || (SIZEOF (.vector_44) <= (_vector_spacing << 0x5))), function at exception vector 44 too large)

.vector_45      0x9d0067a0        0x8
 *(.vector_45)
 .vector_45     0x9d0067a0        0x8 /opt/microchip/xc32/v1.32/bin/bin/../../lib/gcc/pic32mx/4.5.2/../../../../pic32mx/lib/size/libpic32.a(vector45.o)
                0x9d0067a0                __vector_dispatch_45
                0x00000001                ASSERT (((_vector_spacing == 0x0) || (SIZEOF (.vector_45) <= (_vector_spacing << 0x5))), function at exception vector 45 too large)

.vector_46      0x9d0067c0        0x8
 *(.vector_46)
 .vector_46     0x9d0067c0        0x8 /opt/microchip/xc32/v1.32/bin/bin/../../lib/gcc/pic32mx/4.5.2/../../../../pic32mx/lib/size/libpic32.a(vector46.o)
                0x9d0067c0                __vector_dispatch_46
                0x00000001                ASSERT (((_vector_spacing == 0x0) || (SIZEOF (.vector_46) <= (_vector_spacing << 0x5))), function at exception vector 46 too large)

.vector_47      0x9d0067e0        0x8
 *(.vector_47)
 .vector_47     0x9d0067e0        0x8 /opt/microchip/xc32/v1.32/bin/bin/../../lib/gcc/pic32mx/4.5.2/../../../../pic32mx/lib/size/libpic32.a(vector47.o)
                0x9d0067e0                __vector_dispatch_47
                0x00000001                ASSERT (((_vector_spacing == 0x0) || (SIZEOF (.vector_47) <= (_vector_spacing << 0x5))), function at exception vector 47 too large)

.vector_48      0x9d006800        0x8
 *(.vector_48)
 .vector_48     0x9d006800        0x8 /opt/microchip/xc32/v1.32/bin/bin/../../lib/gcc/pic32mx/4.5.2/../../../../pic32mx/lib/size/libpic32.a(vector48.o)
                0x9d006800                __vector_dispatch_48
                0x00000001                ASSERT (((_vector_spacing == 0x0) || (SIZEOF (.vector_48) <= (_vector_spacing << 0x5))), function at exception vector 48 too large)

.vector_49      0x9d006820        0x8
 *(.vector_49)
 .vector_49     0x9d006820        0x8 /opt/microchip/xc32/v1.32/bin/bin/../../lib/gcc/pic32mx/4.5.2/../../../../pic32mx/lib/size/libpic32.a(vector49.o)
                0x9d006820                __vector_dispatch_49
                0x00000001                ASSERT (((_vector_spacing == 0x0) || (SIZEOF (.vector_49) <= (_vector_spacing << 0x5))), function at exception vector 49 too large)

.vector_50      0x9d006840        0x8
 *(.vector_50)
 .vector_50     0x9d006840        0x8 /opt/microchip/xc32/v1.32/bin/bin/../../lib/gcc/pic32mx/4.5.2/../../../../pic32mx/lib/size/libpic32.a(vector50.o)
                0x9d006840                __vector_dispatch_50
                0x00000001                ASSERT (((_vector_spacing == 0x0) || (SIZEOF (.vector_50) <= (_vector_spacing << 0x5))), function at exception vector 50 too large)

.vector_51      0x9d006860        0x8
 *(.vector_51)
 .vector_51     0x9d006860        0x8 /opt/microchip/xc32/v1.32/bin/bin/../../lib/gcc/pic32mx/4.5.2/../../../../pic32mx/lib/size/libpic32.a(vector51.o)
                0x9d006860                __vector_dispatch_51
                0x00000001                ASSERT (((_vector_spacing == 0x0) || (SIZEOF (.vector_51) <= (_vector_spacing << 0x5))), function at exception vector 51 too large)

.vector_52      0x9d006880        0x8
 *(.vector_52)
 .vector_52     0x9d006880        0x8 /opt/microchip/xc32/v1.32/bin/bin/../../lib/gcc/pic32mx/4.5.2/../../../../pic32mx/lib/size/libpic32.a(vector52.o)
                0x9d006880                __vector_dispatch_52
                0x00000001                ASSERT (((_vector_spacing == 0x0) || (SIZEOF (.vector_52) <= (_vector_spacing << 0x5))), function at exception vector 52 too large)

.vector_53      0x9d0068a0        0x8
 *(.vector_53)
 .vector_53     0x9d0068a0        0x8 /opt/microchip/xc32/v1.32/bin/bin/../../lib/gcc/pic32mx/4.5.2/../../../../pic32mx/lib/size/libpic32.a(vector53.o)
                0x9d0068a0                __vector_dispatch_53
                0x00000001                ASSERT (((_vector_spacing == 0x0) || (SIZEOF (.vector_53) <= (_vector_spacing << 0x5))), function at exception vector 53 too large)

.vector_54      0x9d0068c0        0x8
 *(.vector_54)
 .vector_54     0x9d0068c0        0x8 /opt/microchip/xc32/v1.32/bin/bin/../../lib/gcc/pic32mx/4.5.2/../../../../pic32mx/lib/size/libpic32.a(vector54.o)
                0x9d0068c0                __vector_dispatch_54
                0x00000001                ASSERT (((_vector_spacing == 0x0) || (SIZEOF (.vector_54) <= (_vector_spacing << 0x5))), function at exception vector 54 too large)

.vector_55      0x9d0068e0        0x8
 *(.vector_55)
 .vector_55     0x9d0068e0        0x8 /opt/microchip/xc32/v1.32/bin/bin/../../lib/gcc/pic32mx/4.5.2/../../../../pic32mx/lib/size/libpic32.a(vector55.o)
                0x9d0068e0                __vector_dispatch_55
                0x00000001                ASSERT (((_vector_spacing == 0x0) || (SIZEOF (.vector_55) <= (_vector_spacing << 0x5))), function at exception vector 55 too large)

.vector_56      0x9d006900        0x8
 *(.vector_56)
 .vector_56     0x9d006900        0x8 /opt/microchip/xc32/v1.32/bin/bin/../../lib/gcc/pic32mx/4.5.2/../../../../pic32mx/lib/size/libpic32.a(vector56.o)
                0x9d006900                __vector_dispatch_56
                0x00000001                ASSERT (((_vector_spacing == 0x0) || (SIZEOF (.vector_56) <= (_vector_spacing << 0x5))), function at exception vector 56 too large)

.vector_57      0x9d006920        0x8
 *(.vector_57)
 .vector_57     0x9d006920        0x8 /opt/microchip/xc32/v1.32/bin/bin/../../lib/gcc/pic32mx/4.5.2/../../../../pic32mx/lib/size/libpic32.a(vector57.o)
                0x9d006920                __vector_dispatch_57
                0x00000001                ASSERT (((_vector_spacing == 0x0) || (SIZEOF (.vector_57) <= (_vector_spacing << 0x5))), function at exception vector 57 too large)

.vector_58      0x9d006940        0x8
 *(.vector_58)
 .vector_58     0x9d006940        0x8 /opt/microchip/xc32/v1.32/bin/bin/../../lib/gcc/pic32mx/4.5.2/../../../../pic32mx/lib/size/libpic32.a(vector58.o)
                0x9d006940                __vector_dispatch_58
                0x00000001                ASSERT (((_vector_spacing == 0x0) || (SIZEOF (.vector_58) <= (_vector_spacing << 0x5))), function at exception vector 58 too large)

.vector_59      0x9d006960        0x8
 *(.vector_59)
 .vector_59     0x9d006960        0x8 /opt/microchip/xc32/v1.32/bin/bin/../../lib/gcc/pic32mx/4.5.2/../../../../pic32mx/lib/size/libpic32.a(vector59.o)
                0x9d006960                __vector_dispatch_59
                0x00000001                ASSERT (((_vector_spacing == 0x0) || (SIZEOF (.vector_59) <= (_vector_spacing << 0x5))), function at exception vector 59 too large)

.vector_60      0x9d006980        0x8
 *(.vector_60)
 .vector_60     0x9d006980        0x8 /opt/microchip/xc32/v1.32/bin/bin/../../lib/gcc/pic32mx/4.5.2/../../../../pic32mx/lib/size/libpic32.a(vector60.o)
                0x9d006980                __vector_dispatch_60
                0x00000001                ASSERT (((_vector_spacing == 0x0) || (SIZEOF (.vector_60) <= (_vector_spacing << 0x5))), function at exception vector 60 too large)

.vector_61      0x9d0069a0        0x8
 *(.vector_61)
 .vector_61     0x9d0069a0        0x8 /opt/microchip/xc32/v1.32/bin/bin/../../lib/gcc/pic32mx/4.5.2/../../../../pic32mx/lib/size/libpic32.a(vector61.o)
                0x9d0069a0                __vector_dispatch_61
                0x00000001                ASSERT (((_vector_spacing == 0x0) || (SIZEOF (.vector_61) <= (_vector_spacing << 0x5))), function at exception vector 61 too large)

.vector_62      0x9d0069c0        0x8
 *(.vector_62)
 .vector_62     0x9d0069c0        0x8 /opt/microchip/xc32/v1.32/bin/bin/../../lib/gcc/pic32mx/4.5.2/../../../../pic32mx/lib/size/libpic32.a(vector62.o)
                0x9d0069c0                __vector_dispatch_62
                0x00000001                ASSERT (((_vector_spacing == 0x0) || (SIZEOF (.vector_62) <= (_vector_spacing << 0x5))), function at exception vector 62 too large)

.vector_63      0x9d0069e0        0x8
 *(.vector_63)
 .vector_63     0x9d0069e0        0x8 /opt/microchip/xc32/v1.32/bin/bin/../../lib/gcc/pic32mx/4.5.2/../../../../pic32mx/lib/size/libpic32.a(vector63.o)
                0x9d0069e0                __vector_dispatch_63
                0x00000001                ASSERT (((_vector_spacing == 0x0) || (SIZEOF (.vector_63) <= (_vector_spacing << 0x5))), function at exception vector 63 too large)

.startup
 *(.startup)

.text           0x9d007490        0x0
 *(.stub .gnu.linkonce.t.*)
 *(.text.*personality*)
 *(.mips16.fn.*)
 *(.mips16.call.*)
 *(.gnu.warning)
                0x9d007490                . = ALIGN (0x4)

.init           0x9d007490        0x0
 *crti.o(.init)
 *crtbegin.o(.init)
 *(EXCLUDE_FILE(*crtn.o *crtend?.o *crtend.o) .init)
 *crtend.o(.init)
 *crtn.o(.init)
                0x9d007490                . = ALIGN (0x4)

.fini           0x9d007490        0x0
 *(.fini)
                0x9d007490                . = ALIGN (0x4)

.preinit_array  0x9d007490        0x0
                0x9d007490                PROVIDE (__preinit_array_start, .)
 *(.preinit_array)
                0x9d007490                PROVIDE (__preinit_array_end, .)
                0x9d007490                . = ALIGN (0x4)

.init_array     0x9d007490        0x0
                0x9d007490                PROVIDE (__init_array_start, .)
 *(SORT(.init_array.*))
 *(.init_array)
                0x9d007490                PROVIDE (__init_array_end, .)
                0x9d007490                . = ALIGN (0x4)

.fini_array     0x9d007490        0x0
                0x9d007490                PROVIDE (__fini_array_start, .)
 *(SORT(.fini_array.*))
 *(.fini_array)
                0x9d007490                PROVIDE (__fini_array_end, .)
                0x9d007490                . = ALIGN (0x4)

.ctors          0x9d007490        0x0
 *crtbegin.o(.ctors)
 *crtbegin?.o(.ctors)
 *(EXCLUDE_FILE(*crtend?.o *crtend.o) .ctors)
 *(SORT(.ctors.*))
 *(.ctors)
                0x9d007490                . = ALIGN (0x4)

.dtors          0x9d007490        0x0
 *crtbegin.o(.dtors)
 *crtbegin?.o(.dtors)
 *(EXCLUDE_FILE(*crtend?.o *crtend.o) .dtors)
 *(SORT(.dtors.*))
 *(.dtors)
                0x9d007490                . = ALIGN (0x4)

.rodata         0x9d007490        0x0
 *(.gnu.linkonce.r.*)
 *(.rodata1)
                0x9d007490                . = ALIGN (0x4)

.sdata2         0x9d006000        0x0
 *(.sdata2 .sdata2.* .gnu.linkonce.s2.*)
                0x9d006000                . = ALIGN (0x4)

.sbss2          0x9d006000        0x0
 *(.sbss2 .sbss2.* .gnu.linkonce.sb2.*)
                0x9d006000                . = ALIGN (0x4)

.eh_frame_hdr
 *(.eh_frame_hdr)
                0x9d006000                . = ALIGN (0x4)

.eh_frame
 *(.eh_frame)
                0x9d006000                . = ALIGN (0x4)

.gcc_except_table
 *(.gcc_except_table .gcc_except_table.*)
                0x9d006000                . = ALIGN (0x4)

.dbg_data       0xa0000000        0x0
                0xa0000000                . = (. + DEFINED (_DEBUGGER)?0x200:0x0)

.jcr            0xa0000000        0x0
 *(.jcr)
                0xa0000000                . = ALIGN (0x4)

.eh_frame       0xa0000000       0x30
 *(.eh_frame)
 .eh_frame      0xa0000000       0x20 /opt/microchip/xc32/v1.32/bin/bin/../../lib/gcc/pic32mx/4.5.2/size/libgcc.a(_udivdi3.o)
 .eh_frame      0xa0000020       0x10 /opt/microchip/xc32/v1.32/bin/bin/../../lib/gcc/pic32mx/4.5.2/size/libgcc.a(_umoddi3.o)
                0xa0000030                . = ALIGN (0x4)

.gcc_except_table
 *(.gcc_except_table .gcc_except_table.*)
                0xa0000030                . = ALIGN (0x4)

.persist        0xa0000030        0x0
                0xa0000030                _persist_begin = .
 *(.persist .persist.*)
 *(.pbss .pbss.*)
                0xa0000030                . = ALIGN (0x4)
                0xa0000030                _persist_end = .

.data           0xa0000030        0x0
 *(.gnu.linkonce.d.*)
 *(.data1)
                0xa0000030                . = ALIGN (0x4)
                0xa0000030                . = .
                0xa0008020                _gp = (ALIGN (0x10) + 0x7ff0)

.got            0xa0000030        0x0
 *(.got.plt)
 *(.got)
                0xa0000030                . = ALIGN (0x4)

.sdata          0xa0000030       0x1c
                0xa0000030                _sdata_begin = .
 *(.sdata .sdata.* .gnu.linkonce.s.*)
 .sdata         0xa0000030        0x4 build/default/production/_ext/1248472724/library.o
 .sdata         0xa0000034        0x1 build/default/production/_ext/618058229/fontx2.o
                0xa0000034                ptpoint
 *fill*         0xa0000035        0x3 
 .sdata         0xa0000038        0xc source/libsdfsio.a(FSIO.o)
                0xa0000038                gLastFATSectorRead
                0xa000003c                gLastDataSectorRead
                0xa0000040                cwdptr
 .sdata         0xa0000044        0x4 /opt/microchip/xc32/v1.32/bin/bin/../../lib/gcc/pic32mx/4.5.2/../../../../pic32mx/lib/size/libc.a(_iob.o)
                0xa0000044                _Files
 .sdata         0xa0000048        0x4 /opt/microchip/xc32/v1.32/bin/bin/../../lib/gcc/pic32mx/4.5.2/../../../../pic32mx/lib/size/libpic32.a(xc32_uart.o)
                0xa0000048                __XC_UART
                0xa000004c                . = ALIGN (0x4)
                0xa000004c                _sdata_end = .

.lit8
 *(.lit8)

.lit4
 *(.lit4)
                0xa000004c                . = ALIGN (0x4)
                0xa000004c                _data_end = .
                0xa000004c                _bss_begin = .

.sbss           0xa000004c      0x220
                0xa000004c                _sbss_begin = .
 *(.dynsbss)
 *(.sbss .sbss.* .gnu.linkonce.sb.*)
 .sbss          0xa000004c        0x4 build/default/production/_ext/1248472724/compiler.o
 .sbss          0xa0000050        0x8 build/default/production/_ext/1248472724/error.o
 .sbss          0xa0000058       0x10 build/default/production/_ext/1248472724/file.o
 .sbss          0xa0000068       0x18 build/default/production/_ext/1248472724/library.o
 .sbss          0xa0000080       0x30 build/default/production/_ext/1248472724/music.o
 .sbss          0xa00000b0        0xc source/libsdfsio.a(FSIO.o)
                0xa00000b0                gNeedFATWrite
                0xa00000b4                gBufferOwner
                0xa00000b8                gNeedDataWrite
                0xa00000b9                nextClusterIsLast
                0xa00000ba                gBufferZeroed
                0xa00000bb                recache
 .sbss          0xa00000bc       0x1c source/libsdfsio.a(SD-SPI.o)
 .sbss          0xa00000d8        0x4 /opt/microchip/xc32/v1.32/bin/bin/../../lib/gcc/pic32mx/4.5.2/../../../../pic32mx/lib/size/libc.a(errno.o)
                0xa00000d8                errno
 .sbss          0xa00000dc        0x1 /opt/microchip/xc32/v1.32/bin/bin/../../lib/gcc/pic32mx/4.5.2/../../../../pic32mx/lib/size/libc.a(_iob.o)
                0xa00000dc                _outdone
 *(.scommon)
 *fill*         0xa00000dd        0x3 
 .scommon       0xa00000e0        0x4 build/default/production/_ext/1248472724/document.o
                0xa00000e0                buff
 .scommon       0xa00000e4       0x82 build/default/production/_ext/1248472724/editor.o
                0xa00000e4                clipsize
                0xa00000e8                editormallocp
                0xa00000ec                cx2
                0xa00000f0                cwdpath
                0xa00000f4                clipboard
                0xa00000f8                disptopix_t
                0xa00000fc                cy
                0xa0000100                TBufstart
                0xa0000104                disptopbp_t
                0xa0000108                line_no_t
                0xa000010c                line_no1
                0xa0000110                cx
                0xa0000114                line_no
                0xa0000118                cx_t
                0xa000011c                TextBuffer
                0xa0000120                cursorbp_t
                0xa0000124                cursorbp1
                0xa0000128                cy_t
                0xa000012c                cursorbp
                0xa0000130                cx1
                0xa0000134                disptopix
                0xa0000138                undobuf_top
                0xa000013c                cursorix1
                0xa0000140                cy1
                0xa0000144                undobuf
                0xa0000148                num
                0xa000014c                cursorix_t
                0xa0000150                filenames
                0xa0000154                disptopbp
                0xa0000158                edited
                0xa000015c                undobuf_used
                0xa0000160                filebuf
                0xa0000164                cursorix
 *fill*         0xa0000166        0x2 
 .scommon       0xa0000168       0x61 build/default/production/_ext/1248472724/globalvars.o
                0xa0000168                g_sdepth
                0xa000016c                g_temp_area_used
                0xa0000170                g_source
                0xa0000174                g_srcpos
                0xa0000178                g_line
                0xa000017c                g_object
                0xa0000180                g_fileline
                0xa0000184                g_s6
                0xa0000188                g_rnd_seed
                0xa000018c                g_graphic_area
                0xa0000190                g_objmax
                0xa0000194                g_use_graphic
                0xa0000198                g_libparams
                0xa000019c                g_intconst
                0xa00001a0                g_objpos
                0xa00001a4                g_maxsdepth
                0xa00001a8                g_pcg_font
                0xa00001ac                g_heap_mem
                0xa00001b0                g_lastvar
                0xa00001b4                g_max_mem
                0xa00001b8                g_disable_break
                0xa00001bc                g_end_addr
                0xa00001c0                g_temp
                0xa00001c4                g_gp
                0xa00001c8                g_valueisconst
 *fill*         0xa00001c9        0x3 
 .scommon       0xa00001cc        0xa build/default/production/_ext/1248472724/keyinput.o
                0xa00001cc                blinktimer
                0xa00001d0                insertmode
                0xa00001d4                blinkcolor
                0xa00001d5                blinkchar
 *fill*         0xa00001d6        0x2 
 .scommon       0xa00001d8        0x4 build/default/production/_ext/1248472724/linker.o
                0xa00001d8                g_label
 .scommon       0xa00001dc        0x4 build/default/production/_ext/1248472724/operator.o
                0xa00001dc                g_last_op
 .scommon       0xa00001e0        0x4 build/default/production/_ext/618058229/fontx2.o
                0xa00001e0                pcgram
 .scommon       0xa00001e4       0x1c source/lib_videoout_machikania.X.a(videoout.o)
                0xa00001e4                drawcount
                0xa00001e8                VRAMp
                0xa00001ec                bgcolor
                0xa00001f0                twidth
                0xa00001f1                graphmode
                0xa00001f2                LineCount
                0xa00001f4                drawing
                0xa00001f8                gVRAM
                0xa00001fc                fontp
 .scommon       0xa0000200        0x8 source/lib_videoout_machikania.X.a(textvideolib.o)
                0xa0000200                cursorcolor
                0xa0000204                cursor
 .scommon       0xa0000208       0x38 source/ps2keyboard.X.a(ps2keyboard.o)
                0xa0000208                ps2receiveError
                0xa0000209                ps2sendError
                0xa000020a                keytype
                0xa000020c                ps2sendcomdata
                0xa0000210                ps2sending
                0xa0000211                ps2receivecommand
                0xa0000212                ps2status
                0xa0000214                ps2shiftkey_a
                0xa0000216                senddata
                0xa0000218                ps2sendcombyte
                0xa0000219                sendcount
                0xa000021a                ps2shiftkey
                0xa000021c                ps2receivetime
                0xa0000220                vkey
                0xa0000224                keycodebufp2
                0xa0000228                receivedata
                0xa0000229                ps2receivecommandflag
                0xa000022a                receivecount
                0xa000022c                ps2statuscount
                0xa0000230                scancodebufp2
                0xa0000234                lockkey
                0xa0000238                scancodebufp1
                0xa000023c                keycodebufp1
 .scommon       0xa0000240       0x24 source/libsdfsio.a(FSIO.o)
                0xa0000240                gFileSlotOpen
                0xa0000242                gTimeCrtMS
                0xa0000244                asciiFilename
                0xa0000248                gTimeCrtTime
                0xa000024c                FatRootDirClusterValue
                0xa0000250                gTimeWrtDate
                0xa0000252                fileNameLength
                0xa0000254                gTimeCrtDate
                0xa0000258                TempClusterCalc
                0xa000025c                dirCleared
                0xa000025e                gTimeAccDate
                0xa0000260                FSerrno
                0xa0000262                gTimeWrtTime
 .scommon       0xa0000264        0x7 source/libsdfsio.a(SD-SPI.o)
                0xa0000264                MDD_SDSPI_finalLBA
                0xa0000268                gMediaSectorSize
                0xa000026a                gSDMode
                0xa000026b                _sbss_end = .
                0xa000026c                . = ALIGN (0x4)
 *fill*         0xa000026b        0x1 

.bss            0xa000026c     0x16b4
 *(.dynbss)
 *(COMMON)
 COMMON         0xa000026c       0x1d build/default/production/_ext/1248472724/editor.o
                0xa000026c                currentfile
                0xa000027c                tempfile
 *fill*         0xa0000289        0x3 
 COMMON         0xa000028c      0x180 build/default/production/_ext/1248472724/globalvars.o
                0xa000028c                g_var_size
                0xa00002ec                g_var_mem
                0xa00003ac                g_var_pointer
 COMMON         0xa000040c      0x100 build/default/production/_ext/1248472724/keyinput.o
                0xa000040c                lineinputbuf
 COMMON         0xa000050c      0xd71 source/lib_videoout_machikania.X.a(videoout.o)
                0xa000050c                ClTable
                0xa000090c                gClTable
                0xa0000a0c                TVRAM
 *fill*         0xa000127d        0x3 
 COMMON         0xa0001280      0x130 source/ps2keyboard.X.a(ps2keyboard.o)
                0xa0001280                scancodebuf
                0xa0001290                keycodebuf
                0xa00012b0                ps2keystatus
 COMMON         0xa00013b0      0x56e source/libsdfsio.a(FSIO.o)
                0xa00013b0                gDataBuffer
                0xa00015b0                tempDirectoryString
                0xa00015c0                cwd
                0xa00015fc                tempCWDobj
                0xa0001638                gFATBuffer
                0xa0001838                gFileArray
                0xa00018b0                gDiskData
                0xa00018d8                gFileTemp
                0xa0001914                defaultArray
                0xa0001920                . = ALIGN ((. != 0x0)?0x4:0x1)
 *fill*         0xa000191e        0x2 
                0xa0001920                . = ALIGN (0x4)
                0xa0001920                _end = .
                0xa0001920                _bss_end = .
                0x00010000                _bmxdudba_address = 0x10000
                0x00010000                _bmxdupba_address = 0x10000

/DISCARD/
 *(.pdr)
 *(.rel.dyn)
 *(.note.GNU-stack)
 *(.note.GNU-stack)
 *(.gnu_debuglink)
 *(.gnu.lto_*)
 *(.discard)

.gptab.sdata
 *(.gptab.data)
 *(.gptab.sdata)

.gptab.sbss
 *(.gptab.bss)
 *(.gptab.sbss)

.mdebug.abi32   0xa0001920        0x0
 *(.mdebug.abi32)
 .mdebug.abi32  0xa0001920        0x0 build/default/production/_ext/1248472724/compiler.o
 .mdebug.abi32  0xa0001920        0x0 build/default/production/_ext/1248472724/debug.o
 .mdebug.abi32  0xa0001920        0x0 build/default/production/_ext/1248472724/document.o
 .mdebug.abi32  0xa0001920        0x0 build/default/production/_ext/1248472724/editor.o
 .mdebug.abi32  0xa0001920        0x0 build/default/production/_ext/1248472724/error.o
 .mdebug.abi32  0xa0001920        0x0 build/default/production/_ext/1248472724/exception.o
 .mdebug.abi32  0xa0001920        0x0 build/default/production/_ext/1248472724/file.o
 .mdebug.abi32  0xa0001920        0x0 build/default/production/_ext/1248472724/float.o
 .mdebug.abi32  0xa0001920        0x0 build/default/production/_ext/1248472724/function.o
 .mdebug.abi32  0xa0001920        0x0 build/default/production/_ext/1248472724/globalvars.o
 .mdebug.abi32  0xa0001920        0x0 build/default/production/_ext/1248472724/keyinput.o
 .mdebug.abi32  0xa0001920        0x0 build/default/production/_ext/1248472724/library.o
 .mdebug.abi32  0xa0001920        0x0 build/default/production/_ext/1248472724/linker.o
 .mdebug.abi32  0xa0001920        0x0 build/default/production/_ext/1248472724/main.o
 .mdebug.abi32  0xa0001920        0x0 build/default/production/_ext/1248472724/memory.o
 .mdebug.abi32  0xa0001920        0x0 build/default/production/_ext/1248472724/music.o
 .mdebug.abi32  0xa0001920        0x0 build/default/production/_ext/1248472724/operator.o
 .mdebug.abi32  0xa0001920        0x0 build/default/production/_ext/1248472724/run.o
 .mdebug.abi32  0xa0001920        0x0 build/default/production/_ext/1248472724/statement.o
 .mdebug.abi32  0xa0001920        0x0 build/default/production/_ext/1248472724/string.o
 .mdebug.abi32  0xa0001920        0x0 build/default/production/_ext/1248472724/value.o
 .mdebug.abi32  0xa0001920        0x0 build/default/production/_ext/618058229/fontx2.o
 .mdebug.abi32  0xa0001920        0x0 source/lib_videoout_machikania.X.a(videoout.o)
 .mdebug.abi32  0xa0001920        0x0 source/lib_videoout_machikania.X.a(textvideolib.o)
 .mdebug.abi32  0xa0001920        0x0 source/lib_videoout_machikania.X.a(graphvideolib.o)
 .mdebug.abi32  0xa0001920        0x0 source/ps2keyboard.X.a(ps2keyboard.o)
 .mdebug.abi32  0xa0001920        0x0 source/libsdfsio.a(FSIO.o)
 .mdebug.abi32  0xa0001920        0x0 source/libsdfsio.a(SD-SPI.o)
 .mdebug.abi32  0xa0001920        0x0 /opt/microchip/xc32/v1.32/bin/bin/../../lib/gcc/pic32mx/4.5.2/../../../../pic32mx/lib/size/libmchp_peripheral_32MX150F128B.a(soft_reset_lib.o)
 .mdebug.abi32  0xa0001920        0x0 /opt/microchip/xc32/v1.32/bin/bin/../../lib/gcc/pic32mx/4.5.2/../../../../pic32mx/lib/size/libmchp_peripheral_32MX150F128B.a(osc_config_lib.o)
 .mdebug.abi32  0xa0001920        0x0 /opt/microchip/xc32/v1.32/bin/bin/../../lib/gcc/pic32mx/4.5.2/../../../../pic32mx/lib/size/libmchp_peripheral_32MX150F128B.a(int_disable_interrupts_lib.o)
 .mdebug.abi32  0xa0001920        0x0 /opt/microchip/xc32/v1.32/bin/bin/../../lib/gcc/pic32mx/4.5.2/../../../../pic32mx/lib/size/libmchp_peripheral_32MX150F128B.a(int_restore_interrupts_lib.o)
 .mdebug.abi32  0xa0001920        0x0 /opt/microchip/xc32/v1.32/bin/bin/../../lib/gcc/pic32mx/4.5.2/../../../../pic32mx/lib/size/libmchp_peripheral_32MX150F128B.a(int_enable_mv_int_lib.o)
 .mdebug.abi32  0xa0001920        0x0 /opt/microchip/xc32/v1.32/bin/bin/../../lib/gcc/pic32mx/4.5.2/../../../../pic32mx/lib/size/libmchp_peripheral_32MX150F128B.a(spi_getc_spi2_lib_legacy.o)
 .mdebug.abi32  0xa0001920        0x0 /opt/microchip/xc32/v1.32/bin/bin/../../lib/gcc/pic32mx/4.5.2/../../../../pic32mx/lib/size/libmchp_peripheral_32MX150F128B.a(spi_open_spi2_lib_legacy.o)
 .mdebug.abi32  0xa0001920        0x0 /opt/microchip/xc32/v1.32/bin/bin/../../lib/gcc/pic32mx/4.5.2/../../../../pic32mx/lib/size/libmchp_peripheral_32MX150F128B.a(spi_brg_tbl_lib_legacy.o)
 .mdebug.abi32  0xa0001920        0x0 /opt/microchip/xc32/v1.32/bin/bin/../../lib/gcc/pic32mx/4.5.2/../../../../pic32mx/lib/size/libmchp_peripheral_32MX150F128B.a(nvm_write_word_lib.o)
 .mdebug.abi32  0xa0001920        0x0 /opt/microchip/xc32/v1.32/bin/bin/../../lib/gcc/pic32mx/4.5.2/../../../../pic32mx/lib/size/libmchp_peripheral_32MX150F128B.a(int_enable_interrupts_lib.o)
 .mdebug.abi32  0xa0001920        0x0 /opt/microchip/xc32/v1.32/bin/bin/../../lib/gcc/pic32mx/4.5.2/../../../../pic32mx/lib/size/libmchp_peripheral_32MX150F128B.a(nvm_operation_lib.o)
 .mdebug.abi32  0xa0001920        0x0 /opt/microchip/xc32/v1.32/bin/bin/../../lib/gcc/pic32mx/4.5.2/../../../../pic32mx/lib/size/libpic32.a(default-bootstrap-exception-handler.o)
 .mdebug.abi32  0xa0001920        0x0 /opt/microchip/xc32/v1.32/bin/bin/../../lib/gcc/pic32mx/4.5.2/../../../../pic32mx/lib/size/libpic32.a(default-on-reset.o)
 .mdebug.abi32  0xa0001920        0x0 /opt/microchip/xc32/v1.32/bin/bin/../../lib/gcc/pic32mx/4.5.2/../../../../pic32mx/lib/size/libpic32.a(default-on-bootstrap.o)
 .mdebug.abi32  0xa0001920        0x0 /opt/microchip/xc32/v1.32/bin/bin/../../lib/gcc/pic32mx/4.5.2/../../../../pic32mx/lib/size/libpic32.a(defaultinterrupt.o)
 .mdebug.abi32  0xa0001920        0x0 /opt/microchip/xc32/v1.32/bin/bin/../../lib/gcc/pic32mx/4.5.2/../../../../pic32mx/lib/size/libm.a(w_acosf.o)
 .mdebug.abi32  0xa0001920        0x0 /opt/microchip/xc32/v1.32/bin/bin/../../lib/gcc/pic32mx/4.5.2/../../../../pic32mx/lib/size/libm.a(w_asinf.o)
 .mdebug.abi32  0xa0001920        0x0 /opt/microchip/xc32/v1.32/bin/bin/../../lib/gcc/pic32mx/4.5.2/../../../../pic32mx/lib/size/libm.a(w_atan2f.o)
 .mdebug.abi32  0xa0001920        0x0 /opt/microchip/xc32/v1.32/bin/bin/../../lib/gcc/pic32mx/4.5.2/../../../../pic32mx/lib/size/libm.a(w_coshf.o)
 .mdebug.abi32  0xa0001920        0x0 /opt/microchip/xc32/v1.32/bin/bin/../../lib/gcc/pic32mx/4.5.2/../../../../pic32mx/lib/size/libm.a(w_expf.o)
 .mdebug.abi32  0xa0001920        0x0 /opt/microchip/xc32/v1.32/bin/bin/../../lib/gcc/pic32mx/4.5.2/../../../../pic32mx/lib/size/libm.a(w_log10f.o)
 .mdebug.abi32  0xa0001920        0x0 /opt/microchip/xc32/v1.32/bin/bin/../../lib/gcc/pic32mx/4.5.2/../../../../pic32mx/lib/size/libm.a(w_logf.o)
 .mdebug.abi32  0xa0001920        0x0 /opt/microchip/xc32/v1.32/bin/bin/../../lib/gcc/pic32mx/4.5.2/../../../../pic32mx/lib/size/libm.a(w_powf.o)
 .mdebug.abi32  0xa0001920        0x0 /opt/microchip/xc32/v1.32/bin/bin/../../lib/gcc/pic32mx/4.5.2/../../../../pic32mx/lib/size/libm.a(w_sinhf.o)
 .mdebug.abi32  0xa0001920        0x0 /opt/microchip/xc32/v1.32/bin/bin/../../lib/gcc/pic32mx/4.5.2/../../../../pic32mx/lib/size/libm.a(w_sqrtf.o)
 .mdebug.abi32  0xa0001920        0x0 /opt/microchip/xc32/v1.32/bin/bin/../../lib/gcc/pic32mx/4.5.2/../../../../pic32mx/lib/size/libm.a(support.o)
 .mdebug.abi32  0xa0001920        0x0 /opt/microchip/xc32/v1.32/bin/bin/../../lib/gcc/pic32mx/4.5.2/../../../../pic32mx/lib/size/libm.a(s_lib_ver.o)
 .mdebug.abi32  0xa0001920        0x0 /opt/microchip/xc32/v1.32/bin/bin/../../lib/gcc/pic32mx/4.5.2/../../../../pic32mx/lib/size/libc.a(ctypef.o)
 .mdebug.abi32  0xa0001920        0x0 /opt/microchip/xc32/v1.32/bin/bin/../../lib/gcc/pic32mx/4.5.2/../../../../pic32mx/lib/size/libc.a(errno.o)
 .mdebug.abi32  0xa0001920        0x0 /opt/microchip/xc32/v1.32/bin/bin/../../lib/gcc/pic32mx/4.5.2/../../../../pic32mx/lib/size/libc.a(strncpy.o)
 .mdebug.abi32  0xa0001920        0x0 /opt/microchip/xc32/v1.32/bin/bin/../../lib/gcc/pic32mx/4.5.2/../../../../pic32mx/lib/size/libc.a(strtof.o)
 .mdebug.abi32  0xa0001920        0x0 /opt/microchip/xc32/v1.32/bin/bin/../../lib/gcc/pic32mx/4.5.2/../../../../pic32mx/lib/size/libc.a(snprintf.o)
 .mdebug.abi32  0xa0001920        0x0 /opt/microchip/xc32/v1.32/bin/bin/../../lib/gcc/pic32mx/4.5.2/../../../../pic32mx/lib/size/libc.a(vsnprintf.o)
 .mdebug.abi32  0xa0001920        0x0 /opt/microchip/xc32/v1.32/bin/bin/../../lib/gcc/pic32mx/4.5.2/../../../../pic32mx/lib/size/libc.a(ctype.o)
 .mdebug.abi32  0xa0001920        0x0 /opt/microchip/xc32/v1.32/bin/bin/../../lib/gcc/pic32mx/4.5.2/../../../../pic32mx/lib/size/libc.a(doprnt.o)
 .mdebug.abi32  0xa0001920        0x0 /opt/microchip/xc32/v1.32/bin/bin/../../lib/gcc/pic32mx/4.5.2/../../../../pic32mx/lib/size/libc.a(_fputc_simple.o)
 .mdebug.abi32  0xa0001920        0x0 /opt/microchip/xc32/v1.32/bin/bin/../../lib/gcc/pic32mx/4.5.2/../../../../pic32mx/lib/size/libc.a(powersf.o)
 .mdebug.abi32  0xa0001920        0x0 /opt/microchip/xc32/v1.32/bin/bin/../../lib/gcc/pic32mx/4.5.2/../../../../pic32mx/lib/size/libc.a(_iob.o)
 .mdebug.abi32  0xa0001920        0x0 /opt/microchip/xc32/v1.32/bin/bin/../../lib/gcc/pic32mx/4.5.2/../../../../pic32mx/lib/size/libc.a(_flsbuf_simple.o)
 .mdebug.abi32  0xa0001920        0x0 /opt/microchip/xc32/v1.32/bin/bin/../../lib/gcc/pic32mx/4.5.2/../../../../pic32mx/lib/size/libpic32.a(write.o)
 .mdebug.abi32  0xa0001920        0x0 /opt/microchip/xc32/v1.32/bin/bin/../../lib/gcc/pic32mx/4.5.2/../../../../pic32mx/lib/size/libpic32.a(isinf.o)
 .mdebug.abi32  0xa0001920        0x0 /opt/microchip/xc32/v1.32/bin/bin/../../lib/gcc/pic32mx/4.5.2/../../../../pic32mx/lib/size/libpic32.a(_mon_putc.o)
 .mdebug.abi32  0xa0001920        0x0 /opt/microchip/xc32/v1.32/bin/bin/../../lib/gcc/pic32mx/4.5.2/../../../../pic32mx/lib/size/libpic32.a(xc32_uart.o)
 .mdebug.abi32  0xa0001920        0x0 /opt/microchip/xc32/v1.32/bin/bin/../../lib/gcc/pic32mx/4.5.2/../../../../pic32mx/lib/size/libm.a(__strtof.o)
 .mdebug.abi32  0xa0001920        0x0 /opt/microchip/xc32/v1.32/bin/bin/../../lib/gcc/pic32mx/4.5.2/../../../../pic32mx/lib/size/libe.a(_floatdisf.o)
 .mdebug.abi32  0xa0001920        0x0 /opt/microchip/xc32/v1.32/bin/bin/../../lib/gcc/pic32mx/4.5.2/../../../../pic32mx/lib/size/libe.a(_unorddf2.o)
 .mdebug.abi32  0xa0001920        0x0 /opt/microchip/xc32/v1.32/bin/bin/../../lib/gcc/pic32mx/4.5.2/../../../../pic32mx/lib/size/libe.a(_ldexpf.o)
 .mdebug.abi32  0xa0001920        0x0 /opt/microchip/xc32/v1.32/bin/bin/../../lib/gcc/pic32mx/4.5.2/size/libgcc.a(_lshrdi3.o)
 .mdebug.abi32  0xa0001920        0x0 /opt/microchip/xc32/v1.32/bin/bin/../../lib/gcc/pic32mx/4.5.2/size/libgcc.a(_floatundisf.o)
 .mdebug.abi32  0xa0001920        0x0 /opt/microchip/xc32/v1.32/bin/bin/../../lib/gcc/pic32mx/4.5.2/size/libgcc.a(_udivdi3.o)
 .mdebug.abi32  0xa0001920        0x0 /opt/microchip/xc32/v1.32/bin/bin/../../lib/gcc/pic32mx/4.5.2/size/libgcc.a(_umoddi3.o)
 .mdebug.abi32  0xa0001920        0x0 /opt/microchip/xc32/v1.32/bin/bin/../../lib/gcc/pic32mx/4.5.2/size/libgcc.a(floatunsisf.o)

.mdebug.abiN32
 *(.mdebug.abiN32)

.mdebug.abi64
 *(.mdebug.abi64)

.mdebug.abiO64
 *(.mdebug.abiO64)

.mdebug.eabi32
 *(.mdebug.eabi32)

.mdebug.eabi64
 *(.mdebug.eabi64)

.gcc_compiled_long32
 *(.gcc_compiled_long32)

.gcc_compiled_long64
 *(.gcc_compiled_long64)

.stab
 *(.stab)

.stabstr
 *(.stabstr)

.stab.excl
 *(.stab.excl)

.stab.exclstr
 *(.stab.exclstr)

.stab.index
 *(.stab.index)

.stab.indexstr
 *(.stab.indexstr)

.comment        0x00000000      0x2d8
 *(.comment)
 .comment       0x00000000       0x3c build/default/production/_ext/1248472724/compiler.o
                                 0x3d (size before relaxing)
 .comment       0x00000000       0x3d build/default/production/_ext/1248472724/debug.o
 .comment       0x00000000       0x3d build/default/production/_ext/1248472724/document.o
 .comment       0x00000000       0x3d build/default/production/_ext/1248472724/editor.o
 .comment       0x00000000       0x3d build/default/production/_ext/1248472724/error.o
 .comment       0x00000000       0x3d build/default/production/_ext/1248472724/exception.o
 .comment       0x00000000       0x3d build/default/production/_ext/1248472724/file.o
 .comment       0x00000000       0x3d build/default/production/_ext/1248472724/float.o
 .comment       0x00000000       0x3d build/default/production/_ext/1248472724/function.o
 .comment       0x00000000       0x3d build/default/production/_ext/1248472724/globalvars.o
 .comment       0x00000000       0x3d build/default/production/_ext/1248472724/keyinput.o
 .comment       0x00000000       0x3d build/default/production/_ext/1248472724/library.o
 .comment       0x00000000       0x3d build/default/production/_ext/1248472724/linker.o
 .comment       0x00000000       0x3d build/default/production/_ext/1248472724/main.o
 .comment       0x00000000       0x3d build/default/production/_ext/1248472724/memory.o
 .comment       0x00000000       0x3d build/default/production/_ext/1248472724/music.o
 .comment       0x00000000       0x3d build/default/production/_ext/1248472724/operator.o
 .comment       0x00000000       0x3d build/default/production/_ext/1248472724/run.o
 .comment       0x00000000       0x3d build/default/production/_ext/1248472724/statement.o
 .comment       0x00000000       0x3d build/default/production/_ext/1248472724/string.o
 .comment       0x00000000       0x3d build/default/production/_ext/1248472724/value.o
 .comment       0x00000000       0x3d build/default/production/_ext/618058229/fontx2.o
 .comment       0x0000003c       0x3c source/lib_videoout_machikania.X.a(videoout.o)
                                 0x3d (size before relaxing)
 .comment       0x00000000       0x3d source/lib_videoout_machikania.X.a(textvideolib.o)
 .comment       0x00000000       0x3d source/lib_videoout_machikania.X.a(graphvideolib.o)
 .comment       0x00000000       0x3d source/ps2keyboard.X.a(ps2keyboard.o)
 .comment       0x00000000       0x3d source/libsdfsio.a(FSIO.o)
 .comment       0x00000000       0x3d source/libsdfsio.a(SD-SPI.o)
 .comment       0x00000078       0x3c /opt/microchip/xc32/v1.32/bin/bin/../../lib/gcc/pic32mx/4.5.2/../../../../pic32mx/lib/size/libmchp_peripheral_32MX150F128B.a(soft_reset_lib.o)
                                 0x3d (size before relaxing)
 .comment       0x00000000       0x3d /opt/microchip/xc32/v1.32/bin/bin/../../lib/gcc/pic32mx/4.5.2/../../../../pic32mx/lib/size/libmchp_peripheral_32MX150F128B.a(osc_config_lib.o)
 .comment       0x00000000       0x3d /opt/microchip/xc32/v1.32/bin/bin/../../lib/gcc/pic32mx/4.5.2/../../../../pic32mx/lib/size/libmchp_peripheral_32MX150F128B.a(int_disable_interrupts_lib.o)
 .comment       0x00000000       0x3d /opt/microchip/xc32/v1.32/bin/bin/../../lib/gcc/pic32mx/4.5.2/../../../../pic32mx/lib/size/libmchp_peripheral_32MX150F128B.a(int_restore_interrupts_lib.o)
 .comment       0x00000000       0x3d /opt/microchip/xc32/v1.32/bin/bin/../../lib/gcc/pic32mx/4.5.2/../../../../pic32mx/lib/size/libmchp_peripheral_32MX150F128B.a(int_enable_mv_int_lib.o)
 .comment       0x00000000       0x3d /opt/microchip/xc32/v1.32/bin/bin/../../lib/gcc/pic32mx/4.5.2/../../../../pic32mx/lib/size/libmchp_peripheral_32MX150F128B.a(spi_getc_spi2_lib_legacy.o)
 .comment       0x00000000       0x3d /opt/microchip/xc32/v1.32/bin/bin/../../lib/gcc/pic32mx/4.5.2/../../../../pic32mx/lib/size/libmchp_peripheral_32MX150F128B.a(spi_open_spi2_lib_legacy.o)
 .comment       0x00000000       0x3d /opt/microchip/xc32/v1.32/bin/bin/../../lib/gcc/pic32mx/4.5.2/../../../../pic32mx/lib/size/libmchp_peripheral_32MX150F128B.a(spi_brg_tbl_lib_legacy.o)
 .comment       0x00000000       0x3d /opt/microchip/xc32/v1.32/bin/bin/../../lib/gcc/pic32mx/4.5.2/../../../../pic32mx/lib/size/libmchp_peripheral_32MX150F128B.a(nvm_write_word_lib.o)
 .comment       0x00000000       0x3d /opt/microchip/xc32/v1.32/bin/bin/../../lib/gcc/pic32mx/4.5.2/../../../../pic32mx/lib/size/libmchp_peripheral_32MX150F128B.a(int_enable_interrupts_lib.o)
 .comment       0x00000000       0x3d /opt/microchip/xc32/v1.32/bin/bin/../../lib/gcc/pic32mx/4.5.2/../../../../pic32mx/lib/size/libmchp_peripheral_32MX150F128B.a(nvm_operation_lib.o)
 .comment       0x000000b4       0x18 /opt/microchip/xc32/v1.32/bin/bin/../../lib/gcc/pic32mx/4.5.2/../../../../pic32mx/lib/size/libpic32.a(memset.o)
                                 0x19 (size before relaxing)
 .comment       0x000000cc       0x19 /opt/microchip/xc32/v1.32/bin/bin/../../lib/gcc/pic32mx/4.5.2/../../../../pic32mx/lib/size/libpic32.a(strcpy.o)
                                 0x1a (size before relaxing)
 .comment       0x000000e5       0x19 /opt/microchip/xc32/v1.32/bin/bin/../../lib/gcc/pic32mx/4.5.2/../../../../pic32mx/lib/size/libpic32.a(strlen.o)
                                 0x1a (size before relaxing)
 .comment       0x00000000       0x3d /opt/microchip/xc32/v1.32/bin/bin/../../lib/gcc/pic32mx/4.5.2/../../../../pic32mx/lib/size/libpic32.a(default-bootstrap-exception-handler.o)
 .comment       0x00000000       0x3d /opt/microchip/xc32/v1.32/bin/bin/../../lib/gcc/pic32mx/4.5.2/../../../../pic32mx/lib/size/libpic32.a(default-on-reset.o)
 .comment       0x00000000       0x3d /opt/microchip/xc32/v1.32/bin/bin/../../lib/gcc/pic32mx/4.5.2/../../../../pic32mx/lib/size/libpic32.a(default-on-bootstrap.o)
 .comment       0x00000000       0x3d /opt/microchip/xc32/v1.32/bin/bin/../../lib/gcc/pic32mx/4.5.2/../../../../pic32mx/lib/size/libpic32.a(defaultinterrupt.o)
 .comment       0x00000000       0x3d /opt/microchip/xc32/v1.32/bin/bin/../../lib/gcc/pic32mx/4.5.2/../../../../pic32mx/lib/size/libm.a(w_acosf.o)
 .comment       0x00000000       0x3d /opt/microchip/xc32/v1.32/bin/bin/../../lib/gcc/pic32mx/4.5.2/../../../../pic32mx/lib/size/libm.a(w_asinf.o)
 .comment       0x00000000       0x3d /opt/microchip/xc32/v1.32/bin/bin/../../lib/gcc/pic32mx/4.5.2/../../../../pic32mx/lib/size/libm.a(w_atan2f.o)
 .comment       0x00000000       0x3d /opt/microchip/xc32/v1.32/bin/bin/../../lib/gcc/pic32mx/4.5.2/../../../../pic32mx/lib/size/libm.a(w_coshf.o)
 .comment       0x00000000       0x3d /opt/microchip/xc32/v1.32/bin/bin/../../lib/gcc/pic32mx/4.5.2/../../../../pic32mx/lib/size/libm.a(w_expf.o)
 .comment       0x00000000       0x3d /opt/microchip/xc32/v1.32/bin/bin/../../lib/gcc/pic32mx/4.5.2/../../../../pic32mx/lib/size/libm.a(w_log10f.o)
 .comment       0x00000000       0x3d /opt/microchip/xc32/v1.32/bin/bin/../../lib/gcc/pic32mx/4.5.2/../../../../pic32mx/lib/size/libm.a(w_logf.o)
 .comment       0x00000000       0x3d /opt/microchip/xc32/v1.32/bin/bin/../../lib/gcc/pic32mx/4.5.2/../../../../pic32mx/lib/size/libm.a(w_powf.o)
 .comment       0x00000000       0x3d /opt/microchip/xc32/v1.32/bin/bin/../../lib/gcc/pic32mx/4.5.2/../../../../pic32mx/lib/size/libm.a(w_sinhf.o)
 .comment       0x00000000       0x3d /opt/microchip/xc32/v1.32/bin/bin/../../lib/gcc/pic32mx/4.5.2/../../../../pic32mx/lib/size/libm.a(w_sqrtf.o)
 .comment       0x00000000       0x3d /opt/microchip/xc32/v1.32/bin/bin/../../lib/gcc/pic32mx/4.5.2/../../../../pic32mx/lib/size/libm.a(support.o)
 .comment       0x00000000       0x3d /opt/microchip/xc32/v1.32/bin/bin/../../lib/gcc/pic32mx/4.5.2/../../../../pic32mx/lib/size/libm.a(s_lib_ver.o)
 .comment       0x000000fe       0x4f /opt/microchip/xc32/v1.32/bin/bin/../../lib/gcc/pic32mx/4.5.2/../../../../pic32mx/lib/size/libc.a(ctypef.o)
                                 0x8c (size before relaxing)
 .comment       0x00000000       0x3d /opt/microchip/xc32/v1.32/bin/bin/../../lib/gcc/pic32mx/4.5.2/../../../../pic32mx/lib/size/libc.a(errno.o)
 .comment       0x00000000       0x3d /opt/microchip/xc32/v1.32/bin/bin/../../lib/gcc/pic32mx/4.5.2/../../../../pic32mx/lib/size/libc.a(strncpy.o)
 .comment       0x00000000       0x3d /opt/microchip/xc32/v1.32/bin/bin/../../lib/gcc/pic32mx/4.5.2/../../../../pic32mx/lib/size/libc.a(strtof.o)
 .comment       0x00000000       0x3d /opt/microchip/xc32/v1.32/bin/bin/../../lib/gcc/pic32mx/4.5.2/../../../../pic32mx/lib/size/libc.a(snprintf.o)
 .comment       0x00000000       0x3d /opt/microchip/xc32/v1.32/bin/bin/../../lib/gcc/pic32mx/4.5.2/../../../../pic32mx/lib/size/libc.a(vsnprintf.o)
 .comment       0x0000014d       0x4e /opt/microchip/xc32/v1.32/bin/bin/../../lib/gcc/pic32mx/4.5.2/../../../../pic32mx/lib/size/libc.a(ctype.o)
                                 0x8b (size before relaxing)
 .comment       0x00000000       0x3d /opt/microchip/xc32/v1.32/bin/bin/../../lib/gcc/pic32mx/4.5.2/../../../../pic32mx/lib/size/libc.a(doprnt.o)
 .comment       0x00000000       0x3d /opt/microchip/xc32/v1.32/bin/bin/../../lib/gcc/pic32mx/4.5.2/../../../../pic32mx/lib/size/libc.a(_fputc_simple.o)
 .comment       0x00000000       0x3d /opt/microchip/xc32/v1.32/bin/bin/../../lib/gcc/pic32mx/4.5.2/../../../../pic32mx/lib/size/libc.a(powersf.o)
 .comment       0x00000000       0x3d /opt/microchip/xc32/v1.32/bin/bin/../../lib/gcc/pic32mx/4.5.2/../../../../pic32mx/lib/size/libc.a(_iob.o)
 .comment       0x00000000       0x3d /opt/microchip/xc32/v1.32/bin/bin/../../lib/gcc/pic32mx/4.5.2/../../../../pic32mx/lib/size/libc.a(_flsbuf_simple.o)
 .comment       0x00000000       0x3d /opt/microchip/xc32/v1.32/bin/bin/../../lib/gcc/pic32mx/4.5.2/../../../../pic32mx/lib/size/libpic32.a(write.o)
 .comment       0x00000000       0x3d /opt/microchip/xc32/v1.32/bin/bin/../../lib/gcc/pic32mx/4.5.2/../../../../pic32mx/lib/size/libpic32.a(isinf.o)
 .comment       0x00000000       0x3d /opt/microchip/xc32/v1.32/bin/bin/../../lib/gcc/pic32mx/4.5.2/../../../../pic32mx/lib/size/libpic32.a(_mon_putc.o)
 .comment       0x00000000       0x3d /opt/microchip/xc32/v1.32/bin/bin/../../lib/gcc/pic32mx/4.5.2/../../../../pic32mx/lib/size/libpic32.a(xc32_uart.o)
 .comment       0x0000019b       0x9d /opt/microchip/xc32/v1.32/bin/bin/../../lib/gcc/pic32mx/4.5.2/../../../../pic32mx/lib/size/libm.a(__strtof.o)
                                 0xda (size before relaxing)
 .comment       0x00000238       0x50 /opt/microchip/xc32/v1.32/bin/bin/../../lib/gcc/pic32mx/4.5.2/../../../../pic32mx/lib/size/libe.a(_floatdisf.o)
                                 0xdb (size before relaxing)
 .comment       0x00000000       0x8b /opt/microchip/xc32/v1.32/bin/bin/../../lib/gcc/pic32mx/4.5.2/../../../../pic32mx/lib/size/libe.a(_unorddf2.o)
 .comment       0x00000288       0x50 /opt/microchip/xc32/v1.32/bin/bin/../../lib/gcc/pic32mx/4.5.2/../../../../pic32mx/lib/size/libe.a(_ldexpf.o)
                                 0xdb (size before relaxing)
 .comment       0x00000000       0x3d /opt/microchip/xc32/v1.32/bin/bin/../../lib/gcc/pic32mx/4.5.2/size/libgcc.a(_lshrdi3.o)
 .comment       0x00000000       0x3d /opt/microchip/xc32/v1.32/bin/bin/../../lib/gcc/pic32mx/4.5.2/size/libgcc.a(_floatundisf.o)
 .comment       0x00000000       0x3d /opt/microchip/xc32/v1.32/bin/bin/../../lib/gcc/pic32mx/4.5.2/size/libgcc.a(_udivdi3.o)
 .comment       0x00000000       0x3d /opt/microchip/xc32/v1.32/bin/bin/../../lib/gcc/pic32mx/4.5.2/size/libgcc.a(_umoddi3.o)
 .comment       0x00000000       0x3d /opt/microchip/xc32/v1.32/bin/bin/../../lib/gcc/pic32mx/4.5.2/size/libgcc.a(floatunsisf.o)

.debug
 *(.debug)

.line
 *(.line)

.debug_srcinfo
 *(.debug_srcinfo)

.debug_sfnames
 *(.debug_sfnames)

.debug_aranges  0x00000000      0x9f8
 *(.debug_aranges)
 .debug_aranges
                0x00000000       0x20 build/default/production/_ext/1248472724/compiler.o
 .debug_aranges
                0x00000020       0x20 build/default/production/_ext/1248472724/document.o
 .debug_aranges
                0x00000040       0x20 build/default/production/_ext/1248472724/editor.o
 .debug_aranges
                0x00000060       0x20 build/default/production/_ext/1248472724/error.o
 .debug_aranges
                0x00000080       0x20 build/default/production/_ext/1248472724/exception.o
 .debug_aranges
                0x000000a0       0x20 build/default/production/_ext/1248472724/file.o
 .debug_aranges
                0x000000c0       0x20 build/default/production/_ext/1248472724/float.o
 .debug_aranges
                0x000000e0       0x20 build/default/production/_ext/1248472724/function.o
 .debug_aranges
                0x00000100       0x20 build/default/production/_ext/1248472724/keyinput.o
 .debug_aranges
                0x00000120       0x20 build/default/production/_ext/1248472724/library.o
 .debug_aranges
                0x00000140       0x20 build/default/production/_ext/1248472724/linker.o
 .debug_aranges
                0x00000160       0x20 build/default/production/_ext/1248472724/main.o
 .debug_aranges
                0x00000180       0x20 build/default/production/_ext/1248472724/memory.o
 .debug_aranges
                0x000001a0       0x20 build/default/production/_ext/1248472724/music.o
 .debug_aranges
                0x000001c0       0x20 build/default/production/_ext/1248472724/operator.o
 .debug_aranges
                0x000001e0       0x20 build/default/production/_ext/1248472724/run.o
 .debug_aranges
                0x00000200       0x20 build/default/production/_ext/1248472724/statement.o
 .debug_aranges
                0x00000220       0x20 build/default/production/_ext/1248472724/string.o
 .debug_aranges
                0x00000240       0x20 build/default/production/_ext/1248472724/value.o
 .debug_aranges
                0x00000260       0x20 build/default/production/_ext/618058229/fontx2.o
 .debug_aranges
                0x00000280       0x20 source/lib_videoout_machikania.X.a(videoout.o)
 .debug_aranges
                0x000002a0       0x20 source/lib_videoout_machikania.X.a(textvideolib.o)
 .debug_aranges
                0x000002c0       0x20 source/lib_videoout_machikania.X.a(graphvideolib.o)
 .debug_aranges
                0x000002e0       0x20 source/ps2keyboard.X.a(ps2keyboard.o)
 .debug_aranges
                0x00000300       0x20 source/libsdfsio.a(FSIO.o)
 .debug_aranges
                0x00000320       0x20 source/libsdfsio.a(SD-SPI.o)
 .debug_aranges
                0x00000340       0x20 /opt/microchip/xc32/v1.32/bin/bin/../../lib/gcc/pic32mx/4.5.2/../../../../pic32mx/lib/size/libmchp_peripheral_32MX150F128B.a(soft_reset_lib.o)
 .debug_aranges
                0x00000360       0x20 /opt/microchip/xc32/v1.32/bin/bin/../../lib/gcc/pic32mx/4.5.2/../../../../pic32mx/lib/size/libmchp_peripheral_32MX150F128B.a(osc_config_lib.o)
 .debug_aranges
                0x00000380       0x20 /opt/microchip/xc32/v1.32/bin/bin/../../lib/gcc/pic32mx/4.5.2/../../../../pic32mx/lib/size/libmchp_peripheral_32MX150F128B.a(int_disable_interrupts_lib.o)
 .debug_aranges
                0x000003a0       0x20 /opt/microchip/xc32/v1.32/bin/bin/../../lib/gcc/pic32mx/4.5.2/../../../../pic32mx/lib/size/libmchp_peripheral_32MX150F128B.a(int_restore_interrupts_lib.o)
 .debug_aranges
                0x000003c0       0x20 /opt/microchip/xc32/v1.32/bin/bin/../../lib/gcc/pic32mx/4.5.2/../../../../pic32mx/lib/size/libmchp_peripheral_32MX150F128B.a(int_enable_mv_int_lib.o)
 .debug_aranges
                0x000003e0       0x20 /opt/microchip/xc32/v1.32/bin/bin/../../lib/gcc/pic32mx/4.5.2/../../../../pic32mx/lib/size/libmchp_peripheral_32MX150F128B.a(spi_getc_spi2_lib_legacy.o)
 .debug_aranges
                0x00000400       0x20 /opt/microchip/xc32/v1.32/bin/bin/../../lib/gcc/pic32mx/4.5.2/../../../../pic32mx/lib/size/libmchp_peripheral_32MX150F128B.a(spi_open_spi2_lib_legacy.o)
 .debug_aranges
                0x00000420       0x20 /opt/microchip/xc32/v1.32/bin/bin/../../lib/gcc/pic32mx/4.5.2/../../../../pic32mx/lib/size/libmchp_peripheral_32MX150F128B.a(nvm_write_word_lib.o)
 .debug_aranges
                0x00000440       0x20 /opt/microchip/xc32/v1.32/bin/bin/../../lib/gcc/pic32mx/4.5.2/../../../../pic32mx/lib/size/libmchp_peripheral_32MX150F128B.a(int_enable_interrupts_lib.o)
 .debug_aranges
                0x00000460       0x20 /opt/microchip/xc32/v1.32/bin/bin/../../lib/gcc/pic32mx/4.5.2/../../../../pic32mx/lib/size/libmchp_peripheral_32MX150F128B.a(nvm_operation_lib.o)
 .debug_aranges
                0x00000480       0x20 /opt/microchip/xc32/v1.32/bin/bin/../../lib/gcc/pic32mx/4.5.2/../../../../pic32mx/lib/size/libpic32.a(default-bootstrap-exception-handler.o)
 .debug_aranges
                0x000004a0       0x20 /opt/microchip/xc32/v1.32/bin/bin/../../lib/gcc/pic32mx/4.5.2/../../../../pic32mx/lib/size/libpic32.a(default-on-reset.o)
 .debug_aranges
                0x000004c0       0x20 /opt/microchip/xc32/v1.32/bin/bin/../../lib/gcc/pic32mx/4.5.2/../../../../pic32mx/lib/size/libpic32.a(default-on-bootstrap.o)
 .debug_aranges
                0x000004e0       0x20 /opt/microchip/xc32/v1.32/bin/bin/../../lib/gcc/pic32mx/4.5.2/../../../../pic32mx/lib/size/libpic32.a(defaultinterrupt.o)
 .debug_aranges
                0x00000500       0x20 /opt/microchip/xc32/v1.32/bin/bin/../../lib/gcc/pic32mx/4.5.2/../../../../pic32mx/lib/size/libm.a(w_acosf.o)
 .debug_aranges
                0x00000520       0x20 /opt/microchip/xc32/v1.32/bin/bin/../../lib/gcc/pic32mx/4.5.2/../../../../pic32mx/lib/size/libm.a(w_asinf.o)
 .debug_aranges
                0x00000540       0x20 /opt/microchip/xc32/v1.32/bin/bin/../../lib/gcc/pic32mx/4.5.2/../../../../pic32mx/lib/size/libm.a(w_atan2f.o)
 .debug_aranges
                0x00000560       0x20 /opt/microchip/xc32/v1.32/bin/bin/../../lib/gcc/pic32mx/4.5.2/../../../../pic32mx/lib/size/libm.a(w_coshf.o)
 .debug_aranges
                0x00000580       0x20 /opt/microchip/xc32/v1.32/bin/bin/../../lib/gcc/pic32mx/4.5.2/../../../../pic32mx/lib/size/libm.a(w_expf.o)
 .debug_aranges
                0x000005a0       0x20 /opt/microchip/xc32/v1.32/bin/bin/../../lib/gcc/pic32mx/4.5.2/../../../../pic32mx/lib/size/libm.a(w_log10f.o)
 .debug_aranges
                0x000005c0       0x20 /opt/microchip/xc32/v1.32/bin/bin/../../lib/gcc/pic32mx/4.5.2/../../../../pic32mx/lib/size/libm.a(w_logf.o)
 .debug_aranges
                0x000005e0       0x20 /opt/microchip/xc32/v1.32/bin/bin/../../lib/gcc/pic32mx/4.5.2/../../../../pic32mx/lib/size/libm.a(w_powf.o)
 .debug_aranges
                0x00000600       0x20 /opt/microchip/xc32/v1.32/bin/bin/../../lib/gcc/pic32mx/4.5.2/../../../../pic32mx/lib/size/libm.a(w_sinhf.o)
 .debug_aranges
                0x00000620       0x20 /opt/microchip/xc32/v1.32/bin/bin/../../lib/gcc/pic32mx/4.5.2/../../../../pic32mx/lib/size/libm.a(w_sqrtf.o)
 .debug_aranges
                0x00000640       0x78 /opt/microchip/xc32/v1.32/bin/bin/../../lib/gcc/pic32mx/4.5.2/../../../../pic32mx/lib/size/libm.a(support.o)
 .debug_aranges
                0x000006b8       0xa0 /opt/microchip/xc32/v1.32/bin/bin/../../lib/gcc/pic32mx/4.5.2/../../../../pic32mx/lib/size/libc.a(ctypef.o)
 .debug_aranges
                0x00000758       0x20 /opt/microchip/xc32/v1.32/bin/bin/../../lib/gcc/pic32mx/4.5.2/../../../../pic32mx/lib/size/libc.a(strncpy.o)
 .debug_aranges
                0x00000778       0x28 /opt/microchip/xc32/v1.32/bin/bin/../../lib/gcc/pic32mx/4.5.2/../../../../pic32mx/lib/size/libc.a(strtof.o)
 .debug_aranges
                0x000007a0       0x20 /opt/microchip/xc32/v1.32/bin/bin/../../lib/gcc/pic32mx/4.5.2/../../../../pic32mx/lib/size/libc.a(snprintf.o)
 .debug_aranges
                0x000007c0       0x20 /opt/microchip/xc32/v1.32/bin/bin/../../lib/gcc/pic32mx/4.5.2/../../../../pic32mx/lib/size/libc.a(vsnprintf.o)
 .debug_aranges
                0x000007e0       0x30 /opt/microchip/xc32/v1.32/bin/bin/../../lib/gcc/pic32mx/4.5.2/../../../../pic32mx/lib/size/libc.a(doprnt.o)
 .debug_aranges
                0x00000810       0x20 /opt/microchip/xc32/v1.32/bin/bin/../../lib/gcc/pic32mx/4.5.2/../../../../pic32mx/lib/size/libc.a(_fputc_simple.o)
 .debug_aranges
                0x00000830       0x20 /opt/microchip/xc32/v1.32/bin/bin/../../lib/gcc/pic32mx/4.5.2/../../../../pic32mx/lib/size/libc.a(_flsbuf_simple.o)
 .debug_aranges
                0x00000850       0x20 /opt/microchip/xc32/v1.32/bin/bin/../../lib/gcc/pic32mx/4.5.2/../../../../pic32mx/lib/size/libpic32.a(write.o)
 .debug_aranges
                0x00000870       0x48 /opt/microchip/xc32/v1.32/bin/bin/../../lib/gcc/pic32mx/4.5.2/../../../../pic32mx/lib/size/libpic32.a(isinf.o)
 .debug_aranges
                0x000008b8       0x20 /opt/microchip/xc32/v1.32/bin/bin/../../lib/gcc/pic32mx/4.5.2/../../../../pic32mx/lib/size/libpic32.a(_mon_putc.o)
 .debug_aranges
                0x000008d8       0x20 /opt/microchip/xc32/v1.32/bin/bin/../../lib/gcc/pic32mx/4.5.2/../../../../pic32mx/lib/size/libm.a(__strtof.o)
 .debug_aranges
                0x000008f8       0x20 /opt/microchip/xc32/v1.32/bin/bin/../../lib/gcc/pic32mx/4.5.2/../../../../pic32mx/lib/size/libe.a(_floatdisf.o)
 .debug_aranges
                0x00000918       0x20 /opt/microchip/xc32/v1.32/bin/bin/../../lib/gcc/pic32mx/4.5.2/../../../../pic32mx/lib/size/libe.a(_unorddf2.o)
 .debug_aranges
                0x00000938       0x20 /opt/microchip/xc32/v1.32/bin/bin/../../lib/gcc/pic32mx/4.5.2/../../../../pic32mx/lib/size/libe.a(_ldexpf.o)
 .debug_aranges
                0x00000958       0x20 /opt/microchip/xc32/v1.32/bin/bin/../../lib/gcc/pic32mx/4.5.2/size/libgcc.a(_lshrdi3.o)
 .debug_aranges
                0x00000978       0x20 /opt/microchip/xc32/v1.32/bin/bin/../../lib/gcc/pic32mx/4.5.2/size/libgcc.a(_floatundisf.o)
 .debug_aranges
                0x00000998       0x20 /opt/microchip/xc32/v1.32/bin/bin/../../lib/gcc/pic32mx/4.5.2/size/libgcc.a(_udivdi3.o)
 .debug_aranges
                0x000009b8       0x20 /opt/microchip/xc32/v1.32/bin/bin/../../lib/gcc/pic32mx/4.5.2/size/libgcc.a(_umoddi3.o)
 .debug_aranges
                0x000009d8       0x20 /opt/microchip/xc32/v1.32/bin/bin/../../lib/gcc/pic32mx/4.5.2/size/libgcc.a(floatunsisf.o)

.debug_pubnames
                0x00000000     0x2d81
 *(.debug_pubnames)
 .debug_pubnames
                0x00000000       0x74 build/default/production/_ext/1248472724/compiler.o
 .debug_pubnames
                0x00000074       0x2d build/default/production/_ext/1248472724/document.o
 .debug_pubnames
                0x000000a1      0x580 build/default/production/_ext/1248472724/editor.o
 .debug_pubnames
                0x00000621       0xf6 build/default/production/_ext/1248472724/error.o
 .debug_pubnames
                0x00000717       0x50 build/default/production/_ext/1248472724/exception.o
 .debug_pubnames
                0x00000767       0x4e build/default/production/_ext/1248472724/file.o
 .debug_pubnames
                0x000007b5       0x47 build/default/production/_ext/1248472724/float.o
 .debug_pubnames
                0x000007fc      0x298 build/default/production/_ext/1248472724/function.o
 .debug_pubnames
                0x00000a94      0x1c4 build/default/production/_ext/1248472724/globalvars.o
 .debug_pubnames
                0x00000c58       0xdb build/default/production/_ext/1248472724/keyinput.o
 .debug_pubnames
                0x00000d33      0x20f build/default/production/_ext/1248472724/library.o
 .debug_pubnames
                0x00000f42       0x6b build/default/production/_ext/1248472724/linker.o
 .debug_pubnames
                0x00000fad       0x89 build/default/production/_ext/1248472724/main.o
 .debug_pubnames
                0x00001036       0xa0 build/default/production/_ext/1248472724/memory.o
 .debug_pubnames
                0x000010d6       0xa6 build/default/production/_ext/1248472724/music.o
 .debug_pubnames
                0x0000117c       0x8a build/default/production/_ext/1248472724/operator.o
 .debug_pubnames
                0x00001206       0x2c build/default/production/_ext/1248472724/run.o
 .debug_pubnames
                0x00001232      0x404 build/default/production/_ext/1248472724/statement.o
 .debug_pubnames
                0x00001636       0x46 build/default/production/_ext/1248472724/string.o
 .debug_pubnames
                0x0000167c       0x89 build/default/production/_ext/1248472724/value.o
 .debug_pubnames
                0x00001705       0xa7 build/default/production/_ext/618058229/fontx2.o
 .debug_pubnames
                0x000017ac      0x19a source/lib_videoout_machikania.X.a(videoout.o)
 .debug_pubnames
                0x00001946       0xe2 source/lib_videoout_machikania.X.a(textvideolib.o)
 .debug_pubnames
                0x00001a28       0xc7 source/lib_videoout_machikania.X.a(graphvideolib.o)
 .debug_pubnames
                0x00001aef      0x36c source/ps2keyboard.X.a(ps2keyboard.o)
 .debug_pubnames
                0x00001e5b      0x5ea source/libsdfsio.a(FSIO.o)
 .debug_pubnames
                0x00002445      0x1fc source/libsdfsio.a(SD-SPI.o)
 .debug_pubnames
                0x00002641       0x20 /opt/microchip/xc32/v1.32/bin/bin/../../lib/gcc/pic32mx/4.5.2/../../../../pic32mx/lib/size/libmchp_peripheral_32MX150F128B.a(soft_reset_lib.o)
 .debug_pubnames
                0x00002661       0x20 /opt/microchip/xc32/v1.32/bin/bin/../../lib/gcc/pic32mx/4.5.2/../../../../pic32mx/lib/size/libmchp_peripheral_32MX150F128B.a(osc_config_lib.o)
 .debug_pubnames
                0x00002681       0x2b /opt/microchip/xc32/v1.32/bin/bin/../../lib/gcc/pic32mx/4.5.2/../../../../pic32mx/lib/size/libmchp_peripheral_32MX150F128B.a(int_disable_interrupts_lib.o)
 .debug_pubnames
                0x000026ac       0x2b /opt/microchip/xc32/v1.32/bin/bin/../../lib/gcc/pic32mx/4.5.2/../../../../pic32mx/lib/size/libmchp_peripheral_32MX150F128B.a(int_restore_interrupts_lib.o)
 .debug_pubnames
                0x000026d7       0x36 /opt/microchip/xc32/v1.32/bin/bin/../../lib/gcc/pic32mx/4.5.2/../../../../pic32mx/lib/size/libmchp_peripheral_32MX150F128B.a(int_enable_mv_int_lib.o)
 .debug_pubnames
                0x0000270d       0x1f /opt/microchip/xc32/v1.32/bin/bin/../../lib/gcc/pic32mx/4.5.2/../../../../pic32mx/lib/size/libmchp_peripheral_32MX150F128B.a(spi_getc_spi2_lib_legacy.o)
 .debug_pubnames
                0x0000272c       0x1f /opt/microchip/xc32/v1.32/bin/bin/../../lib/gcc/pic32mx/4.5.2/../../../../pic32mx/lib/size/libmchp_peripheral_32MX150F128B.a(spi_open_spi2_lib_legacy.o)
 .debug_pubnames
                0x0000274b       0x23 /opt/microchip/xc32/v1.32/bin/bin/../../lib/gcc/pic32mx/4.5.2/../../../../pic32mx/lib/size/libmchp_peripheral_32MX150F128B.a(nvm_write_word_lib.o)
 .debug_pubnames
                0x0000276e       0x2a /opt/microchip/xc32/v1.32/bin/bin/../../lib/gcc/pic32mx/4.5.2/../../../../pic32mx/lib/size/libmchp_peripheral_32MX150F128B.a(int_enable_interrupts_lib.o)
 .debug_pubnames
                0x00002798       0x24 /opt/microchip/xc32/v1.32/bin/bin/../../lib/gcc/pic32mx/4.5.2/../../../../pic32mx/lib/size/libmchp_peripheral_32MX150F128B.a(nvm_operation_lib.o)
 .debug_pubnames
                0x000027bc       0x33 /opt/microchip/xc32/v1.32/bin/bin/../../lib/gcc/pic32mx/4.5.2/../../../../pic32mx/lib/size/libpic32.a(default-bootstrap-exception-handler.o)
 .debug_pubnames
                0x000027ef       0x20 /opt/microchip/xc32/v1.32/bin/bin/../../lib/gcc/pic32mx/4.5.2/../../../../pic32mx/lib/size/libpic32.a(default-on-reset.o)
 .debug_pubnames
                0x0000280f       0x24 /opt/microchip/xc32/v1.32/bin/bin/../../lib/gcc/pic32mx/4.5.2/../../../../pic32mx/lib/size/libpic32.a(default-on-bootstrap.o)
 .debug_pubnames
                0x00002833       0x28 /opt/microchip/xc32/v1.32/bin/bin/../../lib/gcc/pic32mx/4.5.2/../../../../pic32mx/lib/size/libpic32.a(defaultinterrupt.o)
 .debug_pubnames
                0x0000285b       0x1c /opt/microchip/xc32/v1.32/bin/bin/../../lib/gcc/pic32mx/4.5.2/../../../../pic32mx/lib/size/libm.a(w_acosf.o)
 .debug_pubnames
                0x00002877       0x1c /opt/microchip/xc32/v1.32/bin/bin/../../lib/gcc/pic32mx/4.5.2/../../../../pic32mx/lib/size/libm.a(w_asinf.o)
 .debug_pubnames
                0x00002893       0x1d /opt/microchip/xc32/v1.32/bin/bin/../../lib/gcc/pic32mx/4.5.2/../../../../pic32mx/lib/size/libm.a(w_atan2f.o)
 .debug_pubnames
                0x000028b0       0x1c /opt/microchip/xc32/v1.32/bin/bin/../../lib/gcc/pic32mx/4.5.2/../../../../pic32mx/lib/size/libm.a(w_coshf.o)
 .debug_pubnames
                0x000028cc       0x1b /opt/microchip/xc32/v1.32/bin/bin/../../lib/gcc/pic32mx/4.5.2/../../../../pic32mx/lib/size/libm.a(w_expf.o)
 .debug_pubnames
                0x000028e7       0x1d /opt/microchip/xc32/v1.32/bin/bin/../../lib/gcc/pic32mx/4.5.2/../../../../pic32mx/lib/size/libm.a(w_log10f.o)
 .debug_pubnames
                0x00002904       0x1b /opt/microchip/xc32/v1.32/bin/bin/../../lib/gcc/pic32mx/4.5.2/../../../../pic32mx/lib/size/libm.a(w_logf.o)
 .debug_pubnames
                0x0000291f       0x1b /opt/microchip/xc32/v1.32/bin/bin/../../lib/gcc/pic32mx/4.5.2/../../../../pic32mx/lib/size/libm.a(w_powf.o)
 .debug_pubnames
                0x0000293a       0x1c /opt/microchip/xc32/v1.32/bin/bin/../../lib/gcc/pic32mx/4.5.2/../../../../pic32mx/lib/size/libm.a(w_sinhf.o)
 .debug_pubnames
                0x00002956       0x1c /opt/microchip/xc32/v1.32/bin/bin/../../lib/gcc/pic32mx/4.5.2/../../../../pic32mx/lib/size/libm.a(w_sqrtf.o)
 .debug_pubnames
                0x00002972       0x98 /opt/microchip/xc32/v1.32/bin/bin/../../lib/gcc/pic32mx/4.5.2/../../../../pic32mx/lib/size/libm.a(support.o)
 .debug_pubnames
                0x00002a0a       0xe1 /opt/microchip/xc32/v1.32/bin/bin/../../lib/gcc/pic32mx/4.5.2/../../../../pic32mx/lib/size/libc.a(ctypef.o)
 .debug_pubnames
                0x00002aeb       0x1e /opt/microchip/xc32/v1.32/bin/bin/../../lib/gcc/pic32mx/4.5.2/../../../../pic32mx/lib/size/libc.a(strncpy.o)
 .debug_pubnames
                0x00002b09       0x29 /opt/microchip/xc32/v1.32/bin/bin/../../lib/gcc/pic32mx/4.5.2/../../../../pic32mx/lib/size/libc.a(strtof.o)
 .debug_pubnames
                0x00002b32       0x1f /opt/microchip/xc32/v1.32/bin/bin/../../lib/gcc/pic32mx/4.5.2/../../../../pic32mx/lib/size/libc.a(snprintf.o)
 .debug_pubnames
                0x00002b51       0x20 /opt/microchip/xc32/v1.32/bin/bin/../../lib/gcc/pic32mx/4.5.2/../../../../pic32mx/lib/size/libc.a(vsnprintf.o)
 .debug_pubnames
                0x00002b71       0x1f /opt/microchip/xc32/v1.32/bin/bin/../../lib/gcc/pic32mx/4.5.2/../../../../pic32mx/lib/size/libc.a(doprnt.o)
 .debug_pubnames
                0x00002b90       0x1c /opt/microchip/xc32/v1.32/bin/bin/../../lib/gcc/pic32mx/4.5.2/../../../../pic32mx/lib/size/libc.a(_fputc_simple.o)
 .debug_pubnames
                0x00002bac       0x1e /opt/microchip/xc32/v1.32/bin/bin/../../lib/gcc/pic32mx/4.5.2/../../../../pic32mx/lib/size/libc.a(_flsbuf_simple.o)
 .debug_pubnames
                0x00002bca       0x1c /opt/microchip/xc32/v1.32/bin/bin/../../lib/gcc/pic32mx/4.5.2/../../../../pic32mx/lib/size/libpic32.a(write.o)
 .debug_pubnames
                0x00002be6       0x52 /opt/microchip/xc32/v1.32/bin/bin/../../lib/gcc/pic32mx/4.5.2/../../../../pic32mx/lib/size/libpic32.a(isinf.o)
 .debug_pubnames
                0x00002c38       0x20 /opt/microchip/xc32/v1.32/bin/bin/../../lib/gcc/pic32mx/4.5.2/../../../../pic32mx/lib/size/libpic32.a(_mon_putc.o)
 .debug_pubnames
                0x00002c58       0x1f /opt/microchip/xc32/v1.32/bin/bin/../../lib/gcc/pic32mx/4.5.2/../../../../pic32mx/lib/size/libm.a(__strtof.o)
 .debug_pubnames
                0x00002c77       0x22 /opt/microchip/xc32/v1.32/bin/bin/../../lib/gcc/pic32mx/4.5.2/../../../../pic32mx/lib/size/libe.a(_floatdisf.o)
 .debug_pubnames
                0x00002c99       0x21 /opt/microchip/xc32/v1.32/bin/bin/../../lib/gcc/pic32mx/4.5.2/../../../../pic32mx/lib/size/libe.a(_unorddf2.o)
 .debug_pubnames
                0x00002cba       0x1f /opt/microchip/xc32/v1.32/bin/bin/../../lib/gcc/pic32mx/4.5.2/../../../../pic32mx/lib/size/libe.a(_ldexpf.o)
 .debug_pubnames
                0x00002cd9       0x20 /opt/microchip/xc32/v1.32/bin/bin/../../lib/gcc/pic32mx/4.5.2/size/libgcc.a(_lshrdi3.o)
 .debug_pubnames
                0x00002cf9       0x24 /opt/microchip/xc32/v1.32/bin/bin/../../lib/gcc/pic32mx/4.5.2/size/libgcc.a(_floatundisf.o)
 .debug_pubnames
                0x00002d1d       0x20 /opt/microchip/xc32/v1.32/bin/bin/../../lib/gcc/pic32mx/4.5.2/size/libgcc.a(_udivdi3.o)
 .debug_pubnames
                0x00002d3d       0x20 /opt/microchip/xc32/v1.32/bin/bin/../../lib/gcc/pic32mx/4.5.2/size/libgcc.a(_umoddi3.o)
 .debug_pubnames
                0x00002d5d       0x24 /opt/microchip/xc32/v1.32/bin/bin/../../lib/gcc/pic32mx/4.5.2/size/libgcc.a(floatunsisf.o)

.debug_info     0x00000000    0x19fcb
 *(.debug_info .gnu.linkonce.wi.*)
 .debug_info    0x00000000      0x3ba build/default/production/_ext/1248472724/compiler.o
 .debug_info    0x000003ba        0x0 build/default/production/_ext/1248472724/debug.o
 .debug_info    0x000003ba      0x152 build/default/production/_ext/1248472724/document.o
 .debug_info    0x0000050c     0x204e build/default/production/_ext/1248472724/editor.o
 .debug_info    0x0000255a      0x44c build/default/production/_ext/1248472724/error.o
 .debug_info    0x000029a6      0x373 build/default/production/_ext/1248472724/exception.o
 .debug_info    0x00002d19      0x58b build/default/production/_ext/1248472724/file.o
 .debug_info    0x000032a4      0x733 build/default/production/_ext/1248472724/float.o
 .debug_info    0x000039d7      0xd90 build/default/production/_ext/1248472724/function.o
 .debug_info    0x00004767      0x458 build/default/production/_ext/1248472724/globalvars.o
 .debug_info    0x00004bbf      0x39f build/default/production/_ext/1248472724/keyinput.o
 .debug_info    0x00004f5e     0x15e8 build/default/production/_ext/1248472724/library.o
 .debug_info    0x00006546      0x6b4 build/default/production/_ext/1248472724/linker.o
 .debug_info    0x00006bfa      0x837 build/default/production/_ext/1248472724/main.o
 .debug_info    0x00007431      0x3d3 build/default/production/_ext/1248472724/memory.o
 .debug_info    0x00007804      0xdf6 build/default/production/_ext/1248472724/music.o
 .debug_info    0x000085fa      0x6e5 build/default/production/_ext/1248472724/operator.o
 .debug_info    0x00008cdf      0x407 build/default/production/_ext/1248472724/run.o