Archive member included because of file (symbol)

source/lib_videoout_machikania.X.a(videoout.o)
                              build/default/production/_ext/1248472724/editor.o (TVRAM)
source/lib_videoout_machikania.X.a(textvideolib.o)
                              build/default/production/_ext/1248472724/editor.o (setcursor)
source/lib_videoout_machikania.X.a(graphvideolib.o)
                              build/default/production/_ext/1248472724/library.o (g_pset)
source/ps2keyboard.X.a(ps2keyboard.o)
                              build/default/production/_ext/1248472724/library.o (keytype)
source/libsdfsio.a(FSIO.o)    build/default/production/_ext/1248472724/editor.o (FSInit)
source/libsdfsio.a(SD-SPI.o)  source/libsdfsio.a(FSIO.o) (MDD_SDSPI_InitIO)
/opt/microchip/xc32/v1.32/bin/bin/../../lib/gcc/pic32mx/4.5.2/../../../../pic32mx/lib/size/libmchp_peripheral_32MX150F128B.a(soft_reset_lib.o)
                              build/default/production/_ext/1248472724/exception.o (SoftReset)
/opt/microchip/xc32/v1.32/bin/bin/../../lib/gcc/pic32mx/4.5.2/../../../../pic32mx/lib/size/libmchp_peripheral_32MX150F128B.a(osc_config_lib.o)
                              source/lib_videoout_machikania.X.a(videoout.o) (OSCConfig)
/opt/microchip/xc32/v1.32/bin/bin/../../lib/gcc/pic32mx/4.5.2/../../../../pic32mx/lib/size/libmchp_peripheral_32MX150F128B.a(int_disable_interrupts_lib.o)
                              /opt/microchip/xc32/v1.32/bin/bin/../../lib/gcc/pic32mx/4.5.2/../../../../pic32mx/lib/size/libmchp_peripheral_32MX150F128B.a(soft_reset_lib.o) (INTDisableInterrupts)
/opt/microchip/xc32/v1.32/bin/bin/../../lib/gcc/pic32mx/4.5.2/../../../../pic32mx/lib/size/libmchp_peripheral_32MX150F128B.a(int_restore_interrupts_lib.o)
                              /opt/microchip/xc32/v1.32/bin/bin/../../lib/gcc/pic32mx/4.5.2/../../../../pic32mx/lib/size/libmchp_peripheral_32MX150F128B.a(osc_config_lib.o) (INTRestoreInterrupts)
/opt/microchip/xc32/v1.32/bin/bin/../../lib/gcc/pic32mx/4.5.2/../../../../pic32mx/lib/size/libmchp_peripheral_32MX150F128B.a(int_enable_mv_int_lib.o)
                              source/lib_videoout_machikania.X.a(videoout.o) (INTEnableSystemMultiVectoredInt)
/opt/microchip/xc32/v1.32/bin/bin/../../lib/gcc/pic32mx/4.5.2/../../../../pic32mx/lib/size/libmchp_peripheral_32MX150F128B.a(spi_getc_spi2_lib_legacy.o)
                              source/libsdfsio.a(SD-SPI.o) (getcSPI2)
/opt/microchip/xc32/v1.32/bin/bin/../../lib/gcc/pic32mx/4.5.2/../../../../pic32mx/lib/size/libmchp_peripheral_32MX150F128B.a(spi_open_spi2_lib_legacy.o)
                              source/libsdfsio.a(SD-SPI.o) (OpenSPI2)
/opt/microchip/xc32/v1.32/bin/bin/../../lib/gcc/pic32mx/4.5.2/../../../../pic32mx/lib/size/libmchp_peripheral_32MX150F128B.a(spi_brg_tbl_lib_legacy.o)
                              /opt/microchip/xc32/v1.32/bin/bin/../../lib/gcc/pic32mx/4.5.2/../../../../pic32mx/lib/size/libmchp_peripheral_32MX150F128B.a(spi_open_spi2_lib_legacy.o) (_SpiBrgConvTbl)
/opt/microchip/xc32/v1.32/bin/bin/../../lib/gcc/pic32mx/4.5.2/../../../../pic32mx/lib/size/libmchp_peripheral_32MX150F128B.a(nvm_write_word_lib.o)
                              build/default/production/_ext/1248472724/main.o (NVMWriteWord)
/opt/microchip/xc32/v1.32/bin/bin/../../lib/gcc/pic32mx/4.5.2/../../../../pic32mx/lib/size/libmchp_peripheral_32MX150F128B.a(int_enable_interrupts_lib.o)
                              /opt/microchip/xc32/v1.32/bin/bin/../../lib/gcc/pic32mx/4.5.2/../../../../pic32mx/lib/size/libmchp_peripheral_32MX150F128B.a(int_enable_mv_int_lib.o) (INTEnableInterrupts)
/opt/microchip/xc32/v1.32/bin/bin/../../lib/gcc/pic32mx/4.5.2/../../../../pic32mx/lib/size/libmchp_peripheral_32MX150F128B.a(nvm_operation_lib.o)
                              /opt/microchip/xc32/v1.32/bin/bin/../../lib/gcc/pic32mx/4.5.2/../../../../pic32mx/lib/size/libmchp_peripheral_32MX150F128B.a(nvm_write_word_lib.o) (_NVMOperation)
/opt/microchip/xc32/v1.32/bin/bin/../../lib/gcc/pic32mx/4.5.2/../../../../pic32mx/lib/size/libpic32.a(memset.o)
                              source/libsdfsio.a(FSIO.o) (memset)
/opt/microchip/xc32/v1.32/bin/bin/../../lib/gcc/pic32mx/4.5.2/../../../../pic32mx/lib/size/libpic32.a(strcpy.o)
                              source/libsdfsio.a(FSIO.o) (strcpy)
/opt/microchip/xc32/v1.32/bin/bin/../../lib/gcc/pic32mx/4.5.2/../../../../pic32mx/lib/size/libpic32.a(strlen.o)
                              source/libsdfsio.a(FSIO.o) (strlen)
/opt/microchip/xc32/v1.32/bin/bin/../../lib/gcc/pic32mx/4.5.2/../../../../pic32mx/lib/size/libpic32.a(default-bootstrap-exception-handler.o)
                              /opt/microchip/xc32/v1.32/bin/bin/../../lib/gcc/pic32mx/4.5.2/../../../../pic32mx/lib/./proc/32MX170F256B/crt0_mips32r2.o (_bootstrap_exception_handler)
/opt/microchip/xc32/v1.32/bin/bin/../../lib/gcc/pic32mx/4.5.2/../../../../pic32mx/lib/size/libpic32.a(default-on-reset.o)
[...]
Memory Configuration

Name             Origin             Length             Attributes
kseg0_program_mem 0x9d000000         0x0003f000         xr
exception_mem    0x9d03f000         0x00001000
debug_exec_mem   0x9fc00490         0x00000760
kseg0_boot_mem   0x9fc00490         0x00000000
kseg1_boot_mem   0xbfc00000         0x00000490
config3          0xbfc00bf0         0x00000004
config2          0xbfc00bf4         0x00000004
config1          0xbfc00bf8         0x00000004
config0          0xbfc00bfc         0x00000004
kseg1_data_mem   0xa0000000         0x00010000         w !x
sfrs             0xbf800000         0x00100000
configsfrs       0xbfc00bf0         0x00000010
*default*        0x00000000         0xffffffff

Linker script and memory map

LOAD /opt/microchip/xc32/v1.32/bin/bin/../../lib/gcc/pic32mx/4.5.2/../../../../pic32mx/lib/./proc/32MX170F256B/crt0_mips32r2.o
LOAD /opt/microchip/xc32/v1.32/bin/bin/../../lib/gcc/pic32mx/4.5.2/../../../../pic32mx/lib/size/debug-exception-return.o
LOAD build/default/production/_ext/1248472724/compiler.o
LOAD build/default/production/_ext/1248472724/debug.o
LOAD build/default/production/_ext/1248472724/document.o
LOAD build/default/production/_ext/1248472724/editor.o
LOAD build/default/production/_ext/1248472724/error.o
LOAD build/default/production/_ext/1248472724/exception.o
LOAD build/default/production/_ext/1248472724/file.o
LOAD build/default/production/_ext/1248472724/float.o
LOAD build/default/production/_ext/1248472724/function.o
LOAD build/default/production/_ext/1248472724/globalvars.o
LOAD build/default/production/_ext/1248472724/keyinput.o
LOAD build/default/production/_ext/1248472724/library.o
LOAD build/default/production/_ext/1248472724/linker.o
LOAD build/default/production/_ext/1248472724/main.o
LOAD build/default/production/_ext/1248472724/memory.o
LOAD build/default/production/_ext/1248472724/music.o
LOAD build/default/production/_ext/1248472724/operator.o
LOAD build/default/production/_ext/1248472724/run.o
LOAD build/default/production/_ext/1248472724/statement.o
LOAD build/default/production/_ext/1248472724/string.o
LOAD build/default/production/_ext/1248472724/value.o
LOAD build/default/production/_ext/618058229/fontx2.o
LOAD source/lib_videoout_machikania.X.a
LOAD source/ps2keyboard.X.a
LOAD source/libsdfsio.a
                0x00000001                __MPLAB_BUILD = 0x1
                0x00000400                PROVIDE (_min_stack_size, 0x400)
LOAD /opt/microchip/xc32/v1.32/bin/bin/../../lib/gcc/pic32mx/4.5.2/../../../../pic32mx/lib/./proc/32MX170F256B/processor.o
START GROUP
LOAD /opt/microchip/xc32/v1.32/bin/bin/../../lib/gcc/pic32mx/4.5.2/../../../../pic32mx/lib/size/libmchp_peripheral.a
END GROUP
START GROUP
LOAD /opt/microchip/xc32/v1.32/bin/bin/../../lib/gcc/pic32mx/4.5.2/../../../../pic32mx/lib/size/libmchp_peripheral_32MX150F128B.a
END GROUP
                0x00000001                PROVIDE (_vector_spacing, 0x1)
                0x9d03f000                _ebase_address = 0x9d03f000
                0xbfc00000                _RESET_ADDR = 0xbfc00000
                0xbfc00380                _BEV_EXCPT_ADDR = 0xbfc00380
                0xbfc00480                _DBG_EXCPT_ADDR = 0xbfc00480
                0x9fc00490                _DBG_CODE_ADDR = 0x9fc00490
                0x00000760                _DBG_CODE_SIZE = 0x760
                0x9d03f180                _GEN_EXCPT_ADDR = (_ebase_address + 0x180)

.config_BFC00BF0
                0xbfc00bf0        0x4
 *(.config_BFC00BF0)
 .config_BFC00BF0
                0xbfc00bf0        0x4 build/default/production/_ext/1248472724/main.o

.config_BFC00BF4
                0xbfc00bf4        0x4
 *(.config_BFC00BF4)
 .config_BFC00BF4
                0xbfc00bf4        0x4 build/default/production/_ext/1248472724/main.o

.config_BFC00BF8
                0xbfc00bf8        0x4
 *(.config_BFC00BF8)
 .config_BFC00BF8
                0xbfc00bf8        0x4 build/default/production/_ext/1248472724/main.o

.config_BFC00BFC
                0xbfc00bfc        0x4
 *(.config_BFC00BFC)
 .config_BFC00BFC
                0xbfc00bfc        0x4 build/default/production/_ext/1248472724/main.o

.reset          0xbfc00000      0x1c4
 *(.reset)
 .reset         0xbfc00000      0x1c4 /opt/microchip/xc32/v1.32/bin/bin/../../lib/gcc/pic32mx/4.5.2/../../../../pic32mx/lib/./proc/32MX170F256B/crt0_mips32r2.o
                0xbfc00000                _reset
 *(.reset.startup)

.bev_excpt      0xbfc00380       0x10
 *(.bev_handler)
 .bev_handler   0xbfc00380       0x10 /opt/microchip/xc32/v1.32/bin/bin/../../lib/gcc/pic32mx/4.5.2/../../../../pic32mx/lib/./proc/32MX170F256B/crt0_mips32r2.o

.dbg_excpt      0xbfc00480        0x0
                0xbfc00480                . = (. + DEFINED (_DEBUGGER)?0x8:0x0)

.dbg_code       0x9fc00490        0x0
                0x9fc00490                . = (. + DEFINED (_DEBUGGER)?_DBG_CODE_SIZE:0x0)

.app_excpt      0x9d03f180       0x10
 *(.gen_handler)
 .gen_handler   0x9d03f180       0x10 /opt/microchip/xc32/v1.32/bin/bin/../../lib/gcc/pic32mx/4.5.2/../../../../pic32mx/lib/./proc/32MX170F256B/crt0_mips32r2.o

.vector_0       0x9d03f200        0x8
 *(.vector_0)
 .vector_0      0x9d03f200        0x8 /opt/microchip/xc32/v1.32/bin/bin/../../lib/gcc/pic32mx/4.5.2/../../../../pic32mx/lib/size/libpic32.a(vector0.o)
                0x9d03f200                __vector_dispatch_0
                0x00000001                ASSERT (((_vector_spacing == 0x0) || (SIZEOF (.vector_0) <= (_vector_spacing << 0x5))), function at exception vector 0 too large)

.vector_1       0x9d03f220        0x8
 *(.vector_1)
 .vector_1      0x9d03f220        0x8 /opt/microchip/xc32/v1.32/bin/bin/../../lib/gcc/pic32mx/4.5.2/../../../../pic32mx/lib/size/libpic32.a(vector1.o)
                0x9d03f220                __vector_dispatch_1
                0x00000001                ASSERT (((_vector_spacing == 0x0) || (SIZEOF (.vector_1) <= (_vector_spacing << 0x5))), function at exception vector 1 too large)

.vector_2       0x9d03f240        0x8
 *(.vector_2)
 .vector_2      0x9d03f240        0x8 /opt/microchip/xc32/v1.32/bin/bin/../../lib/gcc/pic32mx/4.5.2/../../../../pic32mx/lib/size/libpic32.a(vector2.o)
                0x9d03f240                __vector_dispatch_2
                0x00000001                ASSERT (((_vector_spacing == 0x0) || (SIZEOF (.vector_2) <= (_vector_spacing << 0x5))), function at exception vector 2 too large)

.vector_3       0x9d03f260        0x8
 *(.vector_3)
 .vector_3      0x9d03f260        0x8 /opt/microchip/xc32/v1.32/bin/bin/../../lib/gcc/pic32mx/4.5.2/../../../../pic32mx/lib/size/libpic32.a(vector3.o)
                0x9d03f260                __vector_dispatch_3
                0x00000001                ASSERT (((_vector_spacing == 0x0) || (SIZEOF (.vector_3) <= (_vector_spacing << 0x5))), function at exception vector 3 too large)

.vector_4       0x9d03f280        0x8
 *(.vector_4)
 .vector_4      0x9d03f280        0x8 /opt/microchip/xc32/v1.32/bin/bin/../../lib/gcc/pic32mx/4.5.2/../../../../pic32mx/lib/size/libpic32.a(vector4.o)
                0x9d03f280                __vector_dispatch_4
                0x00000001                ASSERT (((_vector_spacing == 0x0) || (SIZEOF (.vector_4) <= (_vector_spacing << 0x5))), function at exception vector 4 too large)

.vector_5       0x9d03f2a0        0x8
 *(.vector_5)
 .vector_5      0x9d03f2a0        0x8 /opt/microchip/xc32/v1.32/bin/bin/../../lib/gcc/pic32mx/4.5.2/../../../../pic32mx/lib/size/libpic32.a(vector5.o)
                0x9d03f2a0                __vector_dispatch_5
                0x00000001                ASSERT (((_vector_spacing == 0x0) || (SIZEOF (.vector_5) <= (_vector_spacing << 0x5))), function at exception vector 5 too large)

.vector_6       0x9d03f2c0        0x8
 *(.vector_6)
 .vector_6      0x9d03f2c0        0x8 source/lib_videoout_machikania.X.a(videoout.o)
                0x9d03f2c0                __vector_dispatch_6
                0x00000001                ASSERT (((_vector_spacing == 0x0) || (SIZEOF (.vector_6) <= (_vector_spacing << 0x5))), function at exception vector 6 too large)

.vector_7       0x9d03f2e0        0x8
 *(.vector_7)
 .vector_7      0x9d03f2e0        0x8 /opt/microchip/xc32/v1.32/bin/bin/../../lib/gcc/pic32mx/4.5.2/../../../../pic32mx/lib/size/libpic32.a(vector7.o)
                0x9d03f2e0                __vector_dispatch_7
                0x00000001                ASSERT (((_vector_spacing == 0x0) || (SIZEOF (.vector_7) <= (_vector_spacing << 0x5))), function at exception vector 7 too large)

.vector_8       0x9d03f300        0x8
 *(.vector_8)
 .vector_8      0x9d03f300        0x8 source/lib_videoout_machikania.X.a(videoout.o)
                0x9d03f300                __vector_dispatch_8
                0x00000001                ASSERT (((_vector_spacing == 0x0) || (SIZEOF (.vector_8) <= (_vector_spacing << 0x5))), function at exception vector 8 too large)

.vector_9       0x9d03f320        0x8
 *(.vector_9)
 .vector_9      0x9d03f320        0x8 /opt/microchip/xc32/v1.32/bin/bin/../../lib/gcc/pic32mx/4.5.2/../../../../pic32mx/lib/size/libpic32.a(vector9.o)
                0x9d03f320                __vector_dispatch_9
                0x00000001                ASSERT (((_vector_spacing == 0x0) || (SIZEOF (.vector_9) <= (_vector_spacing << 0x5))), function at exception vector 9 too large)

.vector_10      0x9d03f340        0x8
 *(.vector_10)
 .vector_10     0x9d03f340        0x8 source/lib_videoout_machikania.X.a(videoout.o)
                0x9d03f340                __vector_dispatch_10
                0x00000001                ASSERT (((_vector_spacing == 0x0) || (SIZEOF (.vector_10) <= (_vector_spacing << 0x5))), function at exception vector 10 too large)

.vector_11      0x9d03f360        0x8
 *(.vector_11)
 .vector_11     0x9d03f360        0x8 /opt/microchip/xc32/v1.32/bin/bin/../../lib/gcc/pic32mx/4.5.2/../../../../pic32mx/lib/size/libpic32.a(vector11.o)
                0x9d03f360                __vector_dispatch_11
                0x00000001                ASSERT (((_vector_spacing == 0x0) || (SIZEOF (.vector_11) <= (_vector_spacing << 0x5))), function at exception vector 11 too large)

.vector_12      0x9d03f380        0x8
 *(.vector_12)
 .vector_12     0x9d03f380        0x8 /opt/microchip/xc32/v1.32/bin/bin/../../lib/gcc/pic32mx/4.5.2/../../../../pic32mx/lib/size/libpic32.a(vector12.o)
                0x9d03f380                __vector_dispatch_12
                0x00000001                ASSERT (((_vector_spacing == 0x0) || (SIZEOF (.vector_12) <= (_vector_spacing << 0x5))), function at exception vector 12 too large)

.vector_13      0x9d03f3a0        0x8
 *(.vector_13)
 .vector_13     0x9d03f3a0        0x8 /opt/microchip/xc32/v1.32/bin/bin/../../lib/gcc/pic32mx/4.5.2/../../../../pic32mx/lib/size/libpic32.a(vector13.o)
                0x9d03f3a0                __vector_dispatch_13
                0x00000001                ASSERT (((_vector_spacing == 0x0) || (SIZEOF (.vector_13) <= (_vector_spacing << 0x5))), function at exception vector 13 too large)

.vector_14      0x9d03f3c0        0x8
 *(.vector_14)
 .vector_14     0x9d03f3c0        0x8 source/lib_videoout_machikania.X.a(videoout.o)
                0x9d03f3c0                __vector_dispatch_14
                0x00000001                ASSERT (((_vector_spacing == 0x0) || (SIZEOF (.vector_14) <= (_vector_spacing << 0x5))), function at exception vector 14 too large)

.vector_15      0x9d03f3e0        0x8
 *(.vector_15)
 .vector_15     0x9d03f3e0        0x8 /opt/microchip/xc32/v1.32/bin/bin/../../lib/gcc/pic32mx/4.5.2/../../../../pic32mx/lib/size/libpic32.a(vector15.o)
                0x9d03f3e0                __vector_dispatch_15
                0x00000001                ASSERT (((_vector_spacing == 0x0) || (SIZEOF (.vector_15) <= (_vector_spacing << 0x5))), function at exception vector 15 too large)

.vector_16      0x9d03f400        0x8
 *(.vector_16)
 .vector_16     0x9d03f400        0x8 build/default/production/_ext/1248472724/music.o
                0x9d03f400                __vector_dispatch_16
                0x00000001                ASSERT (((_vector_spacing == 0x0) || (SIZEOF (.vector_16) <= (_vector_spacing << 0x5))), function at exception vector 16 too large)

.vector_17      0x9d03f420        0x8
 *(.vector_17)
 .vector_17     0x9d03f420        0x8 /opt/microchip/xc32/v1.32/bin/bin/../../lib/gcc/pic32mx/4.5.2/../../../../pic32mx/lib/size/libpic32.a(vector17.o)
                0x9d03f420                __vector_dispatch_17
                0x00000001                ASSERT (((_vector_spacing == 0x0) || (SIZEOF (.vector_17) <= (_vector_spacing << 0x5))), function at exception vector 17 too large)

.vector_18      0x9d03f440        0x8
 *(.vector_18)
 .vector_18     0x9d03f440        0x8 /opt/microchip/xc32/v1.32/bin/bin/../../lib/gcc/pic32mx/4.5.2/../../../../pic32mx/lib/size/libpic32.a(vector18.o)
                0x9d03f440                __vector_dispatch_18
                0x00000001                ASSERT (((_vector_spacing == 0x0) || (SIZEOF (.vector_18) <= (_vector_spacing << 0x5))), function at exception vector 18 too large)

.vector_19      0x9d03f460        0x8
 *(.vector_19)
 .vector_19     0x9d03f460        0x8 /opt/microchip/xc32/v1.32/bin/bin/../../lib/gcc/pic32mx/4.5.2/../../../../pic32mx/lib/size/libpic32.a(vector19.o)
                0x9d03f460                __vector_dispatch_19
                0x00000001                ASSERT (((_vector_spacing == 0x0) || (SIZEOF (.vector_19) <= (_vector_spacing << 0x5))), function at exception vector 19 too large)

.vector_20      0x9d03f480        0x8
 *(.vector_20)
 .vector_20     0x9d03f480        0x8 source/ps2keyboard.X.a(ps2keyboard.o)
                0x9d03f480                __vector_dispatch_20
                0x00000001                ASSERT (((_vector_spacing == 0x0) || (SIZEOF (.vector_20) <= (_vector_spacing << 0x5))), function at exception vector 20 too large)

.vector_21      0x9d03f4a0        0x8
 *(.vector_21)
 .vector_21     0x9d03f4a0        0x8 /opt/microchip/xc32/v1.32/bin/bin/../../lib/gcc/pic32mx/4.5.2/../../../../pic32mx/lib/size/libpic32.a(vector21.o)
                0x9d03f4a0                __vector_dispatch_21
                0x00000001                ASSERT (((_vector_spacing == 0x0) || (SIZEOF (.vector_21) <= (_vector_spacing << 0x5))), function at exception vector 21 too large)

.vector_22      0x9d03f4c0        0x8
 *(.vector_22)
 .vector_22     0x9d03f4c0        0x8 /opt/microchip/xc32/v1.32/bin/bin/../../lib/gcc/pic32mx/4.5.2/../../../../pic32mx/lib/size/libpic32.a(vector22.o)
                0x9d03f4c0                __vector_dispatch_22
                0x00000001                ASSERT (((_vector_spacing == 0x0) || (SIZEOF (.vector_22) <= (_vector_spacing << 0x5))), function at exception vector 22 too large)

.vector_23      0x9d03f4e0        0x8
 *(.vector_23)
 .vector_23     0x9d03f4e0        0x8 /opt/microchip/xc32/v1.32/bin/bin/../../lib/gcc/pic32mx/4.5.2/../../../../pic32mx/lib/size/libpic32.a(vector23.o)
                0x9d03f4e0                __vector_dispatch_23
                0x00000001                ASSERT (((_vector_spacing == 0x0) || (SIZEOF (.vector_23) <= (_vector_spacing << 0x5))), function at exception vector 23 too large)

.vector_24      0x9d03f500        0x8
 *(.vector_24)
 .vector_24     0x9d03f500        0x8 /opt/microchip/xc32/v1.32/bin/bin/../../lib/gcc/pic32mx/4.5.2/../../../../pic32mx/lib/size/libpic32.a(vector24.o)
                0x9d03f500                __vector_dispatch_24
                0x00000001                ASSERT (((_vector_spacing == 0x0) || (SIZEOF (.vector_24) <= (_vector_spacing << 0x5))), function at exception vector 24 too large)

.vector_25      0x9d03f520        0x8
 *(.vector_25)
 .vector_25     0x9d03f520        0x8 /opt/microchip/xc32/v1.32/bin/bin/../../lib/gcc/pic32mx/4.5.2/../../../../pic32mx/lib/size/libpic32.a(vector25.o)
                0x9d03f520                __vector_dispatch_25
                0x00000001                ASSERT (((_vector_spacing == 0x0) || (SIZEOF (.vector_25) <= (_vector_spacing << 0x5))), function at exception vector 25 too large)

.vector_26      0x9d03f540        0x8
 *(.vector_26)
 .vector_26     0x9d03f540        0x8 /opt/microchip/xc32/v1.32/bin/bin/../../lib/gcc/pic32mx/4.5.2/../../../../pic32mx/lib/size/libpic32.a(vector26.o)
                0x9d03f540                __vector_dispatch_26
                0x00000001                ASSERT (((_vector_spacing == 0x0) || (SIZEOF (.vector_26) <= (_vector_spacing << 0x5))), function at exception vector 26 too large)

.vector_27      0x9d03f560        0x8
 *(.vector_27)
 .vector_27     0x9d03f560        0x8 /opt/microchip/xc32/v1.32/bin/bin/../../lib/gcc/pic32mx/4.5.2/../../../../pic32mx/lib/size/libpic32.a(vector27.o)
                0x9d03f560                __vector_dispatch_27
                0x00000001                ASSERT (((_vector_spacing == 0x0) || (SIZEOF (.vector_27) <= (_vector_spacing << 0x5))), function at exception vector 27 too large)

.vector_28      0x9d03f580        0x8
 *(.vector_28)
 .vector_28     0x9d03f580        0x8 /opt/microchip/xc32/v1.32/bin/bin/../../lib/gcc/pic32mx/4.5.2/../../../../pic32mx/lib/size/libpic32.a(vector28.o)
                0x9d03f580                __vector_dispatch_28
                0x00000001                ASSERT (((_vector_spacing == 0x0) || (SIZEOF (.vector_28) <= (_vector_spacing << 0x5))), function at exception vector 28 too large)

.vector_29      0x9d03f5a0        0x8
 *(.vector_29)
 .vector_29     0x9d03f5a0        0x8 /opt/microchip/xc32/v1.32/bin/bin/../../lib/gcc/pic32mx/4.5.2/../../../../pic32mx/lib/size/libpic32.a(vector29.o)
                0x9d03f5a0                __vector_dispatch_29
                0x00000001                ASSERT (((_vector_spacing == 0x0) || (SIZEOF (.vector_29) <= (_vector_spacing << 0x5))), function at exception vector 29 too large)

.vector_30      0x9d03f5c0        0x8
 *(.vector_30)
 .vector_30     0x9d03f5c0        0x8 /opt/microchip/xc32/v1.32/bin/bin/../../lib/gcc/pic32mx/4.5.2/../../../../pic32mx/lib/size/libpic32.a(vector30.o)
                0x9d03f5c0                __vector_dispatch_30
                0x00000001                ASSERT (((_vector_spacing == 0x0) || (SIZEOF (.vector_30) <= (_vector_spacing << 0x5))), function at exception vector 30 too large)

.vector_31      0x9d03f5e0        0x8
 *(.vector_31)
 .vector_31     0x9d03f5e0        0x8 /opt/microchip/xc32/v1.32/bin/bin/../../lib/gcc/pic32mx/4.5.2/../../../../pic32mx/lib/size/libpic32.a(vector31.o)
                0x9d03f5e0                __vector_dispatch_31
                0x00000001                ASSERT (((_vector_spacing == 0x0) || (SIZEOF (.vector_31) <= (_vector_spacing << 0x5))), function at exception vector 31 too large)

.vector_32      0x9d03f600        0x8
 *(.vector_32)
 .vector_32     0x9d03f600        0x8 /opt/microchip/xc32/v1.32/bin/bin/../../lib/gcc/pic32mx/4.5.2/../../../../pic32mx/lib/size/libpic32.a(vector32.o)
                0x9d03f600                __vector_dispatch_32
                0x00000001                ASSERT (((_vector_spacing == 0x0) || (SIZEOF (.vector_32) <= (_vector_spacing << 0x5))), function at exception vector 32 too large)

.vector_33      0x9d03f620        0x8
 *(.vector_33)
 .vector_33     0x9d03f620        0x8 /opt/microchip/xc32/v1.32/bin/bin/../../lib/gcc/pic32mx/4.5.2/../../../../pic32mx/lib/size/libpic32.a(vector33.o)
                0x9d03f620                __vector_dispatch_33
                0x00000001                ASSERT (((_vector_spacing == 0x0) || (SIZEOF (.vector_33) <= (_vector_spacing << 0x5))), function at exception vector 33 too large)

.vector_34      0x9d03f640        0x8
 *(.vector_34)
 .vector_34     0x9d03f640        0x8 source/ps2keyboard.X.a(ps2keyboard.o)
                0x9d03f640                __vector_dispatch_34
                0x00000001                ASSERT (((_vector_spacing == 0x0) || (SIZEOF (.vector_34) <= (_vector_spacing << 0x5))), function at exception vector 34 too large)

.vector_35      0x9d03f660        0x8
 *(.vector_35)
 .vector_35     0x9d03f660        0x8 /opt/microchip/xc32/v1.32/bin/bin/../../lib/gcc/pic32mx/4.5.2/../../../../pic32mx/lib/size/libpic32.a(vector35.o)
                0x9d03f660                __vector_dispatch_35
                0x00000001                ASSERT (((_vector_spacing == 0x0) || (SIZEOF (.vector_35) <= (_vector_spacing << 0x5))), function at exception vector 35 too large)

.vector_36      0x9d03f680        0x8
 *(.vector_36)
 .vector_36     0x9d03f680        0x8 /opt/microchip/xc32/v1.32/bin/bin/../../lib/gcc/pic32mx/4.5.2/../../../../pic32mx/lib/size/libpic32.a(vector36.o)
                0x9d03f680                __vector_dispatch_36
                0x00000001                ASSERT (((_vector_spacing == 0x0) || (SIZEOF (.vector_36) <= (_vector_spacing << 0x5))), function at exception vector 36 too large)

.vector_37      0x9d03f6a0        0x8
 *(.vector_37)
 .vector_37     0x9d03f6a0        0x8 /opt/microchip/xc32/v1.32/bin/bin/../../lib/gcc/pic32mx/4.5.2/../../../../pic32mx/lib/size/libpic32.a(vector37.o)
                0x9d03f6a0                __vector_dispatch_37
                0x00000001                ASSERT (((_vector_spacing == 0x0) || (SIZEOF (.vector_37) <= (_vector_spacing << 0x5))), function at exception vector 37 too large)

.vector_38      0x9d03f6c0        0x8
 *(.vector_38)
 .vector_38     0x9d03f6c0        0x8 /opt/microchip/xc32/v1.32/bin/bin/../../lib/gcc/pic32mx/4.5.2/../../../../pic32mx/lib/size/libpic32.a(vector38.o)
                0x9d03f6c0                __vector_dispatch_38
                0x00000001                ASSERT (((_vector_spacing == 0x0) || (SIZEOF (.vector_38) <= (_vector_spacing << 0x5))), function at exception vector 38 too large)

.vector_39      0x9d03f6e0        0x8
 *(.vector_39)
 .vector_39     0x9d03f6e0        0x8 /opt/microchip/xc32/v1.32/bin/bin/../../lib/gcc/pic32mx/4.5.2/../../../../pic32mx/lib/size/libpic32.a(vector39.o)
                0x9d03f6e0                __vector_dispatch_39
                0x00000001                ASSERT (((_vector_spacing == 0x0) || (SIZEOF (.vector_39) <= (_vector_spacing << 0x5))), function at exception vector 39 too large)

.vector_40      0x9d03f700        0x8
 *(.vector_40)
 .vector_40     0x9d03f700        0x8 /opt/microchip/xc32/v1.32/bin/bin/../../lib/gcc/pic32mx/4.5.2/../../../../pic32mx/lib/size/libpic32.a(vector40.o)
                0x9d03f700                __vector_dispatch_40
                0x00000001                ASSERT (((_vector_spacing == 0x0) || (SIZEOF (.vector_40) <= (_vector_spacing << 0x5))), function at exception vector 40 too large)

.vector_41      0x9d03f720        0x8
 *(.vector_41)
 .vector_41     0x9d03f720        0x8 /opt/microchip/xc32/v1.32/bin/bin/../../lib/gcc/pic32mx/4.5.2/../../../../pic32mx/lib/size/libpic32.a(vector41.o)
                0x9d03f720                __vector_dispatch_41
                0x00000001                ASSERT (((_vector_spacing == 0x0) || (SIZEOF (.vector_41) <= (_vector_spacing << 0x5))), function at exception vector 41 too large)

.vector_42      0x9d03f740        0x8
 *(.vector_42)
 .vector_42     0x9d03f740        0x8 /opt/microchip/xc32/v1.32/bin/bin/../../lib/gcc/pic32mx/4.5.2/../../../../pic32mx/lib/size/libpic32.a(vector42.o)
                0x9d03f740                __vector_dispatch_42
                0x00000001                ASSERT (((_vector_spacing == 0x0) || (SIZEOF (.vector_42) <= (_vector_spacing << 0x5))), function at exception vector 42 too large)

.vector_43      0x9d03f760        0x8
 *(.vector_43)
 .vector_43     0x9d03f760        0x8 /opt/microchip/xc32/v1.32/bin/bin/../../lib/gcc/pic32mx/4.5.2/../../../../pic32mx/lib/size/libpic32.a(vector43.o)
                0x9d03f760                __vector_dispatch_43
                0x00000001                ASSERT (((_vector_spacing == 0x0) || (SIZEOF (.vector_43) <= (_vector_spacing << 0x5))), function at exception vector 43 too large)

.vector_44      0x9d03f780        0x8
 *(.vector_44)
 .vector_44     0x9d03f780        0x8 /opt/microchip/xc32/v1.32/bin/bin/../../lib/gcc/pic32mx/4.5.2/../../../../pic32mx/lib/size/libpic32.a(vector44.o)
                0x9d03f780                __vector_dispatch_44
                0x00000001                ASSERT (((_vector_spacing == 0x0) || (SIZEOF (.vector_44) <= (_vector_spacing << 0x5))), function at exception vector 44 too large)

.vector_45      0x9d03f7a0        0x8
 *(.vector_45)
 .vector_45     0x9d03f7a0        0x8 /opt/microchip/xc32/v1.32/bin/bin/../../lib/gcc/pic32mx/4.5.2/../../../../pic32mx/lib/size/libpic32.a(vector45.o)
                0x9d03f7a0                __vector_dispatch_45
                0x00000001                ASSERT (((_vector_spacing == 0x0) || (SIZEOF (.vector_45) <= (_vector_spacing << 0x5))), function at exception vector 45 too large)

.vector_46      0x9d03f7c0        0x8
 *(.vector_46)
 .vector_46     0x9d03f7c0        0x8 /opt/microchip/xc32/v1.32/bin/bin/../../lib/gcc/pic32mx/4.5.2/../../../../pic32mx/lib/size/libpic32.a(vector46.o)
                0x9d03f7c0                __vector_dispatch_46
                0x00000001                ASSERT (((_vector_spacing == 0x0) || (SIZEOF (.vector_46) <= (_vector_spacing << 0x5))), function at exception vector 46 too large)

.vector_47      0x9d03f7e0        0x8
 *(.vector_47)
 .vector_47     0x9d03f7e0        0x8 /opt/microchip/xc32/v1.32/bin/bin/../../lib/gcc/pic32mx/4.5.2/../../../../pic32mx/lib/size/libpic32.a(vector47.o)
                0x9d03f7e0                __vector_dispatch_47
                0x00000001                ASSERT (((_vector_spacing == 0x0) || (SIZEOF (.vector_47) <= (_vector_spacing << 0x5))), function at exception vector 47 too large)

.vector_48      0x9d03f800        0x8
 *(.vector_48)
 .vector_48     0x9d03f800        0x8 /opt/microchip/xc32/v1.32/bin/bin/../../lib/gcc/pic32mx/4.5.2/../../../../pic32mx/lib/size/libpic32.a(vector48.o)
                0x9d03f800                __vector_dispatch_48
                0x00000001                ASSERT (((_vector_spacing == 0x0) || (SIZEOF (.vector_48) <= (_vector_spacing << 0x5))), function at exception vector 48 too large)

.vector_49      0x9d03f820        0x8
 *(.vector_49)
 .vector_49     0x9d03f820        0x8 /opt/microchip/xc32/v1.32/bin/bin/../../lib/gcc/pic32mx/4.5.2/../../../../pic32mx/lib/size/libpic32.a(vector49.o)
                0x9d03f820                __vector_dispatch_49
                0x00000001                ASSERT (((_vector_spacing == 0x0) || (SIZEOF (.vector_49) <= (_vector_spacing << 0x5))), function at exception vector 49 too large)

.vector_50      0x9d03f840        0x8
 *(.vector_50)
 .vector_50     0x9d03f840        0x8 /opt/microchip/xc32/v1.32/bin/bin/../../lib/gcc/pic32mx/4.5.2/../../../../pic32mx/lib/size/libpic32.a(vector50.o)
                0x9d03f840                __vector_dispatch_50
                0x00000001                ASSERT (((_vector_spacing == 0x0) || (SIZEOF (.vector_50) <= (_vector_spacing << 0x5))), function at exception vector 50 too large)

.vector_51      0x9d03f860        0x8
 *(.vector_51)
 .vector_51     0x9d03f860        0x8 /opt/microchip/xc32/v1.32/bin/bin/../../lib/gcc/pic32mx/4.5.2/../../../../pic32mx/lib/size/libpic32.a(vector51.o)
                0x9d03f860                __vector_dispatch_51
                0x00000001                ASSERT (((_vector_spacing == 0x0) || (SIZEOF (.vector_51) <= (_vector_spacing << 0x5))), function at exception vector 51 too large)

.vector_52      0x9d03f880        0x8
 *(.vector_52)
 .vector_52     0x9d03f880        0x8 /opt/microchip/xc32/v1.32/bin/bin/../../lib/gcc/pic32mx/4.5.2/../../../../pic32mx/lib/size/libpic32.a(vector52.o)
                0x9d03f880                __vector_dispatch_52
                0x00000001                ASSERT (((_vector_spacing == 0x0) || (SIZEOF (.vector_52) <= (_vector_spacing << 0x5))), function at exception vector 52 too large)

.vector_53      0x9d03f8a0        0x8
 *(.vector_53)
 .vector_53     0x9d03f8a0        0x8 /opt/microchip/xc32/v1.32/bin/bin/../../lib/gcc/pic32mx/4.5.2/../../../../pic32mx/lib/size/libpic32.a(vector53.o)
                0x9d03f8a0                __vector_dispatch_53
                0x00000001                ASSERT (((_vector_spacing == 0x0) || (SIZEOF (.vector_53) <= (_vector_spacing << 0x5))), function at exception vector 53 too large)

.vector_54      0x9d03f8c0        0x8
 *(.vector_54)
 .vector_54     0x9d03f8c0        0x8 /opt/microchip/xc32/v1.32/bin/bin/../../lib/gcc/pic32mx/4.5.2/../../../../pic32mx/lib/size/libpic32.a(vector54.o)
                0x9d03f8c0                __vector_dispatch_54
                0x00000001                ASSERT (((_vector_spacing == 0x0) || (SIZEOF (.vector_54) <= (_vector_spacing << 0x5))), function at exception vector 54 too large)

.vector_55      0x9d03f8e0        0x8
 *(.vector_55)
 .vector_55     0x9d03f8e0        0x8 /opt/microchip/xc32/v1.32/bin/bin/../../lib/gcc/pic32mx/4.5.2/../../../../pic32mx/lib/size/libpic32.a(vector55.o)
                0x9d03f8e0                __vector_dispatch_55
                0x00000001                ASSERT (((_vector_spacing == 0x0) || (SIZEOF (.vector_55) <= (_vector_spacing << 0x5))), function at exception vector 55 too large)

.vector_56      0x9d03f900        0x8
 *(.vector_56)
 .vector_56     0x9d03f900        0x8 /opt/microchip/xc32/v1.32/bin/bin/../../lib/gcc/pic32mx/4.5.2/../../../../pic32mx/lib/size/libpic32.a(vector56.o)
                0x9d03f900                __vector_dispatch_56
                0x00000001                ASSERT (((_vector_spacing == 0x0) || (SIZEOF (.vector_56) <= (_vector_spacing << 0x5))), function at exception vector 56 too large)

.vector_57      0x9d03f920        0x8
 *(.vector_57)
 .vector_57     0x9d03f920        0x8 /opt/microchip/xc32/v1.32/bin/bin/../../lib/gcc/pic32mx/4.5.2/../../../../pic32mx/lib/size/libpic32.a(vector57.o)
                0x9d03f920                __vector_dispatch_57
                0x00000001                ASSERT (((_vector_spacing == 0x0) || (SIZEOF (.vector_57) <= (_vector_spacing << 0x5))), function at exception vector 57 too large)

.vector_58      0x9d03f940        0x8
 *(.vector_58)
 .vector_58     0x9d03f940        0x8 /opt/microchip/xc32/v1.32/bin/bin/../../lib/gcc/pic32mx/4.5.2/../../../../pic32mx/lib/size/libpic32.a(vector58.o)
                0x9d03f940                __vector_dispatch_58
                0x00000001                ASSERT (((_vector_spacing == 0x0) || (SIZEOF (.vector_58) <= (_vector_spacing << 0x5))), function at exception vector 58 too large)

.vector_59      0x9d03f960        0x8
 *(.vector_59)
 .vector_59     0x9d03f960        0x8 /opt/microchip/xc32/v1.32/bin/bin/../../lib/gcc/pic32mx/4.5.2/../../../../pic32mx/lib/size/libpic32.a(vector59.o)
                0x9d03f960                __vector_dispatch_59
                0x00000001                ASSERT (((_vector_spacing == 0x0) || (SIZEOF (.vector_59) <= (_vector_spacing << 0x5))), function at exception vector 59 too large)

.vector_60      0x9d03f980        0x8
 *(.vector_60)
 .vector_60     0x9d03f980        0x8 /opt/microchip/xc32/v1.32/bin/bin/../../lib/gcc/pic32mx/4.5.2/../../../../pic32mx/lib/size/libpic32.a(vector60.o)
                0x9d03f980                __vector_dispatch_60
                0x00000001                ASSERT (((_vector_spacing == 0x0) || (SIZEOF (.vector_60) <= (_vector_spacing << 0x5))), function at exception vector 60 too large)

.vector_61      0x9d03f9a0        0x8
 *(.vector_61)
 .vector_61     0x9d03f9a0        0x8 /opt/microchip/xc32/v1.32/bin/bin/../../lib/gcc/pic32mx/4.5.2/../../../../pic32mx/lib/size/libpic32.a(vector61.o)
                0x9d03f9a0                __vector_dispatch_61
                0x00000001                ASSERT (((_vector_spacing == 0x0) || (SIZEOF (.vector_61) <= (_vector_spacing << 0x5))), function at exception vector 61 too large)

.vector_62      0x9d03f9c0        0x8
 *(.vector_62)
 .vector_62     0x9d03f9c0        0x8 /opt/microchip/xc32/v1.32/bin/bin/../../lib/gcc/pic32mx/4.5.2/../../../../pic32mx/lib/size/libpic32.a(vector62.o)
                0x9d03f9c0                __vector_dispatch_62
                0x00000001                ASSERT (((_vector_spacing == 0x0) || (SIZEOF (.vector_62) <= (_vector_spacing << 0x5))), function at exception vector 62 too large)

.vector_63      0x9d03f9e0        0x8
 *(.vector_63)
 .vector_63     0x9d03f9e0        0x8 /opt/microchip/xc32/v1.32/bin/bin/../../lib/gcc/pic32mx/4.5.2/../../../../pic32mx/lib/size/libpic32.a(vector63.o)
                0x9d03f9e0                __vector_dispatch_63
                0x00000001                ASSERT (((_vector_spacing == 0x0) || (SIZEOF (.vector_63) <= (_vector_spacing << 0x5))), function at exception vector 63 too large)

.startup
 *(.startup)

.text           0x9d000000        0x0
 *(.stub .gnu.linkonce.t.*)
 *(.text.*personality*)
 *(.mips16.fn.*)
 *(.mips16.call.*)
 *(.gnu.warning)
                0x9d000000                . = ALIGN (0x4)

.init           0x9d000000        0x0
 *crti.o(.init)
 *crtbegin.o(.init)
 *(EXCLUDE_FILE(*crtn.o *crtend?.o *crtend.o) .init)
 *crtend.o(.init)
 *crtn.o(.init)
                0x9d000000                . = ALIGN (0x4)

.fini           0x9d000000        0x0
 *(.fini)
                0x9d000000                . = ALIGN (0x4)

.preinit_array  0x9d000000        0x0
                0x9d000000                PROVIDE (__preinit_array_start, .)
 *(.preinit_array)
                0x9d000000                PROVIDE (__preinit_array_end, .)
                0x9d000000                . = ALIGN (0x4)

.init_array     0x9d000000        0x0
                0x9d000000                PROVIDE (__init_array_start, .)
 *(SORT(.init_array.*))
 *(.init_array)
                0x9d000000                PROVIDE (__init_array_end, .)
                0x9d000000                . = ALIGN (0x4)

.fini_array     0x9d000000        0x0
                0x9d000000                PROVIDE (__fini_array_start, .)
 *(SORT(.fini_array.*))
 *(.fini_array)
                0x9d000000                PROVIDE (__fini_array_end, .)
                0x9d000000                . = ALIGN (0x4)

.ctors          0x9d000000        0x0
 *crtbegin.o(.ctors)
 *crtbegin?.o(.ctors)
 *(EXCLUDE_FILE(*crtend?.o *crtend.o) .ctors)
 *(SORT(.ctors.*))
 *(.ctors)
                0x9d000000                . = ALIGN (0x4)

.dtors          0x9d000000        0x0
 *crtbegin.o(.dtors)
 *crtbegin?.o(.dtors)
 *(EXCLUDE_FILE(*crtend?.o *crtend.o) .dtors)
 *(SORT(.dtors.*))
 *(.dtors)
                0x9d000000                . = ALIGN (0x4)

.rodata         0x9d000000        0x0
 *(.gnu.linkonce.r.*)
 *(.rodata1)
                0x9d000000                . = ALIGN (0x4)

.sdata2         0x9fc00490        0x0
 *(.sdata2 .sdata2.* .gnu.linkonce.s2.*)
                0x9fc00490                . = ALIGN (0x4)

.sbss2          0x9fc00490        0x0
 *(.sbss2 .sbss2.* .gnu.linkonce.sb2.*)
                0x9fc00490                . = ALIGN (0x4)

.eh_frame_hdr
 *(.eh_frame_hdr)
                0x9fc00490                . = ALIGN (0x4)

.eh_frame
 *(.eh_frame)
                0x9fc00490                . = ALIGN (0x4)

.gcc_except_table
 *(.gcc_except_table .gcc_except_table.*)
                0x9fc00490                . = ALIGN (0x4)

.dbg_data       0xa0000000        0x0
                0xa0000000                . = (. + DEFINED (_DEBUGGER)?0x200:0x0)

.jcr            0xa0000000        0x0
 *(.jcr)
                0xa0000000                . = ALIGN (0x4)

.eh_frame       0xa0000000       0x30
 *(.eh_frame)
 .eh_frame      0xa0000000       0x20 /opt/microchip/xc32/v1.32/bin/bin/../../lib/gcc/pic32mx/4.5.2/size/libgcc.a(_udivdi3.o)
 .eh_frame      0xa0000020       0x10 /opt/microchip/xc32/v1.32/bin/bin/../../lib/gcc/pic32mx/4.5.2/size/libgcc.a(_umoddi3.o)
                0xa0000030                . = ALIGN (0x4)

.gcc_except_table
 *(.gcc_except_table .gcc_except_table.*)
                0xa0000030                . = ALIGN (0x4)

.persist        0xa0000030        0x0
                0xa0000030                _persist_begin = .
 *(.persist .persist.*)
 *(.pbss .pbss.*)
                0xa0000030                . = ALIGN (0x4)
                0xa0000030                _persist_end = .

.data           0xa0000030        0x0
 *(.gnu.linkonce.d.*)
 *(.data1)
                0xa0000030                . = ALIGN (0x4)
                0xa0000030                . = .
                0xa0008020                _gp = (ALIGN (0x10) + 0x7ff0)

.got            0xa0000030        0x0
 *(.got.plt)
 *(.got)
                0xa0000030                . = ALIGN (0x4)

.sdata          0xa0000030       0x1c
                0xa0000030                _sdata_begin = .
 *(.sdata .sdata.* .gnu.linkonce.s.*)
 .sdata         0xa0000030        0x4 build/default/production/_ext/1248472724/library.o
 .sdata         0xa0000034        0x1 build/default/production/_ext/618058229/fontx2.o
                0xa0000034                ptpoint
 *fill*         0xa0000035        0x3 
 .sdata         0xa0000038        0xc source/libsdfsio.a(FSIO.o)
                0xa0000038                gLastFATSectorRead
                0xa000003c                gLastDataSectorRead
                0xa0000040                cwdptr
 .sdata         0xa0000044        0x4 /opt/microchip/xc32/v1.32/bin/bin/../../lib/gcc/pic32mx/4.5.2/../../../../pic32mx/lib/size/libc.a(_iob.o)
                0xa0000044                _Files
 .sdata         0xa0000048        0x4 /opt/microchip/xc32/v1.32/bin/bin/../../lib/gcc/pic32mx/4.5.2/../../../../pic32mx/lib/size/libpic32.a(xc32_uart.o)
                0xa0000048                __XC_UART
                0xa000004c                . = ALIGN (0x4)
                0xa000004c                _sdata_end = .

.lit8
 *(.lit8)

.lit4
 *(.lit4)
                0xa000004c                . = ALIGN (0x4)
                0xa000004c                _data_end = .
                0xa000004c                _bss_begin = .

.sbss           0xa000004c      0x22c
                0xa000004c                _sbss_begin = .
 *(.dynsbss)
 *(.sbss .sbss.* .gnu.linkonce.sb.*)
 .sbss          0xa000004c        0x4 build/default/production/_ext/1248472724/compiler.o
 .sbss          0xa0000050        0x8 build/default/production/_ext/1248472724/error.o
 .sbss          0xa0000058       0x10 build/default/production/_ext/1248472724/file.o
 .sbss          0xa0000068       0x18 build/default/production/_ext/1248472724/library.o
 .sbss          0xa0000080       0x30 build/default/production/_ext/1248472724/music.o
 .sbss          0xa00000b0        0xc source/libsdfsio.a(FSIO.o)
                0xa00000b0                gNeedFATWrite
                0xa00000b4                gBufferOwner
                0xa00000b8                gNeedDataWrite
                0xa00000b9                nextClusterIsLast
                0xa00000ba                gBufferZeroed
                0xa00000bb                recache
 .sbss          0xa00000bc       0x1c source/libsdfsio.a(SD-SPI.o)
 .sbss          0xa00000d8        0x4 /opt/microchip/xc32/v1.32/bin/bin/../../lib/gcc/pic32mx/4.5.2/../../../../pic32mx/lib/size/libc.a(errno.o)
                0xa00000d8                errno
 .sbss          0xa00000dc        0x1 /opt/microchip/xc32/v1.32/bin/bin/../../lib/gcc/pic32mx/4.5.2/../../../../pic32mx/lib/size/libc.a(_iob.o)
                0xa00000dc                _outdone
 *(.scommon)
 *fill*         0xa00000dd        0x3 
 .scommon       0xa00000e0        0xc build/default/production/_ext/1248472724/document.o
                0xa00000e0                notag
                0xa00000e4                tags
                0xa00000e8                buff_doc
 .scommon       0xa00000ec       0x82 build/default/production/_ext/1248472724/editor.o
                0xa00000ec                clipsize
                0xa00000f0                editormallocp
                0xa00000f4                cx2
                0xa00000f8                cwdpath
                0xa00000fc                clipboard
                0xa0000100                disptopix_t
                0xa0000104                cy
                0xa0000108                TBufstart
                0xa000010c                disptopbp_t
                0xa0000110                line_no_t
                0xa0000114                line_no1
                0xa0000118                cx
                0xa000011c                line_no
                0xa0000120                cx_t
                0xa0000124                TextBuffer
                0xa0000128                cursorbp_t
                0xa000012c                cursorbp1
                0xa0000130                cy_t
                0xa0000134                cursorbp
                0xa0000138                cx1
                0xa000013c                disptopix
                0xa0000140                undobuf_top
                0xa0000144                cursorix1
                0xa0000148                cy1
                0xa000014c                undobuf
                0xa0000150                num
                0xa0000154                cursorix_t
                0xa0000158                filenames
                0xa000015c                disptopbp
                0xa0000160                edited
                0xa0000164                undobuf_used
                0xa0000168                filebuf
                0xa000016c                cursorix
 *fill*         0xa000016e        0x2 
 .scommon       0xa0000170       0x61 build/default/production/_ext/1248472724/globalvars.o
                0xa0000170                g_sdepth
                0xa0000174                g_temp_area_used
                0xa0000178                g_source
                0xa000017c                g_srcpos
                0xa0000180                g_line
                0xa0000184                g_object
                0xa0000188                g_fileline
                0xa000018c                g_s6
                0xa0000190                g_rnd_seed
                0xa0000194                g_graphic_area
                0xa0000198                g_objmax
                0xa000019c                g_use_graphic
                0xa00001a0                g_libparams
                0xa00001a4                g_intconst
                0xa00001a8                g_objpos
                0xa00001ac                g_maxsdepth
                0xa00001b0                g_pcg_font
                0xa00001b4                g_heap_mem
                0xa00001b8                g_lastvar
                0xa00001bc                g_max_mem
                0xa00001c0                g_disable_break
                0xa00001c4                g_end_addr
                0xa00001c8                g_temp
                0xa00001cc                g_gp
                0xa00001d0                g_valueisconst
 *fill*         0xa00001d1        0x3 
 .scommon       0xa00001d4        0xa build/default/production/_ext/1248472724/keyinput.o
                0xa00001d4                blinktimer
                0xa00001d8                insertmode
                0xa00001dc                blinkcolor
                0xa00001dd                blinkchar
 *fill*         0xa00001de        0x2 
 .scommon       0xa00001e0        0x4 build/default/production/_ext/1248472724/linker.o
                0xa00001e0                g_label
 .scommon       0xa00001e4        0x4 build/default/production/_ext/1248472724/operator.o
                0xa00001e4                g_last_op
 .scommon       0xa00001e8        0x8 build/default/production/_ext/618058229/fontx2.o
                0xa00001e8                pcg_space
                0xa00001ec                pcgram
 .scommon       0xa00001f0       0x1c source/lib_videoout_machikania.X.a(videoout.o)
                0xa00001f0                drawcount
                0xa00001f4                VRAMp
                0xa00001f8                bgcolor
                0xa00001fc                twidth
                0xa00001fd                graphmode
                0xa00001fe                LineCount
                0xa0000200                drawing
                0xa0000204                gVRAM
                0xa0000208                fontp
 .scommon       0xa000020c        0x8 source/lib_videoout_machikania.X.a(textvideolib.o)
                0xa000020c                cursorcolor
                0xa0000210                cursor
 .scommon       0xa0000214       0x38 source/ps2keyboard.X.a(ps2keyboard.o)
                0xa0000214                ps2receiveError
                0xa0000215                ps2sendError
                0xa0000216                keytype
                0xa0000218                ps2sendcomdata
                0xa000021c                ps2sending
                0xa000021d                ps2receivecommand
                0xa000021e                ps2status
                0xa0000220                ps2shiftkey_a
                0xa0000222                senddata
                0xa0000224                ps2sendcombyte
                0xa0000225                sendcount
                0xa0000226                ps2shiftkey
                0xa0000228                ps2receivetime
                0xa000022c                vkey
                0xa0000230                keycodebufp2
                0xa0000234                receivedata
                0xa0000235                ps2receivecommandflag
                0xa0000236                receivecount
                0xa0000238                ps2statuscount
                0xa000023c                scancodebufp2
                0xa0000240                lockkey
                0xa0000244                scancodebufp1
                0xa0000248                keycodebufp1
 .scommon       0xa000024c       0x24 source/libsdfsio.a(FSIO.o)
                0xa000024c                gFileSlotOpen
                0xa000024e                gTimeCrtMS
                0xa0000250                asciiFilename
                0xa0000254                gTimeCrtTime
                0xa0000258                FatRootDirClusterValue
                0xa000025c                gTimeWrtDate
                0xa000025e                fileNameLength
                0xa0000260                gTimeCrtDate
                0xa0000264                TempClusterCalc
                0xa0000268                dirCleared
                0xa000026a                gTimeAccDate
                0xa000026c                FSerrno
                0xa000026e                gTimeWrtTime
 .scommon       0xa0000270        0x7 source/libsdfsio.a(SD-SPI.o)
                0xa0000270                MDD_SDSPI_finalLBA
                0xa0000274                gMediaSectorSize
                0xa0000276                gSDMode
                0xa0000277                _sbss_end = .
                0xa0000278                . = ALIGN (0x4)
 *fill*         0xa0000277        0x1 

.bss            0xa0000278     0x16b4
 *(.dynbss)
 *(COMMON)
 COMMON         0xa0000278       0x1d build/default/production/_ext/1248472724/editor.o
                0xa0000278                currentfile
                0xa0000288                tempfile
 *fill*         0xa0000295        0x3 
 COMMON         0xa0000298      0x180 build/default/production/_ext/1248472724/globalvars.o
                0xa0000298                g_var_size
                0xa00002f8                g_var_mem
                0xa00003b8                g_var_pointer
 COMMON         0xa0000418      0x100 build/default/production/_ext/1248472724/keyinput.o
                0xa0000418                lineinputbuf
 COMMON         0xa0000518      0xd71 source/lib_videoout_machikania.X.a(videoout.o)
                0xa0000518                ClTable
                0xa0000918                gClTable
                0xa0000a18                TVRAM
 *fill*         0xa0001289        0x3 
 COMMON         0xa000128c      0x130 source/ps2keyboard.X.a(ps2keyboard.o)
                0xa000128c                scancodebuf
                0xa000129c                keycodebuf
                0xa00012bc                ps2keystatus
 COMMON         0xa00013bc      0x56e source/libsdfsio.a(FSIO.o)
                0xa00013bc                gDataBuffer
                0xa00015bc                tempDirectoryString
                0xa00015cc                cwd
                0xa0001608                tempCWDobj
                0xa0001644                gFATBuffer
                0xa0001844                gFileArray
                0xa00018bc                gDiskData
                0xa00018e4                gFileTemp
                0xa0001920                defaultArray
                0xa000192c                . = ALIGN ((. != 0x0)?0x4:0x1)
 *fill*         0xa000192a        0x2 
                0xa000192c                . = ALIGN (0x4)
                0xa000192c                _end = .
                0xa000192c                _bss_end = .
                0x00010000                _bmxdudba_address = 0x10000
                0x00010000                _bmxdupba_address = 0x10000

/DISCARD/
 *(.pdr)
 *(.rel.dyn)
 *(.note.GNU-stack)
 *(.note.GNU-stack)
 *(.gnu_debuglink)
 *(.gnu.lto_*)
 *(.discard)

.gptab.sdata
 *(.gptab.data)
 *(.gptab.sdata)

.gptab.sbss
 *(.gptab.bss)
 *(.gptab.sbss)

.mdebug.abi32   0xa000192c        0x0
 *(.mdebug.abi32)
 .mdebug.abi32  0xa000192c        0x0 build/default/production/_ext/1248472724/compiler.o
 .mdebug.abi32  0xa000192c        0x0 build/default/production/_ext/1248472724/debug.o
 .mdebug.abi32  0xa000192c        0x0 build/default/production/_ext/1248472724/document.o
 .mdebug.abi32  0xa000192c        0x0 build/default/production/_ext/1248472724/editor.o
 .mdebug.abi32  0xa000192c        0x0 build/default/production/_ext/1248472724/error.o
 .mdebug.abi32  0xa000192c        0x0 build/default/production/_ext/1248472724/exception.o
 .mdebug.abi32  0xa000192c        0x0 build/default/production/_ext/1248472724/file.o
 .mdebug.abi32  0xa000192c        0x0 build/default/production/_ext/1248472724/float.o
 .mdebug.abi32  0xa000192c        0x0 build/default/production/_ext/1248472724/function.o
 .mdebug.abi32  0xa000192c        0x0 build/default/production/_ext/1248472724/globalvars.o
 .mdebug.abi32  0xa000192c        0x0 build/default/production/_ext/1248472724/keyinput.o
 .mdebug.abi32  0xa000192c        0x0 build/default/production/_ext/1248472724/library.o
 .mdebug.abi32  0xa000192c        0x0 build/default/production/_ext/1248472724/linker.o
 .mdebug.abi32  0xa000192c        0x0 build/default/production/_ext/1248472724/main.o
 .mdebug.abi32  0xa000192c        0x0 build/default/production/_ext/1248472724/memory.o
 .mdebug.abi32  0xa000192c        0x0 build/default/production/_ext/1248472724/music.o
 .mdebug.abi32  0xa000192c        0x0 build/default/production/_ext/1248472724/operator.o
 .mdebug.abi32  0xa000192c        0x0 build/default/production/_ext/1248472724/run.o
 .mdebug.abi32  0xa000192c        0x0 build/default/production/_ext/1248472724/statement.o
 .mdebug.abi32  0xa000192c        0x0 build/default/production/_ext/1248472724/string.o
 .mdebug.abi32  0xa000192c        0x0 build/default/production/_ext/1248472724/value.o
 .mdebug.abi32  0xa000192c        0x0 build/default/production/_ext/618058229/fontx2.o
 .mdebug.abi32  0xa000192c        0x0 source/lib_videoout_machikania.X.a(videoout.o)
 .mdebug.abi32  0xa000192c        0x0 source/lib_videoout_machikania.X.a(textvideolib.o)
 .mdebug.abi32  0xa000192c        0x0 source/lib_videoout_machikania.X.a(graphvideolib.o)
 .mdebug.abi32  0xa000192c        0x0 source/ps2keyboard.X.a(ps2keyboard.o)
 .mdebug.abi32  0xa000192c        0x0 source/libsdfsio.a(FSIO.o)
 .mdebug.abi32  0xa000192c        0x0 source/libsdfsio.a(SD-SPI.o)
 .mdebug.abi32  0xa000192c        0x0 /opt/microchip/xc32/v1.32/bin/bin/../../lib/gcc/pic32mx/4.5.2/../../../../pic32mx/lib/size/libmchp_peripheral_32MX150F128B.a(soft_reset_lib.o)
 .mdebug.abi32  0xa000192c        0x0 /opt/microchip/xc32/v1.32/bin/bin/../../lib/gcc/pic32mx/4.5.2/../../../../pic32mx/lib/size/libmchp_peripheral_32MX150F128B.a(osc_config_lib.o)
 .mdebug.abi32  0xa000192c        0x0 /opt/microchip/xc32/v1.32/bin/bin/../../lib/gcc/pic32mx/4.5.2/../../../../pic32mx/lib/size/libmchp_peripheral_32MX150F128B.a(int_disable_interrupts_lib.o)
 .mdebug.abi32  0xa000192c        0x0 /opt/microchip/xc32/v1.32/bin/bin/../../lib/gcc/pic32mx/4.5.2/../../../../pic32mx/lib/size/libmchp_peripheral_32MX150F128B.a(int_restore_interrupts_lib.o)
 .mdebug.abi32  0xa000192c        0x0 /opt/microchip/xc32/v1.32/bin/bin/../../lib/gcc/pic32mx/4.5.2/../../../../pic32mx/lib/size/libmchp_peripheral_32MX150F128B.a(int_enable_mv_int_lib.o)
 .mdebug.abi32  0xa000192c        0x0 /opt/microchip/xc32/v1.32/bin/bin/../../lib/gcc/pic32mx/4.5.2/../../../../pic32mx/lib/size/libmchp_peripheral_32MX150F128B.a(spi_getc_spi2_lib_legacy.o)
 .mdebug.abi32  0xa000192c        0x0 /opt/microchip/xc32/v1.32/bin/bin/../../lib/gcc/pic32mx/4.5.2/../../../../pic32mx/lib/size/libmchp_peripheral_32MX150F128B.a(spi_open_spi2_lib_legacy.o)
 .mdebug.abi32  0xa000192c        0x0 /opt/microchip/xc32/v1.32/bin/bin/../../lib/gcc/pic32mx/4.5.2/../../../../pic32mx/lib/size/libmchp_peripheral_32MX150F128B.a(spi_brg_tbl_lib_legacy.o)
 .mdebug.abi32  0xa000192c        0x0 /opt/microchip/xc32/v1.32/bin/bin/../../lib/gcc/pic32mx/4.5.2/../../../../pic32mx/lib/size/libmchp_peripheral_32MX150F128B.a(nvm_write_word_lib.o)
 .mdebug.abi32  0xa000192c        0x0 /opt/microchip/xc32/v1.32/bin/bin/../../lib/gcc/pic32mx/4.5.2/../../../../pic32mx/lib/size/libmchp_peripheral_32MX150F128B.a(int_enable_interrupts_lib.o)
 .mdebug.abi32  0xa000192c        0x0 /opt/microchip/xc32/v1.32/bin/bin/../../lib/gcc/pic32mx/4.5.2/../../../../pic32mx/lib/size/libmchp_peripheral_32MX150F128B.a(nvm_operation_lib.o)
 .mdebug.abi32  0xa000192c        0x0 /opt/microchip/xc32/v1.32/bin/bin/../../lib/gcc/pic32mx/4.5.2/../../../../pic32mx/lib/size/libpic32.a(default-bootstrap-exception-handler.o)
 .mdebug.abi32  0xa000192c        0x0 /opt/microchip/xc32/v1.32/bin/bin/../../lib/gcc/pic32mx/4.5.2/../../../../pic32mx/lib/size/libpic32.a(default-on-reset.o)
 .mdebug.abi32  0xa000192c        0x0 /opt/microchip/xc32/v1.32/bin/bin/../../lib/gcc/pic32mx/4.5.2/../../../../pic32mx/lib/size/libpic32.a(default-on-bootstrap.o)
 .mdebug.abi32  0xa000192c        0x0 /opt/microchip/xc32/v1.32/bin/bin/../../lib/gcc/pic32mx/4.5.2/../../../../pic32mx/lib/size/libpic32.a(defaultinterrupt.o)
 .mdebug.abi32  0xa000192c        0x0 /opt/microchip/xc32/v1.32/bin/bin/../../lib/gcc/pic32mx/4.5.2/../../../../pic32mx/lib/size/libm.a(w_acosf.o)
 .mdebug.abi32  0xa000192c        0x0 /opt/microchip/xc32/v1.32/bin/bin/../../lib/gcc/pic32mx/4.5.2/../../../../pic32mx/lib/size/libm.a(w_asinf.o)
 .mdebug.abi32  0xa000192c        0x0 /opt/microchip/xc32/v1.32/bin/bin/../../lib/gcc/pic32mx/4.5.2/../../../../pic32mx/lib/size/libm.a(w_atan2f.o)
 .mdebug.abi32  0xa000192c        0x0 /opt/microchip/xc32/v1.32/bin/bin/../../lib/gcc/pic32mx/4.5.2/../../../../pic32mx/lib/size/libm.a(w_coshf.o)
 .mdebug.abi32  0xa000192c        0x0 /opt/microchip/xc32/v1.32/bin/bin/../../lib/gcc/pic32mx/4.5.2/../../../../pic32mx/lib/size/libm.a(w_expf.o)
 .mdebug.abi32  0xa000192c        0x0 /opt/microchip/xc32/v1.32/bin/bin/../../lib/gcc/pic32mx/4.5.2/../../../../pic32mx/lib/size/libm.a(w_log10f.o)
 .mdebug.abi32  0xa000192c        0x0 /opt/microchip/xc32/v1.32/bin/bin/../../lib/gcc/pic32mx/4.5.2/../../../../pic32mx/lib/size/libm.a(w_logf.o)
 .mdebug.abi32  0xa000192c        0x0 /opt/microchip/xc32/v1.32/bin/bin/../../lib/gcc/pic32mx/4.5.2/../../../../pic32mx/lib/size/libm.a(w_powf.o)
 .mdebug.abi32  0xa000192c        0x0 /opt/microchip/xc32/v1.32/bin/bin/../../lib/gcc/pic32mx/4.5.2/../../../../pic32mx/lib/size/libm.a(w_sinhf.o)
 .mdebug.abi32  0xa000192c        0x0 /opt/microchip/xc32/v1.32/bin/bin/../../lib/gcc/pic32mx/4.5.2/../../../../pic32mx/lib/size/libm.a(w_sqrtf.o)
 .mdebug.abi32  0xa000192c        0x0 /opt/microchip/xc32/v1.32/bin/bin/../../lib/gcc/pic32mx/4.5.2/../../../../pic32mx/lib/size/libm.a(support.o)
 .mdebug.abi32  0xa000192c        0x0 /opt/microchip/xc32/v1.32/bin/bin/../../lib/gcc/pic32mx/4.5.2/../../../../pic32mx/lib/size/libm.a(s_lib_ver.o)
 .mdebug.abi32  0xa000192c        0x0 /opt/microchip/xc32/v1.32/bin/bin/../../lib/gcc/pic32mx/4.5.2/../../../../pic32mx/lib/size/libc.a(ctype.o)
 .mdebug.abi32  0xa000192c        0x0 /opt/microchip/xc32/v1.32/bin/bin/../../lib/gcc/pic32mx/4.5.2/../../../../pic32mx/lib/size/libc.a(ctypef.o)
 .mdebug.abi32  0xa000192c        0x0 /opt/microchip/xc32/v1.32/bin/bin/../../lib/gcc/pic32mx/4.5.2/../../../../pic32mx/lib/size/libc.a(errno.o)
 .mdebug.abi32  0xa000192c        0x0 /opt/microchip/xc32/v1.32/bin/bin/../../lib/gcc/pic32mx/4.5.2/../../../../pic32mx/lib/size/libc.a(strncpy.o)
 .mdebug.abi32  0xa000192c        0x0 /opt/microchip/xc32/v1.32/bin/bin/../../lib/gcc/pic32mx/4.5.2/../../../../pic32mx/lib/size/libc.a(strtof.o)
 .mdebug.abi32  0xa000192c        0x0 /opt/microchip/xc32/v1.32/bin/bin/../../lib/gcc/pic32mx/4.5.2/../../../../pic32mx/lib/size/libc.a(snprintf.o)
 .mdebug.abi32  0xa000192c        0x0 /opt/microchip/xc32/v1.32/bin/bin/../../lib/gcc/pic32mx/4.5.2/../../../../pic32mx/lib/size/libc.a(vsnprintf.o)
 .mdebug.abi32  0xa000192c        0x0 /opt/microchip/xc32/v1.32/bin/bin/../../lib/gcc/pic32mx/4.5.2/../../../../pic32mx/lib/size/libc.a(doprnt.o)
 .mdebug.abi32  0xa000192c        0x0 /opt/microchip/xc32/v1.32/bin/bin/../../lib/gcc/pic32mx/4.5.2/../../../../pic32mx/lib/size/libc.a(_fputc_simple.o)
 .mdebug.abi32  0xa000192c        0x0 /opt/microchip/xc32/v1.32/bin/bin/../../lib/gcc/pic32mx/4.5.2/../../../../pic32mx/lib/size/libc.a(powersf.o)
 .mdebug.abi32  0xa000192c        0x0 /opt/microchip/xc32/v1.32/bin/bin/../../lib/gcc/pic32mx/4.5.2/../../../../pic32mx/lib/size/libc.a(_iob.o)
 .mdebug.abi32  0xa000192c        0x0 /opt/microchip/xc32/v1.32/bin/bin/../../lib/gcc/pic32mx/4.5.2/../../../../pic32mx/lib/size/libc.a(_flsbuf_simple.o)
 .mdebug.abi32  0xa000192c        0x0 /opt/microchip/xc32/v1.32/bin/bin/../../lib/gcc/pic32mx/4.5.2/../../../../pic32mx/lib/size/libpic32.a(write.o)
 .mdebug.abi32  0xa000192c        0x0 /opt/microchip/xc32/v1.32/bin/bin/../../lib/gcc/pic32mx/4.5.2/../../../../pic32mx/lib/size/libpic32.a(isinf.o)
 .mdebug.abi32  0xa000192c        0x0 /opt/microchip/xc32/v1.32/bin/bin/../../lib/gcc/pic32mx/4.5.2/../../../../pic32mx/lib/size/libpic32.a(_mon_putc.o)
 .mdebug.abi32  0xa000192c        0x0 /opt/microchip/xc32/v1.32/bin/bin/../../lib/gcc/pic32mx/4.5.2/../../../../pic32mx/lib/size/libpic32.a(xc32_uart.o)
 .mdebug.abi32  0xa000192c        0x0 /opt/microchip/xc32/v1.32/bin/bin/../../lib/gcc/pic32mx/4.5.2/../../../../pic32mx/lib/size/libm.a(__strtof.o)
 .mdebug.abi32  0xa000192c        0x0 /opt/microchip/xc32/v1.32/bin/bin/../../lib/gcc/pic32mx/4.5.2/../../../../pic32mx/lib/size/libe.a(_floatdisf.o)
 .mdebug.abi32  0xa000192c        0x0 /opt/microchip/xc32/v1.32/bin/bin/../../lib/gcc/pic32mx/4.5.2/../../../../pic32mx/lib/size/libe.a(_unorddf2.o)
 .mdebug.abi32  0xa000192c        0x0 /opt/microchip/xc32/v1.32/bin/bin/../../lib/gcc/pic32mx/4.5.2/../../../../pic32mx/lib/size/libe.a(_ldexpf.o)
 .mdebug.abi32  0xa000192c        0x0 /opt/microchip/xc32/v1.32/bin/bin/../../lib/gcc/pic32mx/4.5.2/size/libgcc.a(_lshrdi3.o)
 .mdebug.abi32  0xa000192c        0x0 /opt/microchip/xc32/v1.32/bin/bin/../../lib/gcc/pic32mx/4.5.2/size/libgcc.a(_floatundisf.o)
 .mdebug.abi32  0xa000192c        0x0 /opt/microchip/xc32/v1.32/bin/bin/../../lib/gcc/pic32mx/4.5.2/size/libgcc.a(_udivdi3.o)
 .mdebug.abi32  0xa000192c        0x0 /opt/microchip/xc32/v1.32/bin/bin/../../lib/gcc/pic32mx/4.5.2/size/libgcc.a(_umoddi3.o)
 .mdebug.abi32  0xa000192c        0x0 /opt/microchip/xc32/v1.32/bin/bin/../../lib/gcc/pic32mx/4.5.2/size/libgcc.a(floatunsisf.o)

.mdebug.abiN32
 *(.mdebug.abiN32)

.mdebug.abi64
 *(.mdebug.abi64)

.mdebug.abiO64
 *(.mdebug.abiO64)

.mdebug.eabi32
 *(.mdebug.eabi32)

.mdebug.eabi64
 *(.mdebug.eabi64)

.gcc_compiled_long32
 *(.gcc_compiled_long32)

.gcc_compiled_long64
 *(.gcc_compiled_long64)

.stab
 *(.stab)

.stabstr
 *(.stabstr)

.stab.excl
 *(.stab.excl)

.stab.exclstr
 *(.stab.exclstr)

.stab.index
 *(.stab.index)

.stab.indexstr
 *(.stab.indexstr)

.comment        0x00000000      0x2d8
 *(.comment)
 .comment       0x00000000       0x3c build/default/production/_ext/1248472724/compiler.o
                                 0x3d (size before relaxing)
 .comment       0x00000000       0x3d build/default/production/_ext/1248472724/debug.o
 .comment       0x00000000       0x3d build/default/production/_ext/1248472724/document.o
 .comment       0x00000000       0x3d build/default/production/_ext/1248472724/editor.o
 .comment       0x00000000       0x3d build/default/production/_ext/1248472724/error.o
 .comment       0x00000000       0x3d build/default/production/_ext/1248472724/exception.o
 .comment       0x00000000       0x3d build/default/production/_ext/1248472724/file.o
 .comment       0x00000000       0x3d build/default/production/_ext/1248472724/float.o
 .comment       0x00000000       0x3d build/default/production/_ext/1248472724/function.o
 .comment       0x00000000       0x3d build/default/production/_ext/1248472724/globalvars.o
 .comment       0x00000000       0x3d build/default/production/_ext/1248472724/keyinput.o
 .comment       0x00000000       0x3d build/default/production/_ext/1248472724/library.o
 .comment       0x00000000       0x3d build/default/production/_ext/1248472724/linker.o
 .comment       0x00000000       0x3d build/default/production/_ext/1248472724/main.o
 .comment       0x00000000       0x3d build/default/production/_ext/1248472724/memory.o
 .comment       0x00000000       0x3d build/default/production/_ext/1248472724/music.o
 .comment       0x00000000       0x3d build/default/production/_ext/1248472724/operator.o
 .comment       0x00000000       0x3d build/default/production/_ext/1248472724/run.o
 .comment       0x00000000       0x3d build/default/production/_ext/1248472724/statement.o
 .comment       0x00000000       0x3d build/default/production/_ext/1248472724/string.o
 .comment       0x00000000       0x3d build/default/production/_ext/1248472724/value.o
 .comment       0x00000000       0x3d build/default/production/_ext/618058229/fontx2.o
 .comment       0x0000003c       0x3c source/lib_videoout_machikania.X.a(videoout.o)
                                 0x3d (size before relaxing)
 .comment       0x00000000       0x3d source/lib_videoout_machikania.X.a(textvideolib.o)
 .comment       0x00000000       0x3d source/lib_videoout_machikania.X.a(graphvideolib.o)
 .comment       0x00000000       0x3d source/ps2keyboard.X.a(ps2keyboard.o)
 .comment       0x00000000       0x3d source/libsdfsio.a(FSIO.o)
 .comment       0x00000000       0x3d source/libsdfsio.a(SD-SPI.o)
 .comment       0x00000078       0x3c /opt/microchip/xc32/v1.32/bin/bin/../../lib/gcc/pic32mx/4.5.2/../../../../pic32mx/lib/size/libmchp_peripheral_32MX150F128B.a(soft_reset_lib.o)
                                 0x3d (size before relaxing)
 .comment       0x00000000       0x3d /opt/microchip/xc32/v1.32/bin/bin/../../lib/gcc/pic32mx/4.5.2/../../../../pic32mx/lib/size/libmchp_peripheral_32MX150F128B.a(osc_config_lib.o)
 .comment       0x00000000       0x3d /opt/microchip/xc32/v1.32/bin/bin/../../lib/gcc/pic32mx/4.5.2/../../../../pic32mx/lib/size/libmchp_peripheral_32MX150F128B.a(int_disable_interrupts_lib.o)
 .comment       0x00000000       0x3d /opt/microchip/xc32/v1.32/bin/bin/../../lib/gcc/pic32mx/4.5.2/../../../../pic32mx/lib/size/libmchp_peripheral_32MX150F128B.a(int_restore_interrupts_lib.o)
 .comment       0x00000000       0x3d /opt/microchip/xc32/v1.32/bin/bin/../../lib/gcc/pic32mx/4.5.2/../../../../pic32mx/lib/size/libmchp_peripheral_32MX150F128B.a(int_enable_mv_int_lib.o)
 .comment       0x00000000       0x3d /opt/microchip/xc32/v1.32/bin/bin/../../lib/gcc/pic32mx/4.5.2/../../../../pic32mx/lib/size/libmchp_peripheral_32MX150F128B.a(spi_getc_spi2_lib_legacy.o)
 .comment       0x00000000       0x3d /opt/microchip/xc32/v1.32/bin/bin/../../lib/gcc/pic32mx/4.5.2/../../../../pic32mx/lib/size/libmchp_peripheral_32MX150F128B.a(spi_open_spi2_lib_legacy.o)
 .comment       0x00000000       0x3d /opt/microchip/xc32/v1.32/bin/bin/../../lib/gcc/pic32mx/4.5.2/../../../../pic32mx/lib/size/libmchp_peripheral_32MX150F128B.a(spi_brg_tbl_lib_legacy.o)
 .comment       0x00000000       0x3d /opt/microchip/xc32/v1.32/bin/bin/../../lib/gcc/pic32mx/4.5.2/../../../../pic32mx/lib/size/libmchp_peripheral_32MX150F128B.a(nvm_write_word_lib.o)
 .comment       0x00000000       0x3d /opt/microchip/xc32/v1.32/bin/bin/../../lib/gcc/pic32mx/4.5.2/../../../../pic32mx/lib/size/libmchp_peripheral_32MX150F128B.a(int_enable_interrupts_lib.o)
 .comment       0x00000000       0x3d /opt/microchip/xc32/v1.32/bin/bin/../../lib/gcc/pic32mx/4.5.2/../../../../pic32mx/lib/size/libmchp_peripheral_32MX150F128B.a(nvm_operation_lib.o)
 .comment       0x000000b4       0x18 /opt/microchip/xc32/v1.32/bin/bin/../../lib/gcc/pic32mx/4.5.2/../../../../pic32mx/lib/size/libpic32.a(memset.o)
                                 0x19 (size before relaxing)
 .comment       0x000000cc       0x19 /opt/microchip/xc32/v1.32/bin/bin/../../lib/gcc/pic32mx/4.5.2/../../../../pic32mx/lib/size/libpic32.a(strcpy.o)
                                 0x1a (size before relaxing)
 .comment       0x000000e5       0x19 /opt/microchip/xc32/v1.32/bin/bin/../../lib/gcc/pic32mx/4.5.2/../../../../pic32mx/lib/size/libpic32.a(strlen.o)
                                 0x1a (size before relaxing)
 .comment       0x00000000       0x3d /opt/microchip/xc32/v1.32/bin/bin/../../lib/gcc/pic32mx/4.5.2/../../../../pic32mx/lib/size/libpic32.a(default-bootstrap-exception-handler.o)
 .comment       0x00000000       0x3d /opt/microchip/xc32/v1.32/bin/bin/../../lib/gcc/pic32mx/4.5.2/../../../../pic32mx/lib/size/libpic32.a(default-on-reset.o)
 .comment       0x00000000       0x3d /opt/microchip/xc32/v1.32/bin/bin/../../lib/gcc/pic32mx/4.5.2/../../../../pic32mx/lib/size/libpic32.a(default-on-bootstrap.o)
 .comment       0x00000000       0x3d /opt/microchip/xc32/v1.32/bin/bin/../../lib/gcc/pic32mx/4.5.2/../../../../pic32mx/lib/size/libpic32.a(defaultinterrupt.o)
 .comment       0x00000000       0x3d /opt/microchip/xc32/v1.32/bin/bin/../../lib/gcc/pic32mx/4.5.2/../../../../pic32mx/lib/size/libm.a(w_acosf.o)
 .comment       0x00000000       0x3d /opt/microchip/xc32/v1.32/bin/bin/../../lib/gcc/pic32mx/4.5.2/../../../../pic32mx/lib/size/libm.a(w_asinf.o)
 .comment       0x00000000       0x3d /opt/microchip/xc32/v1.32/bin/bin/../../lib/gcc/pic32mx/4.5.2/../../../../pic32mx/lib/size/libm.a(w_atan2f.o)
 .comment       0x00000000       0x3d /opt/microchip/xc32/v1.32/bin/bin/../../lib/gcc/pic32mx/4.5.2/../../../../pic32mx/lib/size/libm.a(w_coshf.o)
 .comment       0x00000000       0x3d /opt/microchip/xc32/v1.32/bin/bin/../../lib/gcc/pic32mx/4.5.2/../../../../pic32mx/lib/size/libm.a(w_expf.o)
 .comment       0x00000000       0x3d /opt/microchip/xc32/v1.32/bin/bin/../../lib/gcc/pic32mx/4.5.2/../../../../pic32mx/lib/size/libm.a(w_log10f.o)
 .comment       0x00000000       0x3d /opt/microchip/xc32/v1.32/bin/bin/../../lib/gcc/pic32mx/4.5.2/../../../../pic32mx/lib/size/libm.a(w_logf.o)
 .comment       0x00000000       0x3d /opt/microchip/xc32/v1.32/bin/bin/../../lib/gcc/pic32mx/4.5.2/../../../../pic32mx/lib/size/libm.a(w_powf.o)
 .comment       0x00000000       0x3d /opt/microchip/xc32/v1.32/bin/bin/../../lib/gcc/pic32mx/4.5.2/../../../../pic32mx/lib/size/libm.a(w_sinhf.o)
 .comment       0x00000000       0x3d /opt/microchip/xc32/v1.32/bin/bin/../../lib/gcc/pic32mx/4.5.2/../../../../pic32mx/lib/size/libm.a(w_sqrtf.o)
 .comment       0x00000000       0x3d /opt/microchip/xc32/v1.32/bin/bin/../../lib/gcc/pic32mx/4.5.2/../../../../pic32mx/lib/size/libm.a(support.o)
 .comment       0x00000000       0x3d /opt/microchip/xc32/v1.32/bin/bin/../../lib/gcc/pic32mx/4.5.2/../../../../pic32mx/lib/size/libm.a(s_lib_ver.o)
 .comment       0x000000fe       0x4e /opt/microchip/xc32/v1.32/bin/bin/../../lib/gcc/pic32mx/4.5.2/../../../../pic32mx/lib/size/libc.a(ctype.o)
                                 0x8b (size before relaxing)
 .comment       0x0000014c       0x4f /opt/microchip/xc32/v1.32/bin/bin/../../lib/gcc/pic32mx/4.5.2/../../../../pic32mx/lib/size/libc.a(ctypef.o)
                                 0x8c (size before relaxing)
 .comment       0x00000000       0x3d /opt/microchip/xc32/v1.32/bin/bin/../../lib/gcc/pic32mx/4.5.2/../../../../pic32mx/lib/size/libc.a(errno.o)
 .comment       0x00000000       0x3d /opt/microchip/xc32/v1.32/bin/bin/../../lib/gcc/pic32mx/4.5.2/../../../../pic32mx/lib/size/libc.a(strncpy.o)
 .comment       0x00000000       0x3d /opt/microchip/xc32/v1.32/bin/bin/../../lib/gcc/pic32mx/4.5.2/../../../../pic32mx/lib/size/libc.a(strtof.o)
 .comment       0x00000000       0x3d /opt/microchip/xc32/v1.32/bin/bin/../../lib/gcc/pic32mx/4.5.2/../../../../pic32mx/lib/size/libc.a(snprintf.o)
 .comment       0x00000000       0x3d /opt/microchip/xc32/v1.32/bin/bin/../../lib/gcc/pic32mx/4.5.2/../../../../pic32mx/lib/size/libc.a(vsnprintf.o)
 .comment       0x00000000       0x3d /opt/microchip/xc32/v1.32/bin/bin/../../lib/gcc/pic32mx/4.5.2/../../../../pic32mx/lib/size/libc.a(doprnt.o)
 .comment       0x00000000       0x3d /opt/microchip/xc32/v1.32/bin/bin/../../lib/gcc/pic32mx/4.5.2/../../../../pic32mx/lib/size/libc.a(_fputc_simple.o)
 .comment       0x00000000       0x3d /opt/microchip/xc32/v1.32/bin/bin/../../lib/gcc/pic32mx/4.5.2/../../../../pic32mx/lib/size/libc.a(powersf.o)
 .comment       0x00000000       0x3d /opt/microchip/xc32/v1.32/bin/bin/../../lib/gcc/pic32mx/4.5.2/../../../../pic32mx/lib/size/libc.a(_iob.o)
 .comment       0x00000000       0x3d /opt/microchip/xc32/v1.32/bin/bin/../../lib/gcc/pic32mx/4.5.2/../../../../pic32mx/lib/size/libc.a(_flsbuf_simple.o)
 .comment       0x00000000       0x3d /opt/microchip/xc32/v1.32/bin/bin/../../lib/gcc/pic32mx/4.5.2/../../../../pic32mx/lib/size/libpic32.a(write.o)
 .comment       0x00000000       0x3d /opt/microchip/xc32/v1.32/bin/bin/../../lib/gcc/pic32mx/4.5.2/../../../../pic32mx/lib/size/libpic32.a(isinf.o)
 .comment       0x00000000       0x3d /opt/microchip/xc32/v1.32/bin/bin/../../lib/gcc/pic32mx/4.5.2/../../../../pic32mx/lib/size/libpic32.a(_mon_putc.o)
 .comment       0x00000000       0x3d /opt/microchip/xc32/v1.32/bin/bin/../../lib/gcc/pic32mx/4.5.2/../../../../pic32mx/lib/size/libpic32.a(xc32_uart.o)
 .comment       0x0000019b       0x9d /opt/microchip/xc32/v1.32/bin/bin/../../lib/gcc/pic32mx/4.5.2/../../../../pic32mx/lib/size/libm.a(__strtof.o)
                                 0xda (size before relaxing)
 .comment       0x00000238       0x50 /opt/microchip/xc32/v1.32/bin/bin/../../lib/gcc/pic32mx/4.5.2/../../../../pic32mx/lib/size/libe.a(_floatdisf.o)
                                 0xdb (size before relaxing)
 .comment       0x00000000       0x8b /opt/microchip/xc32/v1.32/bin/bin/../../lib/gcc/pic32mx/4.5.2/../../../../pic32mx/lib/size/libe.a(_unorddf2.o)
 .comment       0x00000288       0x50 /opt/microchip/xc32/v1.32/bin/bin/../../lib/gcc/pic32mx/4.5.2/../../../../pic32mx/lib/size/libe.a(_ldexpf.o)
                                 0xdb (size before relaxing)
 .comment       0x00000000       0x3d /opt/microchip/xc32/v1.32/bin/bin/../../lib/gcc/pic32mx/4.5.2/size/libgcc.a(_lshrdi3.o)
 .comment       0x00000000       0x3d /opt/microchip/xc32/v1.32/bin/bin/../../lib/gcc/pic32mx/4.5.2/size/libgcc.a(_floatundisf.o)
 .comment       0x00000000       0x3d /opt/microchip/xc32/v1.32/bin/bin/../../lib/gcc/pic32mx/4.5.2/size/libgcc.a(_udivdi3.o)
 .comment       0x00000000       0x3d /opt/microchip/xc32/v1.32/bin/bin/../../lib/gcc/pic32mx/4.5.2/size/libgcc.a(_umoddi3.o)
 .comment       0x00000000       0x3d /opt/microchip/xc32/v1.32/bin/bin/../../lib/gcc/pic32mx/4.5.2/size/libgcc.a(floatunsisf.o)

.debug
 *(.debug)

.line
 *(.line)

.debug_srcinfo
 *(.debug_srcinfo)

.debug_sfnames
 *(.debug_sfnames)

.debug_aranges  0x00000000      0x9f8
 *(.debug_aranges)
 .debug_aranges
                0x00000000       0x20 build/default/production/_ext/1248472724/compiler.o
 .debug_aranges
                0x00000020       0x20 build/default/production/_ext/1248472724/document.o
 .debug_aranges
                0x00000040       0x20 build/default/production/_ext/1248472724/editor.o
 .debug_aranges
                0x00000060       0x20 build/default/production/_ext/1248472724/error.o
 .debug_aranges
                0x00000080       0x20 build/default/production/_ext/1248472724/exception.o
 .debug_aranges
                0x000000a0       0x20 build/default/production/_ext/1248472724/file.o
 .debug_aranges
                0x000000c0       0x20 build/default/production/_ext/1248472724/float.o
 .debug_aranges
                0x000000e0       0x20 build/default/production/_ext/1248472724/function.o
 .debug_aranges
                0x00000100       0x20 build/default/production/_ext/1248472724/keyinput.o
 .debug_aranges
                0x00000120       0x20 build/default/production/_ext/1248472724/library.o
 .debug_aranges
                0x00000140       0x20 build/default/production/_ext/1248472724/linker.o
 .debug_aranges
                0x00000160       0x20 build/default/production/_ext/1248472724/main.o
 .debug_aranges
                0x00000180       0x20 build/default/production/_ext/1248472724/memory.o
 .debug_aranges
                0x000001a0       0x20 build/default/production/_ext/1248472724/music.o
 .debug_aranges
                0x000001c0       0x20 build/default/production/_ext/1248472724/operator.o
 .debug_aranges
                0x000001e0       0x20 build/default/production/_ext/1248472724/run.o
 .debug_aranges
                0x00000200       0x20 build/default/production/_ext/1248472724/statement.o
 .debug_aranges
                0x00000220       0x20 build/default/production/_ext/1248472724/string.o
 .debug_aranges
                0x00000240       0x20 build/default/production/_ext/1248472724/value.o
 .debug_aranges
                0x00000260       0x20 build/default/production/_ext/618058229/fontx2.o
 .debug_aranges
                0x00000280       0x20 source/lib_videoout_machikania.X.a(videoout.o)
 .debug_aranges
                0x000002a0       0x20 source/lib_videoout_machikania.X.a(textvideolib.o)
 .debug_aranges
                0x000002c0       0x20 source/lib_videoout_machikania.X.a(graphvideolib.o)
 .debug_aranges
                0x000002e0       0x20 source/ps2keyboard.X.a(ps2keyboard.o)
 .debug_aranges
                0x00000300       0x20 source/libsdfsio.a(FSIO.o)
 .debug_aranges
                0x00000320       0x20 source/libsdfsio.a(SD-SPI.o)
 .debug_aranges
                0x00000340       0x20 /opt/microchip/xc32/v1.32/bin/bin/../../lib/gcc/pic32mx/4.5.2/../../../../pic32mx/lib/size/libmchp_peripheral_32MX150F128B.a(soft_reset_lib.o)
 .debug_aranges
                0x00000360       0x20 /opt/microchip/xc32/v1.32/bin/bin/../../lib/gcc/pic32mx/4.5.2/../../../../pic32mx/lib/size/libmchp_peripheral_32MX150F128B.a(osc_config_lib.o)
 .debug_aranges
                0x00000380       0x20 /opt/microchip/xc32/v1.32/bin/bin/../../lib/gcc/pic32mx/4.5.2/../../../../pic32mx/lib/size/libmchp_peripheral_32MX150F128B.a(int_disable_interrupts_lib.o)
 .debug_aranges
                0x000003a0       0x20 /opt/microchip/xc32/v1.32/bin/bin/../../lib/gcc/pic32mx/4.5.2/../../../../pic32mx/lib/size/libmchp_peripheral_32MX150F128B.a(int_restore_interrupts_lib.o)
 .debug_aranges
                0x000003c0       0x20 /opt/microchip/xc32/v1.32/bin/bin/../../lib/gcc/pic32mx/4.5.2/../../../../pic32mx/lib/size/libmchp_peripheral_32MX150F128B.a(int_enable_mv_int_lib.o)
 .debug_aranges
                0x000003e0       0x20 /opt/microchip/xc32/v1.32/bin/bin/../../lib/gcc/pic32mx/4.5.2/../../../../pic32mx/lib/size/libmchp_peripheral_32MX150F128B.a(spi_getc_spi2_lib_legacy.o)
 .debug_aranges
                0x00000400       0x20 /opt/microchip/xc32/v1.32/bin/bin/../../lib/gcc/pic32mx/4.5.2/../../../../pic32mx/lib/size/libmchp_peripheral_32MX150F128B.a(spi_open_spi2_lib_legacy.o)
 .debug_aranges
                0x00000420       0x20 /opt/microchip/xc32/v1.32/bin/bin/../../lib/gcc/pic32mx/4.5.2/../../../../pic32mx/lib/size/libmchp_peripheral_32MX150F128B.a(nvm_write_word_lib.o)
 .debug_aranges
                0x00000440       0x20 /opt/microchip/xc32/v1.32/bin/bin/../../lib/gcc/pic32mx/4.5.2/../../../../pic32mx/lib/size/libmchp_peripheral_32MX150F128B.a(int_enable_interrupts_lib.o)
 .debug_aranges
                0x00000460       0x20 /opt/microchip/xc32/v1.32/bin/bin/../../lib/gcc/pic32mx/4.5.2/../../../../pic32mx/lib/size/libmchp_peripheral_32MX150F128B.a(nvm_operation_lib.o)
 .debug_aranges
                0x00000480       0x20 /opt/microchip/xc32/v1.32/bin/bin/../../lib/gcc/pic32mx/4.5.2/../../../../pic32mx/lib/size/libpic32.a(default-bootstrap-exception-handler.o)
 .debug_aranges
                0x000004a0       0x20 /opt/microchip/xc32/v1.32/bin/bin/../../lib/gcc/pic32mx/4.5.2/../../../../pic32mx/lib/size/libpic32.a(default-on-reset.o)
 .debug_aranges
                0x000004c0       0x20 /opt/microchip/xc32/v1.32/bin/bin/../../lib/gcc/pic32mx/4.5.2/../../../../pic32mx/lib/size/libpic32.a(default-on-bootstrap.o)
 .debug_aranges
                0x000004e0       0x20 /opt/microchip/xc32/v1.32/bin/bin/../../lib/gcc/pic32mx/4.5.2/../../../../pic32mx/lib/size/libpic32.a(defaultinterrupt.o)
 .debug_aranges
                0x00000500       0x20 /opt/microchip/xc32/v1.32/bin/bin/../../lib/gcc/pic32mx/4.5.2/../../../../pic32mx/lib/size/libm.a(w_acosf.o)
 .debug_aranges
                0x00000520       0x20 /opt/microchip/xc32/v1.32/bin/bin/../../lib/gcc/pic32mx/4.5.2/../../../../pic32mx/lib/size/libm.a(w_asinf.o)
 .debug_aranges
                0x00000540       0x20 /opt/microchip/xc32/v1.32/bin/bin/../../lib/gcc/pic32mx/4.5.2/../../../../pic32mx/lib/size/libm.a(w_atan2f.o)
 .debug_aranges
                0x00000560       0x20 /opt/microchip/xc32/v1.32/bin/bin/../../lib/gcc/pic32mx/4.5.2/../../../../pic32mx/lib/size/libm.a(w_coshf.o)
 .debug_aranges
                0x00000580       0x20 /opt/microchip/xc32/v1.32/bin/bin/../../lib/gcc/pic32mx/4.5.2/../../../../pic32mx/lib/size/libm.a(w_expf.o)
 .debug_aranges
                0x000005a0       0x20 /opt/microchip/xc32/v1.32/bin/bin/../../lib/gcc/pic32mx/4.5.2/../../../../pic32mx/lib/size/libm.a(w_log10f.o)
 .debug_aranges
                0x000005c0       0x20 /opt/microchip/xc32/v1.32/bin/bin/../../lib/gcc/pic32mx/4.5.2/../../../../pic32mx/lib/size/libm.a(w_logf.o)
 .debug_aranges
                0x000005e0       0x20 /opt/microchip/xc32/v1.32/bin/bin/../../lib/gcc/pic32mx/4.5.2/../../../../pic32mx/lib/size/libm.a(w_powf.o)
 .debug_aranges
                0x00000600       0x20 /opt/microchip/xc32/v1.32/bin/bin/../../lib/gcc/pic32mx/4.5.2/../../../../pic32mx/lib/size/libm.a(w_sinhf.o)
 .debug_aranges
                0x00000620       0x20 /opt/microchip/xc32/v1.32/bin/bin/../../lib/gcc/pic32mx/4.5.2/../../../../pic32mx/lib/size/libm.a(w_sqrtf.o)
 .debug_aranges
                0x00000640       0x78 /opt/microchip/xc32/v1.32/bin/bin/../../lib/gcc/pic32mx/4.5.2/../../../../pic32mx/lib/size/libm.a(support.o)
 .debug_aranges
                0x000006b8       0xa0 /opt/microchip/xc32/v1.32/bin/bin/../../lib/gcc/pic32mx/4.5.2/../../../../pic32mx/lib/size/libc.a(ctypef.o)
 .debug_aranges
                0x00000758       0x20 /opt/microchip/xc32/v1.32/bin/bin/../../lib/gcc/pic32mx/4.5.2/../../../../pic32mx/lib/size/libc.a(strncpy.o)
 .debug_aranges
                0x00000778       0x28 /opt/microchip/xc32/v1.32/bin/bin/../../lib/gcc/pic32mx/4.5.2/../../../../pic32mx/lib/size/libc.a(strtof.o)
 .debug_aranges
                0x000007a0       0x20 /opt/microchip/xc32/v1.32/bin/bin/../../lib/gcc/pic32mx/4.5.2/../../../../pic32mx/lib/size/libc.a(snprintf.o)
 .debug_aranges
                0x000007c0       0x20 /opt/microchip/xc32/v1.32/bin/bin/../../lib/gcc/pic32mx/4.5.2/../../../../pic32mx/lib/size/libc.a(vsnprintf.o)
 .debug_aranges
                0x000007e0       0x30 /opt/microchip/xc32/v1.32/bin/bin/../../lib/gcc/pic32mx/4.5.2/../../../../pic32mx/lib/size/libc.a(doprnt.o)
 .debug_aranges
                0x00000810       0x20 /opt/microchip/xc32/v1.32/bin/bin/../../lib/gcc/pic32mx/4.5.2/../../../../pic32mx/lib/size/libc.a(_fputc_simple.o)
 .debug_aranges
                0x00000830       0x20 /opt/microchip/xc32/v1.32/bin/bin/../../lib/gcc/pic32mx/4.5.2/../../../../pic32mx/lib/size/libc.a(_flsbuf_simple.o)
 .debug_aranges
                0x00000850       0x20 /opt/microchip/xc32/v1.32/bin/bin/../../lib/gcc/pic32mx/4.5.2/../../../../pic32mx/lib/size/libpic32.a(write.o)
 .debug_aranges
                0x00000870       0x48 /opt/microchip/xc32/v1.32/bin/bin/../../lib/gcc/pic32mx/4.5.2/../../../../pic32mx/lib/size/libpic32.a(isinf.o)
 .debug_aranges
                0x000008b8       0x20 /opt/microchip/xc32/v1.32/bin/bin/../../lib/gcc/pic32mx/4.5.2/../../../../pic32mx/lib/size/libpic32.a(_mon_putc.o)
 .debug_aranges
                0x000008d8       0x20 /opt/microchip/xc32/v1.32/bin/bin/../../lib/gcc/pic32mx/4.5.2/../../../../pic32mx/lib/size/libm.a(__strtof.o)
 .debug_aranges
                0x000008f8       0x20 /opt/microchip/xc32/v1.32/bin/bin/../../lib/gcc/pic32mx/4.5.2/../../../../pic32mx/lib/size/libe.a(_floatdisf.o)
 .debug_aranges
                0x00000918       0x20 /opt/microchip/xc32/v1.32/bin/bin/../../lib/gcc/pic32mx/4.5.2/../../../../pic32mx/lib/size/libe.a(_unorddf2.o)
 .debug_aranges
                0x00000938       0x20 /opt/microchip/xc32/v1.32/bin/bin/../../lib/gcc/pic32mx/4.5.2/../../../../pic32mx/lib/size/libe.a(_ldexpf.o)
 .debug_aranges
                0x00000958       0x20 /opt/microchip/xc32/v1.32/bin/bin/../../lib/gcc/pic32mx/4.5.2/size/libgcc.a(_lshrdi3.o)
 .debug_aranges
                0x00000978       0x20 /opt/microchip/xc32/v1.32/bin/bin/../../lib/gcc/pic32mx/4.5.2/size/libgcc.a(_floatundisf.o)
 .debug_aranges
                0x00000998       0x20 /opt/microchip/xc32/v1.32/bin/bin/../../lib/gcc/pic32mx/4.5.2/size/libgcc.a(_udivdi3.o)
 .debug_aranges
                0x000009b8       0x20 /opt/microchip/xc32/v1.32/bin/bin/../../lib/gcc/pic32mx/4.5.2/size/libgcc.a(_umoddi3.o)
 .debug_aranges
                0x000009d8       0x20 /opt/microchip/xc32/v1.32/bin/bin/../../lib/gcc/pic32mx/4.5.2/size/libgcc.a(floatunsisf.o)

.debug_pubnames
                0x00000000     0x2e12
 *(.debug_pubnames)
 .debug_pubnames
                0x00000000       0x74 build/default/production/_ext/1248472724/compiler.o
 .debug_pubnames
                0x00000074       0x58 build/default/production/_ext/1248472724/document.o
 .debug_pubnames
                0x000000cc      0x59d build/default/production/_ext/1248472724/editor.o
 .debug_pubnames
                0x00000669       0xf6 build/default/production/_ext/1248472724/error.o
 .debug_pubnames
                0x0000075f       0x50 build/default/production/_ext/1248472724/exception.o
 .debug_pubnames
                0x000007af       0x4e build/default/production/_ext/1248472724/file.o
 .debug_pubnames
                0x000007fd       0x47 build/default/production/_ext/1248472724/float.o
 .debug_pubnames
                0x00000844      0x298 build/default/production/_ext/1248472724/function.o
 .debug_pubnames
                0x00000adc      0x1c4 build/default/production/_ext/1248472724/globalvars.o
 .debug_pubnames
                0x00000ca0       0xdb build/default/production/_ext/1248472724/keyinput.o
 .debug_pubnames
                0x00000d7b      0x20f build/default/production/_ext/1248472724/library.o
 .debug_pubnames
                0x00000f8a       0x6b build/default/production/_ext/1248472724/linker.o
 .debug_pubnames
                0x00000ff5       0x89 build/default/production/_ext/1248472724/main.o
 .debug_pubnames
                0x0000107e       0xa0 build/default/production/_ext/1248472724/memory.o
 .debug_pubnames
                0x0000111e       0xa6 build/default/production/_ext/1248472724/music.o
 .debug_pubnames
                0x000011c4       0x8a build/default/production/_ext/1248472724/operator.o
 .debug_pubnames
                0x0000124e       0x2c build/default/production/_ext/1248472724/run.o
 .debug_pubnames
                0x0000127a      0x404 build/default/production/_ext/1248472724/statement.o
 .debug_pubnames
                0x0000167e       0x46 build/default/production/_ext/1248472724/string.o
 .debug_pubnames
                0x000016c4       0x89 build/default/production/_ext/1248472724/value.o
 .debug_pubnames
                0x0000174d       0xf0 build/default/production/_ext/618058229/fontx2.o
 .debug_pubnames
                0x0000183d      0x19a source/lib_videoout_machikania.X.a(videoout.o)
 .debug_pubnames
                0x000019d7       0xe2 source/lib_videoout_machikania.X.a(textvideolib.o)
 .debug_pubnames
                0x00001ab9       0xc7 source/lib_videoout_machikania.X.a(graphvideolib.o)
 .debug_pubnames
                0x00001b80      0x36c source/ps2keyboard.X.a(ps2keyboard.o)
 .debug_pubnames
                0x00001eec      0x5ea source/libsdfsio.a(FSIO.o)
 .debug_pubnames
                0x000024d6      0x1fc source/libsdfsio.a(SD-SPI.o)
 .debug_pubnames
                0x000026d2       0x20 /opt/microchip/xc32/v1.32/bin/bin/../../lib/gcc/pic32mx/4.5.2/../../../../pic32mx/lib/size/libmchp_peripheral_32MX150F128B.a(soft_reset_lib.o)
 .debug_pubnames
                0x000026f2       0x20 /opt/microchip/xc32/v1.32/bin/bin/../../lib/gcc/pic32mx/4.5.2/../../../../pic32mx/lib/size/libmchp_peripheral_32MX150F128B.a(osc_config_lib.o)
 .debug_pubnames
                0x00002712       0x2b /opt/microchip/xc32/v1.32/bin/bin/../../lib/gcc/pic32mx/4.5.2/../../../../pic32mx/lib/size/libmchp_peripheral_32MX150F128B.a(int_disable_interrupts_lib.o)
 .debug_pubnames
                0x0000273d       0x2b /opt/microchip/xc32/v1.32/bin/bin/../../lib/gcc/pic32mx/4.5.2/../../../../pic32mx/lib/size/libmchp_peripheral_32MX150F128B.a(int_restore_interrupts_lib.o)
 .debug_pubnames
                0x00002768       0x36 /opt/microchip/xc32/v1.32/bin/bin/../../lib/gcc/pic32mx/4.5.2/../../../../pic32mx/lib/size/libmchp_peripheral_32MX150F128B.a(int_enable_mv_int_lib.o)
 .debug_pubnames
                0x0000279e       0x1f /opt/microchip/xc32/v1.32/bin/bin/../../lib/gcc/pic32mx/4.5.2/../../../../pic32mx/lib/size/libmchp_peripheral_32MX150F128B.a(spi_getc_spi2_lib_legacy.o)
 .debug_pubnames
                0x000027bd       0x1f /opt/microchip/xc32/v1.32/bin/bin/../../lib/gcc/pic32mx/4.5.2/../../../../pic32mx/lib/size/libmchp_peripheral_32MX150F128B.a(spi_open_spi2_lib_legacy.o)
 .debug_pubnames
                0x000027dc       0x23 /opt/microchip/xc32/v1.32/bin/bin/../../lib/gcc/pic32mx/4.5.2/../../../../pic32mx/lib/size/libmchp_peripheral_32MX150F128B.a(nvm_write_word_lib.o)
 .debug_pubnames
                0x000027ff       0x2a /opt/microchip/xc32/v1.32/bin/bin/../../lib/gcc/pic32mx/4.5.2/../../../../pic32mx/lib/size/libmchp_peripheral_32MX150F128B.a(int_enable_interrupts_lib.o)
 .debug_pubnames
                0x00002829       0x24 /opt/microchip/xc32/v1.32/bin/bin/../../lib/gcc/pic32mx/4.5.2/../../../../pic32mx/lib/size/libmchp_peripheral_32MX150F128B.a(nvm_operation_lib.o)
 .debug_pubnames
                0x0000284d       0x33 /opt/microchip/xc32/v1.32/bin/bin/../../lib/gcc/pic32mx/4.5.2/../../../../pic32mx/lib/size/libpic32.a(default-bootstrap-exception-handler.o)
 .debug_pubnames
                0x00002880       0x20 /opt/microchip/xc32/v1.32/bin/bin/../../lib/gcc/pic32mx/4.5.2/../../../../pic32mx/lib/size/libpic32.a(default-on-reset.o)
 .debug_pubnames
                0x000028a0       0x24 /opt/microchip/xc32/v1.32/bin/bin/../../lib/gcc/pic32mx/4.5.2/../../../../pic32mx/lib/size/libpic32.a(default-on-bootstrap.o)
 .debug_pubnames
                0x000028c4       0x28 /opt/microchip/xc32/v1.32/bin/bin/../../lib/gcc/pic32mx/4.5.2/../../../../pic32mx/lib/size/libpic32.a(defaultinterrupt.o)
 .debug_pubnames
                0x000028ec       0x1c /opt/microchip/xc32/v1.32/bin/bin/../../lib/gcc/pic32mx/4.5.2/../../../../pic32mx/lib/size/libm.a(w_acosf.o)
 .debug_pubnames
                0x00002908       0x1c /opt/microchip/xc32/v1.32/bin/bin/../../lib/gcc/pic32mx/4.5.2/../../../../pic32mx/lib/size/libm.a(w_asinf.o)
 .debug_pubnames
                0x00002924       0x1d /opt/microchip/xc32/v1.32/bin/bin/../../lib/gcc/pic32mx/4.5.2/../../../../pic32mx/lib/size/libm.a(w_atan2f.o)
 .debug_pubnames
                0x00002941       0x1c /opt/microchip/xc32/v1.32/bin/bin/../../lib/gcc/pic32mx/4.5.2/../../../../pic32mx/lib/size/libm.a(w_coshf.o)
 .debug_pubnames
                0x0000295d       0x1b /opt/microchip/xc32/v1.32/bin/bin/../../lib/gcc/pic32mx/4.5.2/../../../../pic32mx/lib/size/libm.a(w_expf.o)
 .debug_pubnames
                0x00002978       0x1d /opt/microchip/xc32/v1.32/bin/bin/../../lib/gcc/pic32mx/4.5.2/../../../../pic32mx/lib/size/libm.a(w_log10f.o)
 .debug_pubnames
                0x00002995       0x1b /opt/microchip/xc32/v1.32/bin/bin/../../lib/gcc/pic32mx/4.5.2/../../../../pic32mx/lib/size/libm.a(w_logf.o)
 .debug_pubnames
                0x000029b0       0x1b /opt/microchip/xc32/v1.32/bin/bin/../../lib/gcc/pic32mx/4.5.2/../../../../pic32mx/lib/size/libm.a(w_powf.o)
 .debug_pubnames
                0x000029cb       0x1c /opt/microchip/xc32/v1.32/bin/bin/../../lib/gcc/pic32mx/4.5.2/../../../../pic32mx/lib/size/libm.a(w_sinhf.o)
 .debug_pubnames
                0x000029e7       0x1c /opt/microchip/xc32/v1.32/bin/bin/../../lib/gcc/pic32mx/4.5.2/../../../../pic32mx/lib/size/libm.a(w_sqrtf.o)
 .debug_pubnames
                0x00002a03       0x98 /opt/microchip/xc32/v1.32/bin/bin/../../lib/gcc/pic32mx/4.5.2/../../../../pic32mx/lib/size/libm.a(support.o)
 .debug_pubnames
                0x00002a9b       0xe1 /opt/microchip/xc32/v1.32/bin/bin/../../lib/gcc/pic32mx/4.5.2/../../../../pic32mx/lib/size/libc.a(ctypef.o)
 .debug_pubnames
                0x00002b7c       0x1e /opt/microchip/xc32/v1.32/bin/bin/../../lib/gcc/pic32mx/4.5.2/../../../../pic32mx/lib/size/libc.a(strncpy.o)
 .debug_pubnames
                0x00002b9a       0x29 /opt/microchip/xc32/v1.32/bin/bin/../../lib/gcc/pic32mx/4.5.2/../../../../pic32mx/lib/size/libc.a(strtof.o)
 .debug_pubnames
                0x00002bc3       0x1f /opt/microchip/xc32/v1.32/bin/bin/../../lib/gcc/pic32mx/4.5.2/../../../../pic32mx/lib/size/libc.a(snprintf.o)
 .debug_pubnames
                0x00002be2       0x20 /opt/microchip/xc32/v1.32/bin/bin/../../lib/gcc/pic32mx/4.5.2/../../../../pic32mx/lib/size/libc.a(vsnprintf.o)
 .debug_pubnames
                0x00002c02       0x1f /opt/microchip/xc32/v1.32/bin/bin/../../lib/gcc/pic32mx/4.5.2/../../../../pic32mx/lib/size/libc.a(doprnt.o)
 .debug_pubnames
                0x00002c21       0x1c /opt/microchip/xc32/v1.32/bin/bin/../../lib/gcc/pic32mx/4.5.2/../../../../pic32mx/lib/size/libc.a(_fputc_simple.o)
 .debug_pubnames
                0x00002c3d       0x1e /opt/microchip/xc32/v1.32/bin/bin/../../lib/gcc/pic32mx/4.5.2/../../../../pic32mx/lib/size/libc.a(_flsbuf_simple.o)
 .debug_pubnames
                0x00002c5b       0x1c /opt/microchip/xc32/v1.32/bin/bin/../../lib/gcc/pic32mx/4.5.2/../../../../pic32mx/lib/size/libpic32.a(write.o)
 .debug_pubnames
                0x00002c77       0x52 /opt/microchip/xc32/v1.32/bin/bin/../../lib/gcc/pic32mx/4.5.2/../../../../pic32mx/lib/size/libpic32.a(isinf.o)
 .debug_pubnames
                0x00002cc9       0x20 /opt/microchip/xc32/v1.32/bin/bin/../../lib/gcc/pic32mx/4.5.2/../../../../pic32mx/lib/size/libpic32.a(_mon_putc.o)
 .debug_pubnames
                0x00002ce9       0x1f /opt/microchip/xc32/v1.32/bin/bin/../../lib/gcc/pic32mx/4.5.2/../../../../pic32mx/lib/size/libm.a(__strtof.o)
 .debug_pubnames
                0x00002d08       0x22 /opt/microchip/xc32/v1.32/bin/bin/../../lib/gcc/pic32mx/4.5.2/../../../../pic32mx/lib/size/libe.a(_floatdisf.o)
 .debug_pubnames
                0x00002d2a       0x21 /opt/microchip/xc32/v1.32/bin/bin/../../lib/gcc/pic32mx/4.5.2/../../../../pic32mx/lib/size/libe.a(_unorddf2.o)
 .debug_pubnames
                0x00002d4b       0x1f /opt/microchip/xc32/v1.32/bin/bin/../../lib/gcc/pic32mx/4.5.2/../../../../pic32mx/lib/size/libe.a(_ldexpf.o)
 .debug_pubnames
                0x00002d6a       0x20 /opt/microchip/xc32/v1.32/bin/bin/../../lib/gcc/pic32mx/4.5.2/size/libgcc.a(_lshrdi3.o)
 .debug_pubnames
                0x00002d8a       0x24 /opt/microchip/xc32/v1.32/bin/bin/../../lib/gcc/pic32mx/4.5.2/size/libgcc.a(_floatundisf.o)
 .debug_pubnames
                0x00002dae       0x20 /opt/microchip/xc32/v1.32/bin/bin/../../lib/gcc/pic32mx/4.5.2/size/libgcc.a(_udivdi3.o)
 .debug_pubnames
                0x00002dce       0x20 /opt/microchip/xc32/v1.32/bin/bin/../../lib/gcc/pic32mx/4.5.2/size/libgcc.a(_umoddi3.o)
 .debug_pubnames
                0x00002dee       0x24 /opt/microchip/xc32/v1.32/bin/bin/../../lib/gcc/pic32mx/4.5.2/size/libgcc.a(floatunsisf.o)

.debug_info     0x00000000    0x1a748
 *(.debug_info .gnu.linkonce.wi.*)
 .debug_info    0x00000000      0x3ba build/default/production/_ext/1248472724/compiler.o
 .debug_info    0x000003ba        0x0 build/default/production/_ext/1248472724/debug.o
 .debug_info    0x000003ba      0x582 build/default/production/_ext/1248472724/document.o
 .debug_info    0x0000093c     0x21c8 build/default/production/_ext/1248472724/editor.o
 .debug_info    0x00002b04      0x44c build/default/production/_ext/1248472724/error.o
 .debug_info    0x00002f50      0x373 build/default/production/_ext/1248472724/exception.o
 .debug_info    0x000032c3      0x58b build/default/production/_ext/1248472724/file.o
 .debug_info    0x0000384e      0x733 build/default/production/_ext/1248472724/float.o
 .debug_info    0x00003f81      0xd90 build/default/production/_ext/1248472724/function.o
 .debug_info    0x00004d11      0x458 build/default/production/_ext/1248472724/globalvars.o
 .debug_info    0x00005169      0x39f build/default/production/_ext/1248472724/keyinput.o
 .debug_info    0x00005508     0x15e8 build/default/production/_ext/1248472724/library.o
 .debug_info    0x00006af0      0x6b4 build/default/production/_ext/1248472724/linker.o
 .debug_info    0x000071a4      0x86b build/default/production/_ext/1248472724/main.o
 .debug_info    0x00007a0f      0x3d3 build/default/production/_ext/1248472724/memory.o
 .debug_info    0x00007de2      0xdf6 build/default/production/_ext/1248472724/music.o